ARM GAS  C:\Users\angio\AppData\Local\Temp\ccjq15ni.s 			page 1


   1              		.cpu cortex-m4
   2              		.arch armv7e-m
   3              		.fpu softvfp
   4              		.eabi_attribute 20, 1
   5              		.eabi_attribute 21, 1
   6              		.eabi_attribute 23, 3
   7              		.eabi_attribute 24, 1
   8              		.eabi_attribute 25, 1
   9              		.eabi_attribute 26, 1
  10              		.eabi_attribute 30, 6
  11              		.eabi_attribute 34, 1
  12              		.eabi_attribute 18, 4
  13              		.file	"gfx.c"
  14              		.file 1 "c:\\chibistudio\\tools\\gnu tools arm embedded\\10.3 2021.10\\arm-none-eabi\\include\\mac
  15              		.file 2 "c:\\chibistudio\\tools\\gnu tools arm embedded\\10.3 2021.10\\arm-none-eabi\\include\\std
  16              		.file 3 "../../ugfx/src/../src/gfx_types.h"
  17              		.file 4 "../../ugfx/src/gfx.c"
  18              		.section	.gnu.debuglto_.debug_info,"e",%progbits
  19              	.Ldebug_info0:
  20              		.hidden	gfx.c.114f2856
  21              		.weak	gfx.c.114f2856
  22              	gfx.c.114f2856:
  23 0000 C1000000 		.4byte	0xc1
  24 0004 0400     		.2byte	0x4
  25 0006 00000000 		.4byte	.Ldebug_abbrev0
  26 000a 04       		.byte	0x4
  27 000b 01       		.uleb128 0x1
  28 000c 44000000 		.4byte	.LASF17
  29 0010 0C       		.byte	0xc
  30 0011 41010000 		.4byte	.LASF18
  31 0015 A9010000 		.4byte	.LASF19
  32 0019 00000000 		.4byte	.Ldebug_line0
  33 001d 02       		.uleb128 0x2
  34 001e 04       		.byte	0x4
  35 001f 05       		.byte	0x5
  36 0020 696E7400 		.ascii	"int\000"
  37 0024 03       		.uleb128 0x3
  38 0025 04       		.byte	0x4
  39 0026 07       		.byte	0x7
  40 0027 0E000000 		.4byte	.LASF0
  41 002b 03       		.uleb128 0x3
  42 002c 08       		.byte	0x8
  43 002d 05       		.byte	0x5
  44 002e 00000000 		.4byte	.LASF1
  45 0032 03       		.uleb128 0x3
  46 0033 08       		.byte	0x8
  47 0034 04       		.byte	0x4
  48 0035 9D010000 		.4byte	.LASF2
  49 0039 03       		.uleb128 0x3
  50 003a 01       		.byte	0x1
  51 003b 06       		.byte	0x6
  52 003c DF010000 		.4byte	.LASF3
  53 0040 03       		.uleb128 0x3
  54 0041 01       		.byte	0x1
  55 0042 08       		.byte	0x8
  56 0043 15010000 		.4byte	.LASF4
  57 0047 03       		.uleb128 0x3
ARM GAS  C:\Users\angio\AppData\Local\Temp\ccjq15ni.s 			page 2


  58 0048 02       		.byte	0x2
  59 0049 05       		.byte	0x5
  60 004a 31010000 		.4byte	.LASF5
  61 004e 03       		.uleb128 0x3
  62 004f 02       		.byte	0x2
  63 0050 07       		.byte	0x7
  64 0051 69010000 		.4byte	.LASF6
  65 0055 03       		.uleb128 0x3
  66 0056 04       		.byte	0x4
  67 0057 05       		.byte	0x5
  68 0058 28010000 		.4byte	.LASF7
  69 005c 03       		.uleb128 0x3
  70 005d 04       		.byte	0x4
  71 005e 07       		.byte	0x7
  72 005f 1B000000 		.4byte	.LASF8
  73 0063 03       		.uleb128 0x3
  74 0064 08       		.byte	0x8
  75 0065 07       		.byte	0x7
  76 0066 2D000000 		.4byte	.LASF9
  77 006a 04       		.uleb128 0x4
  78 006b 8E010000 		.4byte	.LASF10
  79 006f 01       		.byte	0x1
  80 0070 86       		.byte	0x86
  81 0071 1D       		.byte	0x1d
  82 0072 39000000 		.4byte	0x39
  83 0076 04       		.uleb128 0x4
  84 0077 5C010000 		.4byte	.LASF11
  85 007b 02       		.byte	0x2
  86 007c 15       		.byte	0x15
  87 007d 18       		.byte	0x18
  88 007e 6A000000 		.4byte	0x6a
  89 0082 05       		.uleb128 0x5
  90 0083 67493800 		.ascii	"gI8\000"
  91 0087 03       		.byte	0x3
  92 0088 17       		.byte	0x17
  93 0089 19       		.byte	0x19
  94 008a 76000000 		.4byte	0x76
  95 008e 04       		.uleb128 0x4
  96 008f 3B010000 		.4byte	.LASF12
  97 0093 03       		.byte	0x3
  98 0094 9E       		.byte	0x9e
  99 0095 11       		.byte	0x11
 100 0096 82000000 		.4byte	0x82
 101 009a 03       		.uleb128 0x3
 102 009b 01       		.byte	0x1
 103 009c 08       		.byte	0x8
 104 009d 23010000 		.4byte	.LASF13
 105 00a1 03       		.uleb128 0x3
 106 00a2 01       		.byte	0x1
 107 00a3 02       		.byte	0x2
 108 00a4 56010000 		.4byte	.LASF14
 109 00a8 06       		.uleb128 0x6
 110 00a9 09010000 		.4byte	.LASF20
 111 00ad 04       		.byte	0x4
 112 00ae 12       		.byte	0x12
 113 00af 0E       		.byte	0xe
 114 00b0 8E000000 		.4byte	0x8e
ARM GAS  C:\Users\angio\AppData\Local\Temp\ccjq15ni.s 			page 3


 115 00b4 07       		.uleb128 0x7
 116 00b5 84010000 		.4byte	.LASF15
 117 00b9 04       		.byte	0x4
 118 00ba 8C       		.byte	0x8c
 119 00bb 06       		.byte	0x6
 120 00bc 07       		.uleb128 0x7
 121 00bd 7C010000 		.4byte	.LASF16
 122 00c1 04       		.byte	0x4
 123 00c2 52       		.byte	0x52
 124 00c3 06       		.byte	0x6
 125 00c4 00       		.byte	0
 126              		.section	.gnu.debuglto_.debug_abbrev,"e",%progbits
 127              	.Ldebug_abbrev0:
 128 0000 01       		.uleb128 0x1
 129 0001 11       		.uleb128 0x11
 130 0002 01       		.byte	0x1
 131 0003 25       		.uleb128 0x25
 132 0004 0E       		.uleb128 0xe
 133 0005 13       		.uleb128 0x13
 134 0006 0B       		.uleb128 0xb
 135 0007 03       		.uleb128 0x3
 136 0008 0E       		.uleb128 0xe
 137 0009 1B       		.uleb128 0x1b
 138 000a 0E       		.uleb128 0xe
 139 000b 10       		.uleb128 0x10
 140 000c 17       		.uleb128 0x17
 141 000d 00       		.byte	0
 142 000e 00       		.byte	0
 143 000f 02       		.uleb128 0x2
 144 0010 24       		.uleb128 0x24
 145 0011 00       		.byte	0
 146 0012 0B       		.uleb128 0xb
 147 0013 0B       		.uleb128 0xb
 148 0014 3E       		.uleb128 0x3e
 149 0015 0B       		.uleb128 0xb
 150 0016 03       		.uleb128 0x3
 151 0017 08       		.uleb128 0x8
 152 0018 00       		.byte	0
 153 0019 00       		.byte	0
 154 001a 03       		.uleb128 0x3
 155 001b 24       		.uleb128 0x24
 156 001c 00       		.byte	0
 157 001d 0B       		.uleb128 0xb
 158 001e 0B       		.uleb128 0xb
 159 001f 3E       		.uleb128 0x3e
 160 0020 0B       		.uleb128 0xb
 161 0021 03       		.uleb128 0x3
 162 0022 0E       		.uleb128 0xe
 163 0023 00       		.byte	0
 164 0024 00       		.byte	0
 165 0025 04       		.uleb128 0x4
 166 0026 16       		.uleb128 0x16
 167 0027 00       		.byte	0
 168 0028 03       		.uleb128 0x3
 169 0029 0E       		.uleb128 0xe
 170 002a 3A       		.uleb128 0x3a
 171 002b 0B       		.uleb128 0xb
ARM GAS  C:\Users\angio\AppData\Local\Temp\ccjq15ni.s 			page 4


 172 002c 3B       		.uleb128 0x3b
 173 002d 0B       		.uleb128 0xb
 174 002e 39       		.uleb128 0x39
 175 002f 0B       		.uleb128 0xb
 176 0030 49       		.uleb128 0x49
 177 0031 13       		.uleb128 0x13
 178 0032 00       		.byte	0
 179 0033 00       		.byte	0
 180 0034 05       		.uleb128 0x5
 181 0035 16       		.uleb128 0x16
 182 0036 00       		.byte	0
 183 0037 03       		.uleb128 0x3
 184 0038 08       		.uleb128 0x8
 185 0039 3A       		.uleb128 0x3a
 186 003a 0B       		.uleb128 0xb
 187 003b 3B       		.uleb128 0x3b
 188 003c 0B       		.uleb128 0xb
 189 003d 39       		.uleb128 0x39
 190 003e 0B       		.uleb128 0xb
 191 003f 49       		.uleb128 0x49
 192 0040 13       		.uleb128 0x13
 193 0041 00       		.byte	0
 194 0042 00       		.byte	0
 195 0043 06       		.uleb128 0x6
 196 0044 34       		.uleb128 0x34
 197 0045 00       		.byte	0
 198 0046 03       		.uleb128 0x3
 199 0047 0E       		.uleb128 0xe
 200 0048 3A       		.uleb128 0x3a
 201 0049 0B       		.uleb128 0xb
 202 004a 3B       		.uleb128 0x3b
 203 004b 0B       		.uleb128 0xb
 204 004c 39       		.uleb128 0x39
 205 004d 0B       		.uleb128 0xb
 206 004e 49       		.uleb128 0x49
 207 004f 13       		.uleb128 0x13
 208 0050 00       		.byte	0
 209 0051 00       		.byte	0
 210 0052 07       		.uleb128 0x7
 211 0053 2E       		.uleb128 0x2e
 212 0054 00       		.byte	0
 213 0055 3F       		.uleb128 0x3f
 214 0056 19       		.uleb128 0x19
 215 0057 03       		.uleb128 0x3
 216 0058 0E       		.uleb128 0xe
 217 0059 3A       		.uleb128 0x3a
 218 005a 0B       		.uleb128 0xb
 219 005b 3B       		.uleb128 0x3b
 220 005c 0B       		.uleb128 0xb
 221 005d 39       		.uleb128 0x39
 222 005e 0B       		.uleb128 0xb
 223 005f 27       		.uleb128 0x27
 224 0060 19       		.uleb128 0x19
 225 0061 00       		.byte	0
 226 0062 00       		.byte	0
 227 0063 00       		.byte	0
 228              		.section	.gnu.debuglto_.debug_line,"e",%progbits
ARM GAS  C:\Users\angio\AppData\Local\Temp\ccjq15ni.s 			page 5


 229              	.Ldebug_line0:
 230 0000 1D010000 		.4byte	.LELT0-.LSLT0
 231              	.LSLT0:
 232 0004 0400     		.2byte	0x4
 233 0006 17010000 		.4byte	.LELTP0-.LASLTP0
 234              	.LASLTP0:
 235 000a 01       		.byte	0x1
 236 000b 01       		.byte	0x1
 237 000c 01       		.byte	0x1
 238 000d F6       		.byte	0xf6
 239 000e F2       		.byte	0xf2
 240 000f 0D       		.byte	0xd
 241 0010 00       		.byte	0
 242 0011 01       		.byte	0x1
 243 0012 01       		.byte	0x1
 244 0013 01       		.byte	0x1
 245 0014 01       		.byte	0x1
 246 0015 00       		.byte	0
 247 0016 00       		.byte	0
 248 0017 00       		.byte	0
 249 0018 01       		.byte	0x1
 250 0019 00       		.byte	0
 251 001a 00       		.byte	0
 252 001b 01       		.byte	0x1
 253 001c 2E2E2F2E 		.ascii	"../../ugfx/src/../src"
 253      2E2F7567 
 253      66782F73 
 253      72632F2E 
 253      2E2F7372 
 254 0031 00       		.byte	0
 255 0032 2E2E2F2E 		.ascii	"../../ugfx/src"
 255      2E2F7567 
 255      66782F73 
 255      7263
 256 0040 00       		.byte	0
 257 0041 633A5C63 		.ascii	"c:\\chibistudio\\tools\\gnu tools arm embedded\\10."
 257      68696269 
 257      73747564 
 257      696F5C74 
 257      6F6F6C73 
 258 0070 33203230 		.ascii	"3 2021.10\\arm-none-eabi\\include\\machine"
 258      32312E31 
 258      305C6172 
 258      6D2D6E6F 
 258      6E652D65 
 259 0097 00       		.byte	0
 260 0098 633A5C63 		.ascii	"c:\\chibistudio\\tools\\gnu tools arm embedded\\10."
 260      68696269 
 260      73747564 
 260      696F5C74 
 260      6F6F6C73 
 261 00c7 33203230 		.ascii	"3 2021.10\\arm-none-eabi\\include"
 261      32312E31 
 261      305C6172 
 261      6D2D6E6F 
 261      6E652D65 
 262 00e6 00       		.byte	0
ARM GAS  C:\Users\angio\AppData\Local\Temp\ccjq15ni.s 			page 6


 263 00e7 00       		.byte	0
 264 00e8 5F646566 		.ascii	"_default_types.h\000"
 264      61756C74 
 264      5F747970 
 264      65732E68 
 264      00
 265 00f9 03       		.uleb128 0x3
 266 00fa 00       		.uleb128 0
 267 00fb 00       		.uleb128 0
 268 00fc 73746469 		.ascii	"stdint.h\000"
 268      6E742E68 
 268      00
 269 0105 04       		.uleb128 0x4
 270 0106 00       		.uleb128 0
 271 0107 00       		.uleb128 0
 272 0108 6766785F 		.ascii	"gfx_types.h\000"
 272      74797065 
 272      732E6800 
 273 0114 01       		.uleb128 0x1
 274 0115 00       		.uleb128 0
 275 0116 00       		.uleb128 0
 276 0117 6766782E 		.ascii	"gfx.c\000"
 276      6300
 277 011d 02       		.uleb128 0x2
 278 011e 00       		.uleb128 0
 279 011f 00       		.uleb128 0
 280 0120 00       		.byte	0
 281              	.LELTP0:
 282              	.LELT0:
 283              		.section	.gnu.debuglto_.debug_str,"eMS",%progbits,1
 284              	.LASF1:
 285 0000 6C6F6E67 		.ascii	"long long int\000"
 285      206C6F6E 
 285      6720696E 
 285      7400
 286              	.LASF0:
 287 000e 756E7369 		.ascii	"unsigned int\000"
 287      676E6564 
 287      20696E74 
 287      00
 288              	.LASF8:
 289 001b 6C6F6E67 		.ascii	"long unsigned int\000"
 289      20756E73 
 289      69676E65 
 289      6420696E 
 289      7400
 290              	.LASF9:
 291 002d 6C6F6E67 		.ascii	"long long unsigned int\000"
 291      206C6F6E 
 291      6720756E 
 291      7369676E 
 291      65642069 
 292              	.LASF17:
 293 0044 474E5520 		.ascii	"GNU C17 10.3.1 20210824 (release) -mcpu=cortex-m4 -"
 293      43313720 
 293      31302E33 
 293      2E312032 
ARM GAS  C:\Users\angio\AppData\Local\Temp\ccjq15ni.s 			page 7


 293      30323130 
 294 0077 6D746875 		.ascii	"mthumb -mfloat-abi=soft -march=armv7e-m -ggdb -O0 -"
 294      6D62202D 
 294      6D666C6F 
 294      61742D61 
 294      62693D73 
 295 00aa 666F6D69 		.ascii	"fomit-frame-pointer -falign-functions=16 -ffunction"
 295      742D6672 
 295      616D652D 
 295      706F696E 
 295      74657220 
 296 00dd 2D736563 		.ascii	"-sections -fdata-sections -fno-common -flto\000"
 296      74696F6E 
 296      73202D66 
 296      64617461 
 296      2D736563 
 297              	.LASF20:
 298 0109 67667849 		.ascii	"gfxInitDone\000"
 298      6E697444 
 298      6F6E6500 
 299              	.LASF4:
 300 0115 756E7369 		.ascii	"unsigned char\000"
 300      676E6564 
 300      20636861 
 300      7200
 301              	.LASF13:
 302 0123 63686172 		.ascii	"char\000"
 302      00
 303              	.LASF7:
 304 0128 6C6F6E67 		.ascii	"long int\000"
 304      20696E74 
 304      00
 305              	.LASF5:
 306 0131 73686F72 		.ascii	"short int\000"
 306      7420696E 
 306      7400
 307              	.LASF12:
 308 013b 67426F6F 		.ascii	"gBool\000"
 308      6C00
 309              	.LASF18:
 310 0141 2E2E2F2E 		.ascii	"../../ugfx/src/gfx.c\000"
 310      2E2F7567 
 310      66782F73 
 310      72632F67 
 310      66782E63 
 311              	.LASF14:
 312 0156 5F426F6F 		.ascii	"_Bool\000"
 312      6C00
 313              	.LASF11:
 314 015c 696E745F 		.ascii	"int_least8_t\000"
 314      6C656173 
 314      74385F74 
 314      00
 315              	.LASF6:
 316 0169 73686F72 		.ascii	"short unsigned int\000"
 316      7420756E 
 316      7369676E 
ARM GAS  C:\Users\angio\AppData\Local\Temp\ccjq15ni.s 			page 8


 316      65642069 
 316      6E7400
 317              	.LASF16:
 318 017c 67667849 		.ascii	"gfxInit\000"
 318      6E697400 
 319              	.LASF15:
 320 0184 67667844 		.ascii	"gfxDeinit\000"
 320      65696E69 
 320      7400
 321              	.LASF10:
 322 018e 5F5F696E 		.ascii	"__int_least8_t\000"
 322      745F6C65 
 322      61737438 
 322      5F7400
 323              	.LASF2:
 324 019d 6C6F6E67 		.ascii	"long double\000"
 324      20646F75 
 324      626C6500 
 325              	.LASF19:
 326 01a9 433A5C43 		.ascii	"C:\\ChibiStudio\\workspace_user\\RT-STM32G474RE-NUC"
 326      68696269 
 326      53747564 
 326      696F5C77 
 326      6F726B73 
 327 01d9 4C454F36 		.ascii	"LEO64\000"
 327      3400
 328              	.LASF3:
 329 01df 7369676E 		.ascii	"signed char\000"
 329      65642063 
 329      68617200 
 330              		.text
 331              		.section	.gnu.lto_.inline.1f2b7ad1,"e",%progbits
 332 0000 789C9BC2 		.ascii	"x\234\233\302\200\000L\014\014|\015\015\015\033\230"
 332      80004C0C 
 332      0C7C0D0D 
 332      0D1B98
 333 000f 32816C2E 		.ascii	"2\201l. \253\2019\225\201\201\205\241\021\310\252c\002"
 333      20AB8139 
 333      95818185 
 333      A111C8AA 
 333      6302
 334 0021 49333072 		.ascii	"I30r1\020I21\360\002\265uPh\026\003\000\024\374\020"
 334      31104932 
 334      31F002B5 
 334      75506816 
 334      030014FC 
 335 0036 47       		.ascii	"G"
 336              		.text
 337              		.section	.gnu.lto_.jmpfuncs.1f2b7ad1,"e",%progbits
 338 0000 789C6362 		.ascii	"x\234cb@\006\000\000*\000\003"
 338      40060000 
 338      2A0003
 339              		.text
 340              		.section	.gnu.lto_.lto.1f2b7ad1,"e",%progbits
 341 0000 09000400 		.ascii	"\011\000\004\000\001\000\000\000"
 341      01000000 
 342              		.text
ARM GAS  C:\Users\angio\AppData\Local\Temp\ccjq15ni.s 			page 9


 343              		.section	.gnu.lto_gfxInit.403.1f2b7ad1,"e",%progbits
 344 0000 789CBBC7 		.ascii	"x\234\273\307\310\300\340\307\300\300\340\017\304\014"
 344      C8C0E0C7 
 344      C0C0E00F 
 344      C40C
 345 000e 6C0C8C93 		.ascii	"l\014\214\223&v11\374\377\377\277\236\205\211\251yb"
 345      26763131 
 345      FCFFFFBF 
 345      9E8589A9 
 345      7962
 346 0020 3713E356 		.ascii	"7\023\343VF0\257e\"\037\230ff\234:\261\353\373,60\207"
 346      4630AF65 
 346      221F9866 
 346      669C3AB1 
 346      EBFB2C36 
 347 0036 05C4812A 		.ascii	"\005\304\201*ge\204(dd\250gb\006\362\352\031'3k644\374"
 347      67658428 
 347      6464A867 
 347      6206F2EA 
 347      1927336B 
 348 004e 583A6FD5 		.ascii	"X:o\325a\306\206\025\007\030\227030\314cf\200\0016\030"
 348      61C68615 
 348      07189730 
 348      3330CC63 
 348      66800136 
 349 0063 0FE80286 		.ascii	"\017\350\002\206\365\227X\0174\374\371\337\337\320p"
 349      F597580F 
 349      34FCF9DF 
 349      DFD070
 350 0072 5FEAE116 		.ascii	"_\352\341\026.\036F\206%\314@\361~f\220\341` \017\344"
 350      2E1E4686 
 350      25CC40F1 
 350      7E6690E1 
 350      60200FE4 
 351 0086 4E606642 		.ascii	"N`fBp\031\031\33616M\373y\355!\310\215\213\230\031\347"
 351      701919DE 
 351      31364DFB 
 351      79ED21C8 
 351      8D8B9819 
 352 009b 30334E62 		.ascii	"03Nb^\302\314\304\310\000d\26502\001\231+\200\346/\003"
 352      5EC2CCC4 
 352      C80064B5 
 352      30320199 
 352      2B80E62F 
 353 00b0 19C5CCB8 		.ascii	"\031\305\314\270\235\221q\033\320\204\227\214-/\017"
 353      9D91711B 
 353      D084978C 
 353      2D2F0F
 354 00bf 8B2D8228 		.ascii	"\213-\202(\005\331\000\002\023\230\231\221\215\235\300"
 354      05D90002 
 354      13989991 
 354      8D9DC0
 355 00ce D470E2CE 		.ascii	"\324p\342\316k\011\260\004\013\232}\237~\\\177\310\214"
 355      6B09B004 
 355      0B9A7D9F 
 355      7E5C7FC8 
 355      8C
ARM GAS  C:\Users\angio\AppData\Local\Temp\ccjq15ni.s 			page 10


 356 00df CDFC5D60 		.ascii	"\315\374]`\363!\246\3263|`l~\360\267\215\221\001\254"
 356      F321A6D6 
 356      337C606C 
 356      7EF0B78D 
 356      9101AC
 357 00f2 8C651EC8 		.ascii	"\214e\036\310\242%\314\254`\341\235\307\021\302L\010"
 357      A225CCAC 
 357      60E19DC7 
 357      11C24C08 
 358 0102 E17DEC70 		.ascii	"\341}\354pQf\204\350\025\204(\013B\364\003B\224\025"
 358      516684E8 
 358      1584280B 
 358      42F40342 
 358      9415
 359 0114 21FA0D21 		.ascii	"!\372\015!\312\206\020\235\333\205\260\216\035\"\014"
 359      CA86109D 
 359      DB85B08E 
 359      1D220C
 360 0123 F2172BB2 		.ascii	"\362\027+\262\277\33606:0(\003\343\352\303\254\245\015"
 360      BFDE3036 
 360      3A302803 
 360      E3EAC3AC 
 360      A50D
 361 0135 0A68F1F4 		.ascii	"\012h\361\364\211\221\011L\36733\"G\005\003\203\231"
 361      8991094C 
 361      F7333322 
 361      47050383 
 361      99
 362 0146 B3558C73 		.ascii	"\263U\214sFfRfpIiJf~Ly~QvqAbrj|iqjQLP\210np\210\257"
 362      46665266 
 362      7049694A 
 362      667E4C79 
 362      7E517671 
 363 016a B191BB89 		.ascii	"\261\221\273\211\271I\220\253\256_\250\263\217\253\277"
 363      B94990AB 
 363      AE5FA8B3 
 363      8FABBF
 364 0179 990983A8 		.ascii	"\231\011\203\250\236\236>\020\225\246\247U\350\027\027"
 364      9E9E3E10 
 364      95A6A755 
 364      E81717
 365 0188 25EB0369 		.ascii	"%\353\003i\275d\006\000#\211\325\303"
 365      BD640600 
 365      2389D5C3 
 366              		.text
 367              		.section	.gnu.lto_gfxDeinit.404.1f2b7ad1,"e",%progbits
 368 0000 789C6D91 		.ascii	"x\234m\221\273K\003A\020\306gv\356\256\011\330)X)XY"
 368      BB4B0341 
 368      10C66776 
 368      EEAE09D8 
 368      29582958 
 369 0015 24010D11 		.ascii	"$\001\015\021\254\204 6\032!\211]@4\276\202E$1h\227"
 369      AC842036 
 369      1A21895D 
 369      4034BE82 
 369      45243168 
 370 002a 55532545 		.ascii	"US%E\036\242UH\021\316W%\010>+!\010b#\210\177\200\246"
ARM GAS  C:\Users\angio\AppData\Local\Temp\ccjq15ni.s 			page 11


 370      1EA25548 
 370      11CE5725 
 370      083E2B21 
 370      08622388 
 371 0041 52101541 		.ascii	"R\020\025A\021\024\316\275\215\272A\034v\231\375~;|"
 371      1114CEBD 
 371      8DBA411C 
 371      7699FD7E 
 371      3B7C
 372 0053 33EC5611 		.ascii	"3\354V\021\300\017\000\303b\203\001X,d\030X\226\225"
 372      C00F00C3 
 372      62830158 
 372      2C641858 
 372      9695
 373 0065 D2185B29 		.ascii	"\322\030[)d\031\356\243T\351B\223\314\204k\205\214\265"
 373      6419EEA3 
 373      54E94293 
 373      CC846B85 
 373      8CB5
 374 0077 6348A1D9 		.ascii	"cH\241\331\342\273\\\307z!B\212\221P)\\\245N\316\371"
 374      E2BB5CC7 
 374      7A21428A 
 374      9150295C 
 374      A54ECEF9 
 375 008b FB46B974 		.ascii	"\373F\271t\206|\373\024M\002(\023\374\204\361\243\304"
 375      867CFB14 
 375      4D022813 
 375      FC84F1A3 
 375      C4
 376 009c 04B07BA5 		.ascii	"\004\260{\245\237\362O+\307\371S\347\355\233\303\201"
 376      9FF24F2B 
 376      C7F953E7 
 376      ED9BC381 
 377 00ac 6092E039 		.ascii	"`\222\3409\262\315e\264\011\231'\246$\302#.\257\037"
 377      B2CD65B4 
 377      099927A6 
 377      24C2232E 
 377      AF1F
 378 00be 5FD6EC19 		.ascii	"_\326\354\031+\204%\302\"\231\304\020\304)\215L\034"
 378      2B8425C2 
 378      2299C410 
 378      C4298D4C 
 378      1C
 379 00cf B785FFA6 		.ascii	"\267\205\377\246mEx\210x \034\3561}Wm\251\324K\355\016"
 379      6D457888 
 379      78201CEE 
 379      317D576D 
 379      A9D44BED 
 380 00e4 76E4891A 		.ascii	"v\344\211\032m\363\214\237\177n\265\312\013\355O\277"
 380      6DF38C9F 
 380      7F6EB5CA 
 380      0BED4FBF 
 381 00f4 97A3EB1A 		.ascii	"\227\243\353\032\375\347\177\"\375\361\030\341\031W"
 381      FDE77F22 
 381      FDF118E1 
 381      1957
 382 0102 6E3E2E10 		.ascii	"n>.\020d\211V\266\233\230\244K\234w\374R\246hIQRtOQ"
ARM GAS  C:\Users\angio\AppData\Local\Temp\ccjq15ni.s 			page 12


 382      648956B6 
 382      9B98A44B 
 382      9C77FC52 
 382      A6684951 
 383 011a 4DD12345 		.ascii	"M\321#EuE_\263\252\235Q\307\366\360z\343\360\017\270"
 383      75455FB3 
 383      AA9D51C7 
 383      F6F07AE3 
 383      F00FB8
 384 012d D4071DE2 		.ascii	"\324\007\035\342C\236?6x\373\237\317xA&s\216\260\361"
 384      439E3F36 
 384      78FB9FCF 
 384      78412673 
 384      8EB0F1
 385 0140 BD01BCBE 		.ascii	"\275\001\274\276\336\260o&:\036\015\316''\242\261\360"
 385      DEB06F26 
 385      3A1E0DCE 
 385      2727A2B1 
 385      F0
 386 0151 422C3E9B 		.ascii	"B,>\233\230\033\213L\216&\023\223\361p \344\014\206"
 386      981B8B4C 
 386      8E261393 
 386      F17020E4 
 386      0C86
 387 0163 86BABB06 		.ascii	"\206\272\273\006<=\236@\277\323?\342\033\354\037\366"
 387      3C3D9E40 
 387      BFD33FE2 
 387      1BEC1FF6 
 388 0173 7AA0D9E5 		.ascii	"z\240\331\345r\213\225\234\236Zt'\342\021\267\310\256"
 388      728B959C 
 388      9E5A7427 
 388      E211B7C8 
 388      AE
 389 0184 087C0153 		.ascii	"\010|\001SG\3163"
 389      47CE33
 390              		.text
 391              		.section	.gnu.lto_.symbol_nodes.1f2b7ad1,"e",%progbits
 392 0000 789C7D91 		.ascii	"x\234}\2219\016\302P\014D\347{H\330\341\010\334\205"
 392      390EC250 
 392      0C44E77B 
 392      48D8E108 
 392      DC85
 393 0012 73213911 		.ascii	"s!9\021\0225b\337\027\345\0364\351\271D\016\002?\022"
 393      123562DF 
 393      17E51E34 
 393      E9B9440E 
 393      023F12
 394 0025 85531877 		.ascii	"\205S\030w\243gi\306\343\231\000\2205\025\237\337L\302"
 394      A36769C6 
 394      E3990090 
 394      35159FDF 
 394      4CC2
 395 0037 F20D28F0 		.ascii	"\362\015(\360\312\363\200\200z\222\025\261\230\002\224"
 395      CAF38080 
 395      7A9215B1 
 395      980294
 396 0046 0D35FCDB 		.ascii	"\0155\374\333\014g\2524\027\200,\313j\032NTz\354Hmy"
ARM GAS  C:\Users\angio\AppData\Local\Temp\ccjq15ni.s 			page 13


 396      0C67AA34 
 396      17802CCB 
 396      6A1A4E54 
 396      7AEC486D 
 397 005b EC404D3C 		.ascii	"\354@M<\266\247\246\036\333Q\333\036\333R;\036{R\273"
 397      B6A7A61E 
 397      DB51DB1E 
 397      DB523B1E 
 397      7B52BB
 398 006e 1E7B507B 		.ascii	"\036{P{\036\273S\373\036\273Q\007\036\273R\207\036\273"
 398      1EBB53FB 
 398      1EBB5107 
 398      1EBB5287 
 398      1EBB
 399 0080 50470E23 		.ascii	"PG\016#L\312\"\020\346\2402Js{\025\245\251i\236\022"
 399      4CCA2210 
 399      E6A0324A 
 399      737B15A5 
 399      A9699E12 
 400 0094 A6D1224A 		.ascii	"\246\321\"JS~\031\245\371S\225R\306\015#1\211\242\221"
 400      537E19A5 
 400      F9539552 
 400      C60D2331 
 400      89A291
 401 00a7 98F0D148 		.ascii	"\230\360\321H\314\235\321HL%\321HL{e\212/\020P,a"
 401      CC9DD148 
 401      4C25D148 
 401      4C7B658A 
 401      2F10502C 
 402              		.text
 403              		.section	.gnu.lto_.refs.1f2b7ad1,"e",%progbits
 404 0000 789C1365 		.ascii	"x\234\023e```b``d\004\"\026\006&&\030\213\001\000\003"
 404      60606062 
 404      60606404 
 404      22160626 
 404      26188B01 
 405 0016 12002C   		.ascii	"\022\000,"
 406              		.text
 407              		.section	.gnu.lto_.decls.1f2b7ad1,"e",%progbits
 408 0000 789C8D93 		.ascii	"x\234\215\223mL\034E\030\307\347\231\271\343\226\345"
 408      6D4C1C45 
 408      18C7E799 
 408      B9E396E5 
 409 0010 DA23E608 		.ascii	"\332#\346\010&&\344\2421^L\0009\020\214\237@\372\222"
 409      2626E4A2 
 409      315E4C00 
 409      39108C9F 
 409      40FA92
 410 0023 A68AA42F 		.ascii	"\246\212\244/_\014\011\251\354\025.\012G\356\000\353"
 410      5F0C09A9 
 410      EC152E0A 
 410      47EE00EB 
 411 0033 07E3B411 		.ascii	"\007\343\264\021\251M\265\244\325\244Fk\250\306\204"
 411      A94DB5A4 
 411      D5A4466B 
 411      A8C684
 412 0042 34DA5203 		.ascii	"4\332R\003\225\026\260pP98\260\274\266\274I\201\206"
ARM GAS  C:\Users\angio\AppData\Local\Temp\ccjq15ni.s 			page 14


 412      9516B070 
 412      503938B0 
 412      BCB6BC49 
 412      8186
 413 0054 E66C1B45 		.ascii	"\346l\033E\355\007\005\015>;\2737GkM\234\354\177gg\367"
 413      ED07050D 
 413      3E3BBB37 
 413      476B4D9C 
 413      EC7F6767 
 414 0069 F7FFCFB3 		.ascii	"\367\377\317\263Ov\027\254\204\224\000!\217\242\326"
 414      4F7617AC 
 414      84940021 
 414      8FA2D6
 415 0078 713042C8 		.ascii	"q0B\310(\211\017\007\252\023\365\035\252\033\025B\365"
 415      28890F07 
 415      AA13F51D 
 415      AA1B1542 
 415      F5
 416 0089 A1BE4785 		.ascii	"\241\276G\205Q\203\250!\324\017\250\021\324\030j\002"
 416      5183A821 
 416      D40FA811 
 416      D4186A02 
 417 0099 750D3585 		.ascii	"u\0155\205\302Xr\203\334?\336\304\233\0118W\240RQK\250"
 417      C2587283 
 417      DC3FDEC4 
 417      9B093857 
 417      A052514B 
 418 00ae 39D44D54 		.ascii	"9\324MT\207\311(\346\276C\346\036as\317>\263\206\356"
 418      87C928E6 
 418      BE43E61E 
 418      6173CF3E 
 418      B386EE
 419 00c1 FFC87EEB 		.ascii	"\377\310~\353\177d\333\314\367\2312\353\2340\353\036"
 419      7F64DBCC 
 419      F79932EB 
 419      9C30EB1E 
 420 00d1 31DFE361 		.ascii	"1\337\343a\271\2370\272<1\337\257.\203XZ4\000\230\312"
 420      B99F30BA 
 420      3C31DFAF 
 420      2E83585A 
 420      340098CA 
 421 00e5 C5934A5E 		.ascii	"\305\223J^a\304\311)\247\011\032\243*S\231\246\206!"
 421      61C4C929 
 421      A7091AA3 
 421      2A5399A6 
 421      8621
 422 00f7 CD7D8FE5 		.ascii	"\315}\217\345+\324\355P\225\346^HV\255\012\245Q\233"
 422      2BD4ED50 
 422      95E65E48 
 422      56AD0AA5 
 422      519B
 423 0109 A6BA57E1 		.ascii	"\246\272W\341+\332\224\340\312\347\026\355hJ\324\306"
 423      2BDA94E0 
 423      CAE716ED 
 423      684AD4C6 
 424 0119 69639133 		.ascii	"ic\2213;\037\317Q[\0304t\025[\224d\274\212\332\324{"
 424      3B1FCF51 
ARM GAS  C:\Users\angio\AppData\Local\Temp\ccjq15ni.s 			page 15


 424      5B183474 
 424      155B9464 
 424      BC8ADAD4 
 425 012e ACE9FD04 		.ascii	"\254\351\375\004m\230\036~\012\302\240j\036'\347<_Q"
 425      6D981E7E 
 425      0AC2A06A 
 425      1E27E73C 
 425      5F51
 426 0140 D21C2116 		.ascii	"\322\034!\026b\333\260EJ\313\331\0245js`\204[s%k.G\030"
 426      62DBB045 
 426      4ACBD914 
 426      356A7360 
 426      845B7325 
 427 0158 AC9AA63A 		.ascii	"\254\232\246:\335\004\213\320<\236|\252b\262E\011\203"
 427      DD048BD0 
 427      3C9E7CAA 
 427      62B24509 
 427      83
 428 0169 8781DDC3 		.ascii	"\207\201\335\303\027\357\244\252V51\315\345&D#\333("
 428      17EFA4AA 
 428      563531CD 
 428      E5264423 
 428      DB28
 429 017b E6B2F5D8 		.ascii	"\346\262\365\330\000\033\356\251\305\227\000n\225z("
 429      001BEEA9 
 429      C597006E 
 429      957A28
 430 018a DB19C57E 		.ascii	"\333\031\305~Q\352\"\204[\024\273\0358N\211\245;\265"
 430      51EA2284 
 430      5B14BB1D 
 430      384E89A5 
 430      3BB5
 431 019c 628F4AA2 		.ascii	"b\217J\2426\212\217\234\026\340\024\342N5\001[H\215"
 431      368A8F9C 
 431      16E014E2 
 431      4E35015B 
 431      488D
 432 01ae BE817EC0 		.ascii	"\276\201~\300\306N\352\2138K\342\317)\304\036\033\334"
 432      C64EEA8B 
 432      384BE2CF 
 432      29C41E1B 
 432      DC
 433 01bf 7D2E9925 		.ascii	"}.\231%\356\203\314\217\031\342\266\015\341\360\200"
 433      EE83CC8F 
 433      19E2B60D 
 433      E1F080
 434 01ce 1DF4A19F 		.ascii	"\035\364\241\2377\032\3425\312\375\251,\013\342\310"
 434      371AE235 
 434      CAFDA92C 
 434      0BE2C8
 435 01dd 03858B14 		.ascii	"\003\205\213\024\210\025\364\357\301b\237M\317\211\331"
 435      8815F4EF 
 435      C1629F4D 
 435      CF89D9
 436 01ec 06EB2D6C 		.ascii	"\006\353-l\033?\351\204\224\306|\002\3541\302\236 \231"
 436      1B3FE984 
 436      94C67C02 
ARM GAS  C:\Users\angio\AppData\Local\Temp\ccjq15ni.s 			page 16


 436      EC31C29E 
 436      2099
 437 01fe 5C8C4369 		.ascii	"\\\214Ci\004\2765\022\012\222\2163x\004(\236\235\220"
 437      04BE3512 
 437      0A928E33 
 437      7804289E 
 437      9D90
 438 0210 8CD6868E 		.ascii	"\214\326\206\216\017\"j*Bw9wB\005\\\002\270\250o\330"
 438      0F226A2A 
 438      42773977 
 438      42055C02 
 438      B8A86FD8 
 439 0224 81FBFA45 		.ascii	"\201\373\372Ex\244onFy\374d#\377c\374\335\241\320\323"
 439      78A46F6E 
 439      4679FC64 
 439      23FF63FC 
 439      DDA1D0D3 
 440 0238 8BED9CD7 		.ascii	"\213\355\234\327#\257\350\014\\\000h7\336\351\002\032"
 440      23AFE80C 
 440      5C006837 
 440      DEE9021A 
 441 0248 DA005AA1 		.ascii	"\332\000Z\241\240\023\330g\240;\027\332GNYtg\313\247"
 441      A013D867 
 441      A03B17DA 
 441      474E5974 
 441      67CBA7
 442 025b F50D3CF9 		.ascii	"\365\015<\371\020\272,\272\251K\232\272\244\251\025"
 442      10BA2CBA 
 442      A94B9ABA 
 442      A4A915
 443 026a 58B330B5 		.ascii	"X\2630\2655\037]C\023\347+g/\255p\305\255\033.K\303"
 443      351F5D43 
 443      13E72B67 
 443      2FAD70C5 
 443      AD1B2E4B 
 444 027f 6531B136 		.ascii	"e1\2616\201N\3779\3609\010t\2653\206\366H\264\307@{"
 444      814EFF39 
 444      F0390874 
 444      B53386F6 
 444      48B4C740 
 445 0294 041A3AF5 		.ascii	"\004\032:\365\315\027LG[f\332\371;VQ{\257D{\015tH\240"
 445      CD174C47 
 445      5B66DAF9 
 445      3B56517B 
 445      AF447B0D 
 446 02ab 4BE7FB8F 		.ascii	"K\347\373\217o\026\350\240D\257H\364\212\201N\033\251"
 446      6F16E8A0 
 446      44AF48F4 
 446      8A814E1B 
 446      A9
 447 02bc 37BE3CB2 		.ascii	"7\276<\262I\240?K\264_\242\375\006\272,\320\341\372"
 447      49A03F4B 
 447      B45FA2FD 
 447      06BA2CD0 
 447      E1FA
 448 02ce F96BAA40 		.ascii	"\371k\252@oKt@\242\003\006\372\253@\317\034\356\\\020"
 448      6F4B7440 
ARM GAS  C:\Users\angio\AppData\Local\Temp\ccjq15ni.s 			page 17


 448      A20306FA 
 448      AB40CF1C 
 448      EE5C10
 449 02e1 A92B5FCB 		.ascii	"\251+_\313\016D$\0321\320U\201\336\236\234>\226$R\317"
 449      0E44241A 
 449      31D05581 
 449      DE9E9C3E 
 449      962452CF 
 450 02f5 C9D46189 		.ascii	"\311\324a\211\016\033h=\325\321\246\273\277\0374\232"
 450      0E1B683D 
 450      D5D1A6BB 
 450      BF1F349A 
 451 0305 754736EB 		.ascii	"uG6\353\252D\257\032\350\011\201~\2648\337j\027\251"
 451      AA44AF1A 
 451      E809817E 
 451      B438DF6A 
 451      17A9
 452 0317 BFC8D451 		.ascii	"\277\310\324Q\211\216\032\350i\201\036\033;\222&\310"
 452      898E1AE8 
 452      69811E1B 
 452      3B9226C8 
 453 0327 8824C725 		.ascii	"\210$\307%9n\220-\202\374\373\342\271\277\214Rg%:)\321"
 453      396E902D 
 453      82FCFBE2 
 453      B9BF8C52 
 453      67253A29 
 454 033c 4903ED12 		.ascii	"I\003\355\022h\375\255\351\337\034\002]\223\350u\211"
 454      68FDADE9 
 454      DF1C025D 
 454      93E87589 
 455 034c 5E17137E 		.ascii	"^\027\023~\300\251\260nL\374m\026\021\306\017\177\032"
 455      C0A9B06E 
 455      4CFC6D16 
 455      11C60F7F 
 455      1A
 456 035d FA3841C5 		.ascii	"\3728A\305\317,\312C\007\031\201lx\206\300, \322\016"
 456      CF2CCA43 
 456      0719816C 
 456      7886C02C 
 456      20D20E
 457 0370 3003300D 		.ascii	"0\0030\015\310\317\341\317\304F)y\222\343\207y\246\225"
 457      C8CFE1CF 
 457      C4462979 
 457      92E38779 
 457      A695
 458 0382 7304F1DE 		.ascii	"s\004\361\336\274\276\201p\020\375\372G(h\006\361\257"
 458      BCBE8170 
 458      10FDFA47 
 458      286806F1 
 458      AF
 459 0393 58C4BFE2 		.ascii	"X\304\277\342\302\370\367\006\306N\203\275\033[\310"
 459      C2F8F706 
 459      C64E83BD 
 459      1B5BC8
 460 03a2 9B4216DD 		.ascii	"\233B\026\335\264\010\260\240\377-K ~\225\301\271\226"
 460      B408B0A0 
 460      FF2D4B20 
ARM GAS  C:\Users\angio\AppData\Local\Temp\ccjq15ni.s 			page 18


 460      7E95C1B9 
 460      96
 461 03b3 35250E74 		.ascii	"5%\016t\304\201\233z\321,+\227$\356\013T\326\345y\323"
 461      C4819B7A 
 461      D12C2B97 
 461      24EE0B54 
 461      D6E579D3 
 462 03c7 2B895AE6 		.ascii	"+\211Z\346\017\324x\017\244W\346\020[\371\376\003;\252"
 462      0FD4780F 
 462      A457E610 
 462      5BF9FE03 
 462      3BAA
 463 03d9 7C35CE8C 		.ascii	"|5\316\214\214L<jq\231\031\014\224e\342\234Q\246l/\332"
 463      8C4C3C6A 
 463      7199190C 
 463      9465E29C 
 463      51A66C2F 
 464 03ee EB2ACCCA 		.ascii	"\353*\314\312#\016\261\314\310\312\312\331\357y\356"
 464      230EB1CC 
 464      C8CACAD9 
 464      EF79EE
 465 03fd D95C925B 		.ascii	"\331\\\222[\370|Ia\205\357U\337\356\232Z\315\347/y\303"
 465      F87C4961 
 465      85EF55DF 
 465      EE9A5ACD 
 465      E72F79C3 
 466 0411 1F782D58 		.ascii	"\037x-X\275\257\314[Z\033\364\006Jv\355I\337\275\347"
 466      BDAFCC5B 
 466      5A1BF406 
 466      4A76ED49 
 466      DFBDE7
 467 0424 A56CCFF6 		.ascii	"\245l\317\366\234\274\234][\323\213\366\026\276\270"
 467      9CBC9C5D 
 467      5BD38BF6 
 467      16BEB8
 468 0433 F5E5DC1C 		.ascii	"\365\345\334\034\222\362\260MH\"N[\274>,\302^Z\356\017"
 468      92F2B04D 
 468      48224E5B 
 468      BC3E2CC2 
 468      5E5AEE0F 
 469 0447 16FB8335 		.ascii	"\026\373\2035zEI\245\345\276\252\352Zq\255\226\226k"
 469      7A4549A5 
 469      E5BEAAEA 
 469      5A71AD96 
 469      966B
 470 0459 BE60F50E 		.ascii	"\276`\365\016\203\321\002\276:o\300dj|\225\362\332["
 470      83D102BE 
 470      3A6FC064 
 470      6A7C95F2 
 470      DA5B
 471 046b E7AD12BC 		.ascii	"\347\255\022\274\242\007\231F\177\320\010\337d>\227"
 471      A2079946 
 471      7FD008DF 
 471      643E97
 472 047a 2BE13456 		.ascii	"+\3414V\233c\241\262\016};I\212:\214\225\265\374\005"
 472      9B63A1B2 
 472      0E7D3B49 
ARM GAS  C:\Users\angio\AppData\Local\Temp\ccjq15ni.s 			page 19


 472      8A3A8C95 
 472      B5FC05
 473 048d BFFFF524 		.ascii	"\277\377\365$\263k[\374U\336\177\000\376\007'\367"
 473      B36B5BFC 
 473      55DE7F00 
 473      FE0727F7 
 474              		.text
 475              		.section	.gnu.lto_.symtab.1f2b7ad1,"e",%progbits
 476 0000 67667849 		.ascii	"gfxInit\000"
 476      6E697400 
 477 0008 00       		.ascii	"\000"
 478 0009 00       		.ascii	"\000"
 479 000a 00       		.ascii	"\000"
 480 000b 00000000 		.ascii	"\000\000\000\000\000\000\000\000"
 480      00000000 
 481 0013 BC000000 		.ascii	"\274\000\000\000"
 482 0017 67667844 		.ascii	"gfxDeinit\000"
 482      65696E69 
 482      7400
 483 0021 00       		.ascii	"\000"
 484 0022 00       		.ascii	"\000"
 485 0023 00       		.ascii	"\000"
 486 0024 00000000 		.ascii	"\000\000\000\000\000\000\000\000"
 486      00000000 
 487 002c BE000000 		.ascii	"\276\000\000\000"
 488 0030 5F676F73 		.ascii	"_gosPostInit\000"
 488      506F7374 
 488      496E6974 
 488      00
 489 003d 00       		.ascii	"\000"
 490 003e 02       		.ascii	"\002"
 491 003f 00       		.ascii	"\000"
 492 0040 00000000 		.ascii	"\000\000\000\000\000\000\000\000"
 492      00000000 
 493 0048 C0000000 		.ascii	"\300\000\000\000"
 494 004c 5F67696E 		.ascii	"_ginputInit\000"
 494      70757449 
 494      6E697400 
 495 0058 00       		.ascii	"\000"
 496 0059 02       		.ascii	"\002"
 497 005a 00       		.ascii	"\000"
 498 005b 00000000 		.ascii	"\000\000\000\000\000\000\000\000"
 498      00000000 
 499 0063 C2000000 		.ascii	"\302\000\000\000"
 500 0067 5F676469 		.ascii	"_gdispInit\000"
 500      7370496E 
 500      697400
 501 0072 00       		.ascii	"\000"
 502 0073 02       		.ascii	"\002"
 503 0074 00       		.ascii	"\000"
 504 0075 00000000 		.ascii	"\000\000\000\000\000\000\000\000"
 504      00000000 
 505 007d C4000000 		.ascii	"\304\000\000\000"
 506 0081 5F676472 		.ascii	"_gdriverInit\000"
 506      69766572 
 506      496E6974 
 506      00
ARM GAS  C:\Users\angio\AppData\Local\Temp\ccjq15ni.s 			page 20


 507 008e 00       		.ascii	"\000"
 508 008f 02       		.ascii	"\002"
 509 0090 00       		.ascii	"\000"
 510 0091 00000000 		.ascii	"\000\000\000\000\000\000\000\000"
 510      00000000 
 511 0099 C6000000 		.ascii	"\306\000\000\000"
 512 009d 5F677469 		.ascii	"_gtimerInit\000"
 512      6D657249 
 512      6E697400 
 513 00a9 00       		.ascii	"\000"
 514 00aa 02       		.ascii	"\002"
 515 00ab 00       		.ascii	"\000"
 516 00ac 00000000 		.ascii	"\000\000\000\000\000\000\000\000"
 516      00000000 
 517 00b4 C8000000 		.ascii	"\310\000\000\000"
 518 00b8 5F676576 		.ascii	"_geventInit\000"
 518      656E7449 
 518      6E697400 
 519 00c4 00       		.ascii	"\000"
 520 00c5 02       		.ascii	"\002"
 521 00c6 00       		.ascii	"\000"
 522 00c7 00000000 		.ascii	"\000\000\000\000\000\000\000\000"
 522      00000000 
 523 00cf CA000000 		.ascii	"\312\000\000\000"
 524 00d3 5F676F73 		.ascii	"_gosInit\000"
 524      496E6974 
 524      00
 525 00dc 00       		.ascii	"\000"
 526 00dd 02       		.ascii	"\002"
 527 00de 00       		.ascii	"\000"
 528 00df 00000000 		.ascii	"\000\000\000\000\000\000\000\000"
 528      00000000 
 529 00e7 CC000000 		.ascii	"\314\000\000\000"
 530 00eb 5F676F73 		.ascii	"_gosDeinit\000"
 530      4465696E 
 530      697400
 531 00f6 00       		.ascii	"\000"
 532 00f7 02       		.ascii	"\002"
 533 00f8 00       		.ascii	"\000"
 534 00f9 00000000 		.ascii	"\000\000\000\000\000\000\000\000"
 534      00000000 
 535 0101 CE000000 		.ascii	"\316\000\000\000"
 536 0105 5F676576 		.ascii	"_geventDeinit\000"
 536      656E7444 
 536      65696E69 
 536      7400
 537 0113 00       		.ascii	"\000"
 538 0114 02       		.ascii	"\002"
 539 0115 00       		.ascii	"\000"
 540 0116 00000000 		.ascii	"\000\000\000\000\000\000\000\000"
 540      00000000 
 541 011e D0000000 		.ascii	"\320\000\000\000"
 542 0122 5F677469 		.ascii	"_gtimerDeinit\000"
 542      6D657244 
 542      65696E69 
 542      7400
 543 0130 00       		.ascii	"\000"
ARM GAS  C:\Users\angio\AppData\Local\Temp\ccjq15ni.s 			page 21


 544 0131 02       		.ascii	"\002"
 545 0132 00       		.ascii	"\000"
 546 0133 00000000 		.ascii	"\000\000\000\000\000\000\000\000"
 546      00000000 
 547 013b D2000000 		.ascii	"\322\000\000\000"
 548 013f 5F676472 		.ascii	"_gdriverDeinit\000"
 548      69766572 
 548      4465696E 
 548      697400
 549 014e 00       		.ascii	"\000"
 550 014f 02       		.ascii	"\002"
 551 0150 00       		.ascii	"\000"
 552 0151 00000000 		.ascii	"\000\000\000\000\000\000\000\000"
 552      00000000 
 553 0159 D4000000 		.ascii	"\324\000\000\000"
 554 015d 5F676469 		.ascii	"_gdispDeinit\000"
 554      73704465 
 554      696E6974 
 554      00
 555 016a 00       		.ascii	"\000"
 556 016b 02       		.ascii	"\002"
 557 016c 00       		.ascii	"\000"
 558 016d 00000000 		.ascii	"\000\000\000\000\000\000\000\000"
 558      00000000 
 559 0175 D6000000 		.ascii	"\326\000\000\000"
 560 0179 5F67696E 		.ascii	"_ginputDeinit\000"
 560      70757444 
 560      65696E69 
 560      7400
 561 0187 00       		.ascii	"\000"
 562 0188 02       		.ascii	"\002"
 563 0189 00       		.ascii	"\000"
 564 018a 00000000 		.ascii	"\000\000\000\000\000\000\000\000"
 564      00000000 
 565 0192 D8000000 		.ascii	"\330\000\000\000"
 566              		.text
 567              		.section	.gnu.lto_.ext_symtab.1f2b7ad1,"e",%progbits
 568 0000 01       		.ascii	"\001"
 569 0001 01       		.ascii	"\001"
 570 0002 00       		.ascii	"\000"
 571 0003 01       		.ascii	"\001"
 572 0004 00       		.ascii	"\000"
 573 0005 01       		.ascii	"\001"
 574 0006 00       		.ascii	"\000"
 575 0007 01       		.ascii	"\001"
 576 0008 00       		.ascii	"\000"
 577 0009 01       		.ascii	"\001"
 578 000a 00       		.ascii	"\000"
 579 000b 01       		.ascii	"\001"
 580 000c 00       		.ascii	"\000"
 581 000d 01       		.ascii	"\001"
 582 000e 00       		.ascii	"\000"
 583 000f 01       		.ascii	"\001"
 584 0010 00       		.ascii	"\000"
 585 0011 01       		.ascii	"\001"
 586 0012 00       		.ascii	"\000"
 587 0013 01       		.ascii	"\001"
ARM GAS  C:\Users\angio\AppData\Local\Temp\ccjq15ni.s 			page 22


 588 0014 00       		.ascii	"\000"
 589 0015 01       		.ascii	"\001"
 590 0016 00       		.ascii	"\000"
 591 0017 01       		.ascii	"\001"
 592 0018 00       		.ascii	"\000"
 593 0019 01       		.ascii	"\001"
 594 001a 00       		.ascii	"\000"
 595 001b 01       		.ascii	"\001"
 596 001c 00       		.ascii	"\000"
 597 001d 01       		.ascii	"\001"
 598 001e 00       		.ascii	"\000"
 599              		.text
 600              		.section	.gnu.lto_.opts,"e",%progbits
 601 0000 272D666E 		.ascii	"'-fno-openmp' '-fno-openacc' '-fno-pie' '-fcf-prote"
 601      6F2D6F70 
 601      656E6D70 
 601      2720272D 
 601      666E6F2D 
 602 0033 6374696F 		.ascii	"ction=none' '-g' '-mcpu=cortex-m4' '-mthumb' '-mflo"
 602      6E3D6E6F 
 602      6E652720 
 602      272D6727 
 602      20272D6D 
 603 0066 61742D61 		.ascii	"at-abi=soft' '-mlibarch=armv7e-m' '-march=armv7e-m'"
 603      62693D73 
 603      6F667427 
 603      20272D6D 
 603      6C696261 
 604 0099 20272D4F 		.ascii	" '-O0' '-fomit-frame-pointer' '-falign-functions=16"
 604      30272027 
 604      2D666F6D 
 604      69742D66 
 604      72616D65 
 605 00cc 2720272D 		.ascii	"' '-ffunction-sections' '-fdata-sections' '-fno-com"
 605      6666756E 
 605      6374696F 
 605      6E2D7365 
 605      6374696F 
 606 00ff 6D6F6E27 		.ascii	"mon' '-flto' '-Xassembler' '-alms=./build/lst/gfx.l"
 606      20272D66 
 606      6C746F27 
 606      20272D58 
 606      61737365 
 607 0132 73742700 		.ascii	"st'\000"
 608              		.text
 609              		.comm	__gnu_lto_slim,1,1
 610              		.ident	"GCC: (GNU Arm Embedded Toolchain 10.3-2021.10) 10.3.1 20210824 (release)"
ARM GAS  C:\Users\angio\AppData\Local\Temp\ccjq15ni.s 			page 23


DEFINED SYMBOLS
                            *ABS*:00000000 gfx.c
C:\Users\angio\AppData\Local\Temp\ccjq15ni.s:22     .gnu.debuglto_.debug_info:00000000 gfx.c.114f2856
                            *COM*:00000001 __gnu_lto_slim

NO UNDEFINED SYMBOLS
