ARM GAS  C:\Users\angio\AppData\Local\Temp\cckd3S4v.s 			page 1


   1              		.cpu cortex-m4
   2              		.arch armv7e-m
   3              		.fpu softvfp
   4              		.eabi_attribute 20, 1
   5              		.eabi_attribute 21, 1
   6              		.eabi_attribute 23, 3
   7              		.eabi_attribute 24, 1
   8              		.eabi_attribute 25, 1
   9              		.eabi_attribute 26, 1
  10              		.eabi_attribute 30, 6
  11              		.eabi_attribute 34, 1
  12              		.eabi_attribute 18, 4
  13              		.file	"ginput_lld_toggle_Pal.c"
  14              		.file 1 "c:\\chibistudio\\tools\\gnu tools arm embedded\\10.3 2021.10\\arm-none-eabi\\include\\mac
  15              		.file 2 "c:\\chibistudio\\tools\\gnu tools arm embedded\\10.3 2021.10\\arm-none-eabi\\include\\sys
  16              		.file 3 "c:\\chibistudio\\tools\\gnu tools arm embedded\\10.3 2021.10\\arm-none-eabi\\include\\std
  17              		.file 4 "../../chibios2111/os/hal/ports/STM32/LLD/GPIOv2/stm32_gpio.h"
  18              		.file 5 "../../chibios2111/os/hal/ports/STM32/LLD/GPIOv2/hal_pal_lld.h"
  19              		.file 6 "../../chibios2111/os/hal/include/hal_pal.h"
  20              		.file 7 "c:\\chibistudio\\ugfx\\src\\ginput\\ginput_driver_toggle.h"
  21              		.file 8 "../../ugfx/drivers/ginput/toggle/Pal/ginput_lld_toggle_Pal.c"
  22              		.section	.gnu.debuglto_.debug_info,"e",%progbits
  23              	.Ldebug_info0:
  24              		.hidden	ginput_lld_toggle_Pal.c.675fb9eb
  25              		.weak	ginput_lld_toggle_Pal.c.675fb9eb
  26              	ginput_lld_toggle_Pal.c.675fb9eb:
  27 0000 A5020000 		.4byte	0x2a5
  28 0004 0400     		.2byte	0x4
  29 0006 00000000 		.4byte	.Ldebug_abbrev0
  30 000a 04       		.byte	0x4
  31 000b 01       		.uleb128 0x1
  32 000c 66010000 		.4byte	.LASF36
  33 0010 0C       		.byte	0xc
  34 0011 37020000 		.4byte	.LASF37
  35 0015 4E000000 		.4byte	.LASF38
  36 0019 00000000 		.4byte	.Ldebug_line0
  37 001d 02       		.uleb128 0x2
  38 001e 04       		.byte	0x4
  39 001f 05       		.byte	0x5
  40 0020 696E7400 		.ascii	"int\000"
  41 0024 03       		.uleb128 0x3
  42 0025 04       		.byte	0x4
  43 0026 07       		.byte	0x7
  44 0027 13010000 		.4byte	.LASF0
  45 002b 03       		.uleb128 0x3
  46 002c 08       		.byte	0x8
  47 002d 05       		.byte	0x5
  48 002e 00000000 		.4byte	.LASF1
  49 0032 03       		.uleb128 0x3
  50 0033 08       		.byte	0x8
  51 0034 04       		.byte	0x4
  52 0035 54010000 		.4byte	.LASF2
  53 0039 03       		.uleb128 0x3
  54 003a 01       		.byte	0x1
  55 003b 06       		.byte	0x6
  56 003c B9020000 		.4byte	.LASF3
  57 0040 03       		.uleb128 0x3
ARM GAS  C:\Users\angio\AppData\Local\Temp\cckd3S4v.s 			page 2


  58 0041 01       		.byte	0x1
  59 0042 08       		.byte	0x8
  60 0043 C0000000 		.4byte	.LASF4
  61 0047 03       		.uleb128 0x3
  62 0048 02       		.byte	0x2
  63 0049 05       		.byte	0x5
  64 004a 84000000 		.4byte	.LASF5
  65 004e 04       		.uleb128 0x4
  66 004f FD000000 		.4byte	.LASF8
  67 0053 01       		.byte	0x1
  68 0054 39       		.byte	0x39
  69 0055 19       		.byte	0x19
  70 0056 5A000000 		.4byte	0x5a
  71 005a 03       		.uleb128 0x3
  72 005b 02       		.byte	0x2
  73 005c 07       		.byte	0x7
  74 005d E5000000 		.4byte	.LASF6
  75 0061 03       		.uleb128 0x3
  76 0062 04       		.byte	0x4
  77 0063 05       		.byte	0x5
  78 0064 98020000 		.4byte	.LASF7
  79 0068 04       		.uleb128 0x4
  80 0069 08010000 		.4byte	.LASF9
  81 006d 01       		.byte	0x1
  82 006e 4F       		.byte	0x4f
  83 006f 19       		.byte	0x19
  84 0070 74000000 		.4byte	0x74
  85 0074 03       		.uleb128 0x3
  86 0075 04       		.byte	0x4
  87 0076 07       		.byte	0x7
  88 0077 D3000000 		.4byte	.LASF10
  89 007b 03       		.uleb128 0x3
  90 007c 08       		.byte	0x8
  91 007d 07       		.byte	0x7
  92 007e A9000000 		.4byte	.LASF11
  93 0082 04       		.uleb128 0x4
  94 0083 86020000 		.4byte	.LASF12
  95 0087 02       		.byte	0x2
  96 0088 24       		.byte	0x24
  97 0089 14       		.byte	0x14
  98 008a 4E000000 		.4byte	0x4e
  99 008e 04       		.uleb128 0x4
 100 008f 8F020000 		.4byte	.LASF13
 101 0093 02       		.byte	0x2
 102 0094 30       		.byte	0x30
 103 0095 14       		.byte	0x14
 104 0096 68000000 		.4byte	0x68
 105 009a 05       		.uleb128 0x5
 106 009b 8E000000 		.4byte	0x8e
 107 009f 04       		.uleb128 0x4
 108 00a0 3C000000 		.4byte	.LASF14
 109 00a4 03       		.byte	0x3
 110 00a5 34       		.byte	0x34
 111 00a6 1F       		.byte	0x1f
 112 00a7 24000000 		.4byte	0x24
 113 00ab 06       		.uleb128 0x6
 114 00ac 04       		.byte	0x4
ARM GAS  C:\Users\angio\AppData\Local\Temp\cckd3S4v.s 			page 3


 115 00ad 03       		.uleb128 0x3
 116 00ae 01       		.byte	0x1
 117 00af 08       		.byte	0x8
 118 00b0 37010000 		.4byte	.LASF15
 119 00b4 03       		.uleb128 0x3
 120 00b5 01       		.byte	0x1
 121 00b6 02       		.byte	0x2
 122 00b7 D5020000 		.4byte	.LASF16
 123 00bb 07       		.uleb128 0x7
 124 00bc 04       		.byte	0x4
 125 00bd 04       		.byte	0x4
 126 00be 5B       		.byte	0x5b
 127 00bf 05       		.byte	0x5
 128 00c0 DF000000 		.4byte	0xdf
 129 00c4 08       		.uleb128 0x8
 130 00c5 73657400 		.ascii	"set\000"
 131 00c9 04       		.byte	0x4
 132 00ca 5C       		.byte	0x5c
 133 00cb 19       		.byte	0x19
 134 00cc 82000000 		.4byte	0x82
 135 00d0 00       		.byte	0
 136 00d1 09       		.uleb128 0x9
 137 00d2 30000000 		.4byte	.LASF17
 138 00d6 04       		.byte	0x4
 139 00d7 5D       		.byte	0x5d
 140 00d8 19       		.byte	0x19
 141 00d9 82000000 		.4byte	0x82
 142 00dd 02       		.byte	0x2
 143 00de 00       		.byte	0
 144 00df 0A       		.uleb128 0xa
 145 00e0 04       		.byte	0x4
 146 00e1 04       		.byte	0x4
 147 00e2 59       		.byte	0x59
 148 00e3 0C       		.byte	0xc
 149 00e4 FD000000 		.4byte	0xfd
 150 00e8 0B       		.uleb128 0xb
 151 00e9 5700     		.ascii	"W\000"
 152 00eb 04       		.byte	0x4
 153 00ec 5A       		.byte	0x5a
 154 00ed 19       		.byte	0x19
 155 00ee 8E000000 		.4byte	0x8e
 156 00f2 0B       		.uleb128 0xb
 157 00f3 4800     		.ascii	"H\000"
 158 00f5 04       		.byte	0x4
 159 00f6 5E       		.byte	0x5e
 160 00f7 07       		.byte	0x7
 161 00f8 BB000000 		.4byte	0xbb
 162 00fc 00       		.byte	0
 163 00fd 05       		.uleb128 0x5
 164 00fe DF000000 		.4byte	0xdf
 165 0102 07       		.uleb128 0x7
 166 0103 28       		.byte	0x28
 167 0104 04       		.byte	0x4
 168 0105 51       		.byte	0x51
 169 0106 09       		.byte	0x9
 170 0107 8E010000 		.4byte	0x18e
 171 010b 09       		.uleb128 0x9
ARM GAS  C:\Users\angio\AppData\Local\Temp\cckd3S4v.s 			page 4


 172 010c 36000000 		.4byte	.LASF18
 173 0110 04       		.byte	0x4
 174 0111 53       		.byte	0x53
 175 0112 19       		.byte	0x19
 176 0113 9A000000 		.4byte	0x9a
 177 0117 00       		.byte	0
 178 0118 09       		.uleb128 0x9
 179 0119 A2000000 		.4byte	.LASF19
 180 011d 04       		.byte	0x4
 181 011e 54       		.byte	0x54
 182 011f 19       		.byte	0x19
 183 0120 9A000000 		.4byte	0x9a
 184 0124 04       		.byte	0x4
 185 0125 09       		.uleb128 0x9
 186 0126 0E000000 		.4byte	.LASF20
 187 012a 04       		.byte	0x4
 188 012b 55       		.byte	0x55
 189 012c 19       		.byte	0x19
 190 012d 9A000000 		.4byte	0x9a
 191 0131 08       		.byte	0x8
 192 0132 09       		.uleb128 0x9
 193 0133 60010000 		.4byte	.LASF21
 194 0137 04       		.byte	0x4
 195 0138 56       		.byte	0x56
 196 0139 19       		.byte	0x19
 197 013a 9A000000 		.4byte	0x9a
 198 013e 0C       		.byte	0xc
 199 013f 08       		.uleb128 0x8
 200 0140 49445200 		.ascii	"IDR\000"
 201 0144 04       		.byte	0x4
 202 0145 57       		.byte	0x57
 203 0146 19       		.byte	0x19
 204 0147 9A000000 		.4byte	0x9a
 205 014b 10       		.byte	0x10
 206 014c 08       		.uleb128 0x8
 207 014d 4F445200 		.ascii	"ODR\000"
 208 0151 04       		.byte	0x4
 209 0152 58       		.byte	0x58
 210 0153 19       		.byte	0x19
 211 0154 9A000000 		.4byte	0x9a
 212 0158 14       		.byte	0x14
 213 0159 09       		.uleb128 0x9
 214 015a 49000000 		.4byte	.LASF22
 215 015e 04       		.byte	0x4
 216 015f 5F       		.byte	0x5f
 217 0160 05       		.byte	0x5
 218 0161 FD000000 		.4byte	0xfd
 219 0165 18       		.byte	0x18
 220 0166 09       		.uleb128 0x9
 221 0167 41010000 		.4byte	.LASF23
 222 016b 04       		.byte	0x4
 223 016c 60       		.byte	0x60
 224 016d 19       		.byte	0x19
 225 016e 9A000000 		.4byte	0x9a
 226 0172 1C       		.byte	0x1c
 227 0173 09       		.uleb128 0x9
 228 0174 F8000000 		.4byte	.LASF24
ARM GAS  C:\Users\angio\AppData\Local\Temp\cckd3S4v.s 			page 5


 229 0178 04       		.byte	0x4
 230 0179 61       		.byte	0x61
 231 017a 19       		.byte	0x19
 232 017b 9A000000 		.4byte	0x9a
 233 017f 20       		.byte	0x20
 234 0180 09       		.uleb128 0x9
 235 0181 CE000000 		.4byte	.LASF25
 236 0185 04       		.byte	0x4
 237 0186 62       		.byte	0x62
 238 0187 19       		.byte	0x19
 239 0188 9A000000 		.4byte	0x9a
 240 018c 24       		.byte	0x24
 241 018d 00       		.byte	0
 242 018e 04       		.uleb128 0x4
 243 018f 47010000 		.4byte	.LASF26
 244 0193 04       		.byte	0x4
 245 0194 63       		.byte	0x63
 246 0195 03       		.byte	0x3
 247 0196 02010000 		.4byte	0x102
 248 019a 04       		.uleb128 0x4
 249 019b 95000000 		.4byte	.LASF27
 250 019f 05       		.byte	0x5
 251 01a0 C2       		.byte	0xc2
 252 01a1 12       		.byte	0x12
 253 01a2 8E000000 		.4byte	0x8e
 254 01a6 04       		.uleb128 0x4
 255 01a7 7B020000 		.4byte	.LASF28
 256 01ab 05       		.byte	0x5
 257 01ac D9       		.byte	0xd9
 258 01ad 18       		.byte	0x18
 259 01ae B2010000 		.4byte	0x1b2
 260 01b2 0C       		.uleb128 0xc
 261 01b3 04       		.byte	0x4
 262 01b4 8E010000 		.4byte	0x18e
 263 01b8 07       		.uleb128 0x7
 264 01b9 0C       		.byte	0xc
 265 01ba 06       		.byte	0x6
 266 01bb B7       		.byte	0xb7
 267 01bc 09       		.byte	0x9
 268 01bd E9010000 		.4byte	0x1e9
 269 01c1 09       		.uleb128 0x9
 270 01c2 8E000000 		.4byte	.LASF29
 271 01c6 06       		.byte	0x6
 272 01c7 BB       		.byte	0xbb
 273 01c8 19       		.byte	0x19
 274 01c9 A6010000 		.4byte	0x1a6
 275 01cd 00       		.byte	0
 276 01ce 09       		.uleb128 0x9
 277 01cf 2B020000 		.4byte	.LASF30
 278 01d3 06       		.byte	0x6
 279 01d4 C1       		.byte	0xc1
 280 01d5 19       		.byte	0x19
 281 01d6 9A010000 		.4byte	0x19a
 282 01da 04       		.byte	0x4
 283 01db 09       		.uleb128 0x9
 284 01dc 74020000 		.4byte	.LASF31
 285 01e0 06       		.byte	0x6
ARM GAS  C:\Users\angio\AppData\Local\Temp\cckd3S4v.s 			page 6


 286 01e1 C5       		.byte	0xc5
 287 01e2 19       		.byte	0x19
 288 01e3 9F000000 		.4byte	0x9f
 289 01e7 08       		.byte	0x8
 290 01e8 00       		.byte	0
 291 01e9 04       		.uleb128 0x4
 292 01ea DB020000 		.4byte	.LASF32
 293 01ee 06       		.byte	0x6
 294 01ef C6       		.byte	0xc6
 295 01f0 03       		.byte	0x3
 296 01f1 B8010000 		.4byte	0x1b8
 297 01f5 0D       		.uleb128 0xd
 298 01f6 C5020000 		.4byte	.LASF39
 299 01fa 10       		.byte	0x10
 300 01fb 07       		.byte	0x7
 301 01fc 17       		.byte	0x17
 302 01fd 10       		.byte	0x10
 303 01fe 36020000 		.4byte	0x236
 304 0202 08       		.uleb128 0x8
 305 0203 696400   		.ascii	"id\000"
 306 0206 07       		.byte	0x7
 307 0207 18       		.byte	0x18
 308 0208 09       		.byte	0x9
 309 0209 AB000000 		.4byte	0xab
 310 020d 00       		.byte	0
 311 020e 09       		.uleb128 0x9
 312 020f 2B020000 		.4byte	.LASF30
 313 0213 07       		.byte	0x7
 314 0214 19       		.byte	0x19
 315 0215 0B       		.byte	0xb
 316 0216 24000000 		.4byte	0x24
 317 021a 04       		.byte	0x4
 318 021b 09       		.uleb128 0x9
 319 021c 30020000 		.4byte	.LASF33
 320 0220 07       		.byte	0x7
 321 0221 1A       		.byte	0x1a
 322 0222 0B       		.byte	0xb
 323 0223 24000000 		.4byte	0x24
 324 0227 08       		.byte	0x8
 325 0228 09       		.uleb128 0x9
 326 0229 3C010000 		.4byte	.LASF34
 327 022d 07       		.byte	0x7
 328 022e 1B       		.byte	0x1b
 329 022f 0B       		.byte	0xb
 330 0230 24000000 		.4byte	0x24
 331 0234 0C       		.byte	0xc
 332 0235 00       		.byte	0
 333 0236 04       		.uleb128 0x4
 334 0237 E1020000 		.4byte	.LASF35
 335 023b 07       		.byte	0x7
 336 023c 1C       		.byte	0x1c
 337 023d 03       		.byte	0x3
 338 023e F5010000 		.4byte	0x1f5
 339 0242 0E       		.uleb128 0xe
 340 0243 36020000 		.4byte	0x236
 341 0247 0F       		.uleb128 0xf
 342 0248 42020000 		.4byte	0x242
ARM GAS  C:\Users\angio\AppData\Local\Temp\cckd3S4v.s 			page 7


 343 024c 57020000 		.4byte	0x257
 344 0250 10       		.uleb128 0x10
 345 0251 24000000 		.4byte	0x24
 346 0255 04       		.byte	0x4
 347 0256 00       		.byte	0
 348 0257 0E       		.uleb128 0xe
 349 0258 47020000 		.4byte	0x247
 350 025c 11       		.uleb128 0x11
 351 025d A1020000 		.4byte	.LASF40
 352 0261 07       		.byte	0x7
 353 0262 26       		.byte	0x26
 354 0263 1D       		.byte	0x1d
 355 0264 57020000 		.4byte	0x257
 356 0268 12       		.uleb128 0x12
 357 0269 5C020000 		.4byte	0x25c
 358 026d 08       		.byte	0x8
 359 026e 0E       		.byte	0xe
 360 026f 01       		.byte	0x1
 361 0270 13       		.uleb128 0x13
 362 0271 16000000 		.4byte	.LASF41
 363 0275 08       		.byte	0x8
 364 0276 14       		.byte	0x14
 365 0277 0A       		.byte	0xa
 366 0278 24000000 		.4byte	0x24
 367 027c 8D020000 		.4byte	0x28d
 368 0280 14       		.uleb128 0x14
 369 0281 70746300 		.ascii	"ptc\000"
 370 0285 08       		.byte	0x8
 371 0286 14       		.byte	0x14
 372 0287 39       		.byte	0x39
 373 0288 8D020000 		.4byte	0x28d
 374 028c 00       		.byte	0
 375 028d 0C       		.uleb128 0xc
 376 028e 04       		.byte	0x4
 377 028f 42020000 		.4byte	0x242
 378 0293 15       		.uleb128 0x15
 379 0294 20010000 		.4byte	.LASF42
 380 0298 08       		.byte	0x8
 381 0299 10       		.byte	0x10
 382 029a 06       		.byte	0x6
 383 029b 14       		.uleb128 0x14
 384 029c 70746300 		.ascii	"ptc\000"
 385 02a0 08       		.byte	0x8
 386 02a1 10       		.byte	0x10
 387 02a2 32       		.byte	0x32
 388 02a3 8D020000 		.4byte	0x28d
 389 02a7 00       		.byte	0
 390 02a8 00       		.byte	0
 391              		.section	.gnu.debuglto_.debug_abbrev,"e",%progbits
 392              	.Ldebug_abbrev0:
 393 0000 01       		.uleb128 0x1
 394 0001 11       		.uleb128 0x11
 395 0002 01       		.byte	0x1
 396 0003 25       		.uleb128 0x25
 397 0004 0E       		.uleb128 0xe
 398 0005 13       		.uleb128 0x13
 399 0006 0B       		.uleb128 0xb
ARM GAS  C:\Users\angio\AppData\Local\Temp\cckd3S4v.s 			page 8


 400 0007 03       		.uleb128 0x3
 401 0008 0E       		.uleb128 0xe
 402 0009 1B       		.uleb128 0x1b
 403 000a 0E       		.uleb128 0xe
 404 000b 10       		.uleb128 0x10
 405 000c 17       		.uleb128 0x17
 406 000d 00       		.byte	0
 407 000e 00       		.byte	0
 408 000f 02       		.uleb128 0x2
 409 0010 24       		.uleb128 0x24
 410 0011 00       		.byte	0
 411 0012 0B       		.uleb128 0xb
 412 0013 0B       		.uleb128 0xb
 413 0014 3E       		.uleb128 0x3e
 414 0015 0B       		.uleb128 0xb
 415 0016 03       		.uleb128 0x3
 416 0017 08       		.uleb128 0x8
 417 0018 00       		.byte	0
 418 0019 00       		.byte	0
 419 001a 03       		.uleb128 0x3
 420 001b 24       		.uleb128 0x24
 421 001c 00       		.byte	0
 422 001d 0B       		.uleb128 0xb
 423 001e 0B       		.uleb128 0xb
 424 001f 3E       		.uleb128 0x3e
 425 0020 0B       		.uleb128 0xb
 426 0021 03       		.uleb128 0x3
 427 0022 0E       		.uleb128 0xe
 428 0023 00       		.byte	0
 429 0024 00       		.byte	0
 430 0025 04       		.uleb128 0x4
 431 0026 16       		.uleb128 0x16
 432 0027 00       		.byte	0
 433 0028 03       		.uleb128 0x3
 434 0029 0E       		.uleb128 0xe
 435 002a 3A       		.uleb128 0x3a
 436 002b 0B       		.uleb128 0xb
 437 002c 3B       		.uleb128 0x3b
 438 002d 0B       		.uleb128 0xb
 439 002e 39       		.uleb128 0x39
 440 002f 0B       		.uleb128 0xb
 441 0030 49       		.uleb128 0x49
 442 0031 13       		.uleb128 0x13
 443 0032 00       		.byte	0
 444 0033 00       		.byte	0
 445 0034 05       		.uleb128 0x5
 446 0035 35       		.uleb128 0x35
 447 0036 00       		.byte	0
 448 0037 49       		.uleb128 0x49
 449 0038 13       		.uleb128 0x13
 450 0039 00       		.byte	0
 451 003a 00       		.byte	0
 452 003b 06       		.uleb128 0x6
 453 003c 0F       		.uleb128 0xf
 454 003d 00       		.byte	0
 455 003e 0B       		.uleb128 0xb
 456 003f 0B       		.uleb128 0xb
ARM GAS  C:\Users\angio\AppData\Local\Temp\cckd3S4v.s 			page 9


 457 0040 00       		.byte	0
 458 0041 00       		.byte	0
 459 0042 07       		.uleb128 0x7
 460 0043 13       		.uleb128 0x13
 461 0044 01       		.byte	0x1
 462 0045 0B       		.uleb128 0xb
 463 0046 0B       		.uleb128 0xb
 464 0047 3A       		.uleb128 0x3a
 465 0048 0B       		.uleb128 0xb
 466 0049 3B       		.uleb128 0x3b
 467 004a 0B       		.uleb128 0xb
 468 004b 39       		.uleb128 0x39
 469 004c 0B       		.uleb128 0xb
 470 004d 01       		.uleb128 0x1
 471 004e 13       		.uleb128 0x13
 472 004f 00       		.byte	0
 473 0050 00       		.byte	0
 474 0051 08       		.uleb128 0x8
 475 0052 0D       		.uleb128 0xd
 476 0053 00       		.byte	0
 477 0054 03       		.uleb128 0x3
 478 0055 08       		.uleb128 0x8
 479 0056 3A       		.uleb128 0x3a
 480 0057 0B       		.uleb128 0xb
 481 0058 3B       		.uleb128 0x3b
 482 0059 0B       		.uleb128 0xb
 483 005a 39       		.uleb128 0x39
 484 005b 0B       		.uleb128 0xb
 485 005c 49       		.uleb128 0x49
 486 005d 13       		.uleb128 0x13
 487 005e 38       		.uleb128 0x38
 488 005f 0B       		.uleb128 0xb
 489 0060 00       		.byte	0
 490 0061 00       		.byte	0
 491 0062 09       		.uleb128 0x9
 492 0063 0D       		.uleb128 0xd
 493 0064 00       		.byte	0
 494 0065 03       		.uleb128 0x3
 495 0066 0E       		.uleb128 0xe
 496 0067 3A       		.uleb128 0x3a
 497 0068 0B       		.uleb128 0xb
 498 0069 3B       		.uleb128 0x3b
 499 006a 0B       		.uleb128 0xb
 500 006b 39       		.uleb128 0x39
 501 006c 0B       		.uleb128 0xb
 502 006d 49       		.uleb128 0x49
 503 006e 13       		.uleb128 0x13
 504 006f 38       		.uleb128 0x38
 505 0070 0B       		.uleb128 0xb
 506 0071 00       		.byte	0
 507 0072 00       		.byte	0
 508 0073 0A       		.uleb128 0xa
 509 0074 17       		.uleb128 0x17
 510 0075 01       		.byte	0x1
 511 0076 0B       		.uleb128 0xb
 512 0077 0B       		.uleb128 0xb
 513 0078 3A       		.uleb128 0x3a
ARM GAS  C:\Users\angio\AppData\Local\Temp\cckd3S4v.s 			page 10


 514 0079 0B       		.uleb128 0xb
 515 007a 3B       		.uleb128 0x3b
 516 007b 0B       		.uleb128 0xb
 517 007c 39       		.uleb128 0x39
 518 007d 0B       		.uleb128 0xb
 519 007e 01       		.uleb128 0x1
 520 007f 13       		.uleb128 0x13
 521 0080 00       		.byte	0
 522 0081 00       		.byte	0
 523 0082 0B       		.uleb128 0xb
 524 0083 0D       		.uleb128 0xd
 525 0084 00       		.byte	0
 526 0085 03       		.uleb128 0x3
 527 0086 08       		.uleb128 0x8
 528 0087 3A       		.uleb128 0x3a
 529 0088 0B       		.uleb128 0xb
 530 0089 3B       		.uleb128 0x3b
 531 008a 0B       		.uleb128 0xb
 532 008b 39       		.uleb128 0x39
 533 008c 0B       		.uleb128 0xb
 534 008d 49       		.uleb128 0x49
 535 008e 13       		.uleb128 0x13
 536 008f 00       		.byte	0
 537 0090 00       		.byte	0
 538 0091 0C       		.uleb128 0xc
 539 0092 0F       		.uleb128 0xf
 540 0093 00       		.byte	0
 541 0094 0B       		.uleb128 0xb
 542 0095 0B       		.uleb128 0xb
 543 0096 49       		.uleb128 0x49
 544 0097 13       		.uleb128 0x13
 545 0098 00       		.byte	0
 546 0099 00       		.byte	0
 547 009a 0D       		.uleb128 0xd
 548 009b 13       		.uleb128 0x13
 549 009c 01       		.byte	0x1
 550 009d 03       		.uleb128 0x3
 551 009e 0E       		.uleb128 0xe
 552 009f 0B       		.uleb128 0xb
 553 00a0 0B       		.uleb128 0xb
 554 00a1 3A       		.uleb128 0x3a
 555 00a2 0B       		.uleb128 0xb
 556 00a3 3B       		.uleb128 0x3b
 557 00a4 0B       		.uleb128 0xb
 558 00a5 39       		.uleb128 0x39
 559 00a6 0B       		.uleb128 0xb
 560 00a7 01       		.uleb128 0x1
 561 00a8 13       		.uleb128 0x13
 562 00a9 00       		.byte	0
 563 00aa 00       		.byte	0
 564 00ab 0E       		.uleb128 0xe
 565 00ac 26       		.uleb128 0x26
 566 00ad 00       		.byte	0
 567 00ae 49       		.uleb128 0x49
 568 00af 13       		.uleb128 0x13
 569 00b0 00       		.byte	0
 570 00b1 00       		.byte	0
ARM GAS  C:\Users\angio\AppData\Local\Temp\cckd3S4v.s 			page 11


 571 00b2 0F       		.uleb128 0xf
 572 00b3 01       		.uleb128 0x1
 573 00b4 01       		.byte	0x1
 574 00b5 49       		.uleb128 0x49
 575 00b6 13       		.uleb128 0x13
 576 00b7 01       		.uleb128 0x1
 577 00b8 13       		.uleb128 0x13
 578 00b9 00       		.byte	0
 579 00ba 00       		.byte	0
 580 00bb 10       		.uleb128 0x10
 581 00bc 21       		.uleb128 0x21
 582 00bd 00       		.byte	0
 583 00be 49       		.uleb128 0x49
 584 00bf 13       		.uleb128 0x13
 585 00c0 2F       		.uleb128 0x2f
 586 00c1 0B       		.uleb128 0xb
 587 00c2 00       		.byte	0
 588 00c3 00       		.byte	0
 589 00c4 11       		.uleb128 0x11
 590 00c5 34       		.uleb128 0x34
 591 00c6 00       		.byte	0
 592 00c7 03       		.uleb128 0x3
 593 00c8 0E       		.uleb128 0xe
 594 00c9 3A       		.uleb128 0x3a
 595 00ca 0B       		.uleb128 0xb
 596 00cb 3B       		.uleb128 0x3b
 597 00cc 0B       		.uleb128 0xb
 598 00cd 39       		.uleb128 0x39
 599 00ce 0B       		.uleb128 0xb
 600 00cf 49       		.uleb128 0x49
 601 00d0 13       		.uleb128 0x13
 602 00d1 3F       		.uleb128 0x3f
 603 00d2 19       		.uleb128 0x19
 604 00d3 3C       		.uleb128 0x3c
 605 00d4 19       		.uleb128 0x19
 606 00d5 00       		.byte	0
 607 00d6 00       		.byte	0
 608 00d7 12       		.uleb128 0x12
 609 00d8 34       		.uleb128 0x34
 610 00d9 00       		.byte	0
 611 00da 47       		.uleb128 0x47
 612 00db 13       		.uleb128 0x13
 613 00dc 3A       		.uleb128 0x3a
 614 00dd 0B       		.uleb128 0xb
 615 00de 3B       		.uleb128 0x3b
 616 00df 0B       		.uleb128 0xb
 617 00e0 39       		.uleb128 0x39
 618 00e1 0B       		.uleb128 0xb
 619 00e2 00       		.byte	0
 620 00e3 00       		.byte	0
 621 00e4 13       		.uleb128 0x13
 622 00e5 2E       		.uleb128 0x2e
 623 00e6 01       		.byte	0x1
 624 00e7 3F       		.uleb128 0x3f
 625 00e8 19       		.uleb128 0x19
 626 00e9 03       		.uleb128 0x3
 627 00ea 0E       		.uleb128 0xe
ARM GAS  C:\Users\angio\AppData\Local\Temp\cckd3S4v.s 			page 12


 628 00eb 3A       		.uleb128 0x3a
 629 00ec 0B       		.uleb128 0xb
 630 00ed 3B       		.uleb128 0x3b
 631 00ee 0B       		.uleb128 0xb
 632 00ef 39       		.uleb128 0x39
 633 00f0 0B       		.uleb128 0xb
 634 00f1 27       		.uleb128 0x27
 635 00f2 19       		.uleb128 0x19
 636 00f3 49       		.uleb128 0x49
 637 00f4 13       		.uleb128 0x13
 638 00f5 01       		.uleb128 0x1
 639 00f6 13       		.uleb128 0x13
 640 00f7 00       		.byte	0
 641 00f8 00       		.byte	0
 642 00f9 14       		.uleb128 0x14
 643 00fa 05       		.uleb128 0x5
 644 00fb 00       		.byte	0
 645 00fc 03       		.uleb128 0x3
 646 00fd 08       		.uleb128 0x8
 647 00fe 3A       		.uleb128 0x3a
 648 00ff 0B       		.uleb128 0xb
 649 0100 3B       		.uleb128 0x3b
 650 0101 0B       		.uleb128 0xb
 651 0102 39       		.uleb128 0x39
 652 0103 0B       		.uleb128 0xb
 653 0104 49       		.uleb128 0x49
 654 0105 13       		.uleb128 0x13
 655 0106 00       		.byte	0
 656 0107 00       		.byte	0
 657 0108 15       		.uleb128 0x15
 658 0109 2E       		.uleb128 0x2e
 659 010a 01       		.byte	0x1
 660 010b 3F       		.uleb128 0x3f
 661 010c 19       		.uleb128 0x19
 662 010d 03       		.uleb128 0x3
 663 010e 0E       		.uleb128 0xe
 664 010f 3A       		.uleb128 0x3a
 665 0110 0B       		.uleb128 0xb
 666 0111 3B       		.uleb128 0x3b
 667 0112 0B       		.uleb128 0xb
 668 0113 39       		.uleb128 0x39
 669 0114 0B       		.uleb128 0xb
 670 0115 27       		.uleb128 0x27
 671 0116 19       		.uleb128 0x19
 672 0117 00       		.byte	0
 673 0118 00       		.byte	0
 674 0119 00       		.byte	0
 675              		.section	.gnu.debuglto_.debug_line,"e",%progbits
 676              	.Ldebug_line0:
 677 0000 38020000 		.4byte	.LELT0-.LSLT0
 678              	.LSLT0:
 679 0004 0400     		.2byte	0x4
 680 0006 32020000 		.4byte	.LELTP0-.LASLTP0
 681              	.LASLTP0:
 682 000a 01       		.byte	0x1
 683 000b 01       		.byte	0x1
 684 000c 01       		.byte	0x1
ARM GAS  C:\Users\angio\AppData\Local\Temp\cckd3S4v.s 			page 13


 685 000d F6       		.byte	0xf6
 686 000e F2       		.byte	0xf2
 687 000f 0D       		.byte	0xd
 688 0010 00       		.byte	0
 689 0011 01       		.byte	0x1
 690 0012 01       		.byte	0x1
 691 0013 01       		.byte	0x1
 692 0014 01       		.byte	0x1
 693 0015 00       		.byte	0
 694 0016 00       		.byte	0
 695 0017 00       		.byte	0
 696 0018 01       		.byte	0x1
 697 0019 00       		.byte	0
 698 001a 00       		.byte	0
 699 001b 01       		.byte	0x1
 700 001c 2E2E2F2E 		.ascii	"../../chibios2111/os/hal/include"
 700      2E2F6368 
 700      6962696F 
 700      73323131 
 700      312F6F73 
 701 003c 00       		.byte	0
 702 003d 2E2E2F2E 		.ascii	"../../chibios2111/os/hal/ports/STM32/LLD/GPIOv2"
 702      2E2F6368 
 702      6962696F 
 702      73323131 
 702      312F6F73 
 703 006c 00       		.byte	0
 704 006d 2E2E2F2E 		.ascii	"../../ugfx/drivers/ginput/toggle/Pal"
 704      2E2F7567 
 704      66782F64 
 704      72697665 
 704      72732F67 
 705 0091 00       		.byte	0
 706 0092 633A5C63 		.ascii	"c:\\chibistudio\\tools\\gnu tools arm embedded\\10."
 706      68696269 
 706      73747564 
 706      696F5C74 
 706      6F6F6C73 
 707 00c1 33203230 		.ascii	"3 2021.10\\arm-none-eabi\\include\\machine"
 707      32312E31 
 707      305C6172 
 707      6D2D6E6F 
 707      6E652D65 
 708 00e8 00       		.byte	0
 709 00e9 633A5C63 		.ascii	"c:\\chibistudio\\tools\\gnu tools arm embedded\\10."
 709      68696269 
 709      73747564 
 709      696F5C74 
 709      6F6F6C73 
 710 0118 33203230 		.ascii	"3 2021.10\\arm-none-eabi\\include\\sys"
 710      32312E31 
 710      305C6172 
 710      6D2D6E6F 
 710      6E652D65 
 711 013b 00       		.byte	0
 712 013c 633A5C63 		.ascii	"c:\\chibistudio\\tools\\gnu tools arm embedded\\10."
 712      68696269 
ARM GAS  C:\Users\angio\AppData\Local\Temp\cckd3S4v.s 			page 14


 712      73747564 
 712      696F5C74 
 712      6F6F6C73 
 713 016b 33203230 		.ascii	"3 2021.10\\arm-none-eabi\\include"
 713      32312E31 
 713      305C6172 
 713      6D2D6E6F 
 713      6E652D65 
 714 018a 00       		.byte	0
 715 018b 633A5C63 		.ascii	"c:\\chibistudio\\ugfx\\src\\ginput"
 715      68696269 
 715      73747564 
 715      696F5C75 
 715      6766785C 
 716 01a9 00       		.byte	0
 717 01aa 00       		.byte	0
 718 01ab 5F646566 		.ascii	"_default_types.h\000"
 718      61756C74 
 718      5F747970 
 718      65732E68 
 718      00
 719 01bc 04       		.uleb128 0x4
 720 01bd 00       		.uleb128 0
 721 01be 00       		.uleb128 0
 722 01bf 5F737464 		.ascii	"_stdint.h\000"
 722      696E742E 
 722      6800
 723 01c9 05       		.uleb128 0x5
 724 01ca 00       		.uleb128 0
 725 01cb 00       		.uleb128 0
 726 01cc 73746469 		.ascii	"stdint.h\000"
 726      6E742E68 
 726      00
 727 01d5 06       		.uleb128 0x6
 728 01d6 00       		.uleb128 0
 729 01d7 00       		.uleb128 0
 730 01d8 73746D33 		.ascii	"stm32_gpio.h\000"
 730      325F6770 
 730      696F2E68 
 730      00
 731 01e5 02       		.uleb128 0x2
 732 01e6 00       		.uleb128 0
 733 01e7 00       		.uleb128 0
 734 01e8 68616C5F 		.ascii	"hal_pal_lld.h\000"
 734      70616C5F 
 734      6C6C642E 
 734      6800
 735 01f6 02       		.uleb128 0x2
 736 01f7 00       		.uleb128 0
 737 01f8 00       		.uleb128 0
 738 01f9 68616C5F 		.ascii	"hal_pal.h\000"
 738      70616C2E 
 738      6800
 739 0203 01       		.uleb128 0x1
 740 0204 00       		.uleb128 0
 741 0205 00       		.uleb128 0
 742 0206 67696E70 		.ascii	"ginput_driver_toggle.h\000"
ARM GAS  C:\Users\angio\AppData\Local\Temp\cckd3S4v.s 			page 15


 742      75745F64 
 742      72697665 
 742      725F746F 
 742      67676C65 
 743 021d 07       		.uleb128 0x7
 744 021e 00       		.uleb128 0
 745 021f 00       		.uleb128 0
 746 0220 67696E70 		.ascii	"ginput_lld_toggle_Pal.c\000"
 746      75745F6C 
 746      6C645F74 
 746      6F67676C 
 746      655F5061 
 747 0238 03       		.uleb128 0x3
 748 0239 00       		.uleb128 0
 749 023a 00       		.uleb128 0
 750 023b 00       		.byte	0
 751              	.LELTP0:
 752              	.LELT0:
 753              		.section	.gnu.debuglto_.debug_str,"eMS",%progbits,1
 754              	.LASF1:
 755 0000 6C6F6E67 		.ascii	"long long int\000"
 755      206C6F6E 
 755      6720696E 
 755      7400
 756              	.LASF20:
 757 000e 4F535045 		.ascii	"OSPEEDR\000"
 757      45445200 
 758              	.LASF41:
 759 0016 67696E70 		.ascii	"ginput_lld_toggle_getbits\000"
 759      75745F6C 
 759      6C645F74 
 759      6F67676C 
 759      655F6765 
 760              	.LASF17:
 761 0030 636C6561 		.ascii	"clear\000"
 761      7200
 762              	.LASF18:
 763 0036 4D4F4445 		.ascii	"MODER\000"
 763      5200
 764              	.LASF14:
 765 003c 75696E74 		.ascii	"uint_fast8_t\000"
 765      5F666173 
 765      74385F74 
 765      00
 766              	.LASF22:
 767 0049 42535252 		.ascii	"BSRR\000"
 767      00
 768              	.LASF38:
 769 004e 433A5C43 		.ascii	"C:\\ChibiStudio\\workspace_user\\RT-STM32G474RE-NUC"
 769      68696269 
 769      53747564 
 769      696F5C77 
 769      6F726B73 
 770 007e 4C454F36 		.ascii	"LEO64\000"
 770      3400
 771              	.LASF5:
 772 0084 73686F72 		.ascii	"short int\000"
ARM GAS  C:\Users\angio\AppData\Local\Temp\cckd3S4v.s 			page 16


 772      7420696E 
 772      7400
 773              	.LASF29:
 774 008e 706F7274 		.ascii	"portid\000"
 774      696400
 775              	.LASF27:
 776 0095 696F706F 		.ascii	"ioportmask_t\000"
 776      72746D61 
 776      736B5F74 
 776      00
 777              	.LASF19:
 778 00a2 4F545950 		.ascii	"OTYPER\000"
 778      455200
 779              	.LASF11:
 780 00a9 6C6F6E67 		.ascii	"long long unsigned int\000"
 780      206C6F6E 
 780      6720756E 
 780      7369676E 
 780      65642069 
 781              	.LASF4:
 782 00c0 756E7369 		.ascii	"unsigned char\000"
 782      676E6564 
 782      20636861 
 782      7200
 783              	.LASF25:
 784 00ce 41465248 		.ascii	"AFRH\000"
 784      00
 785              	.LASF10:
 786 00d3 6C6F6E67 		.ascii	"long unsigned int\000"
 786      20756E73 
 786      69676E65 
 786      6420696E 
 786      7400
 787              	.LASF6:
 788 00e5 73686F72 		.ascii	"short unsigned int\000"
 788      7420756E 
 788      7369676E 
 788      65642069 
 788      6E7400
 789              	.LASF24:
 790 00f8 4146524C 		.ascii	"AFRL\000"
 790      00
 791              	.LASF8:
 792 00fd 5F5F7569 		.ascii	"__uint16_t\000"
 792      6E743136 
 792      5F7400
 793              	.LASF9:
 794 0108 5F5F7569 		.ascii	"__uint32_t\000"
 794      6E743332 
 794      5F7400
 795              	.LASF0:
 796 0113 756E7369 		.ascii	"unsigned int\000"
 796      676E6564 
 796      20696E74 
 796      00
 797              	.LASF42:
 798 0120 67696E70 		.ascii	"ginput_lld_toggle_init\000"
ARM GAS  C:\Users\angio\AppData\Local\Temp\cckd3S4v.s 			page 17


 798      75745F6C 
 798      6C645F74 
 798      6F67676C 
 798      655F696E 
 799              	.LASF15:
 800 0137 63686172 		.ascii	"char\000"
 800      00
 801              	.LASF34:
 802 013c 6D6F6465 		.ascii	"mode\000"
 802      00
 803              	.LASF23:
 804 0141 4C4F434B 		.ascii	"LOCKR\000"
 804      5200
 805              	.LASF26:
 806 0147 73746D33 		.ascii	"stm32_gpio_t\000"
 806      325F6770 
 806      696F5F74 
 806      00
 807              	.LASF2:
 808 0154 6C6F6E67 		.ascii	"long double\000"
 808      20646F75 
 808      626C6500 
 809              	.LASF21:
 810 0160 50555044 		.ascii	"PUPDR\000"
 810      5200
 811              	.LASF36:
 812 0166 474E5520 		.ascii	"GNU C17 10.3.1 20210824 (release) -mcpu=cortex-m4 -"
 812      43313720 
 812      31302E33 
 812      2E312032 
 812      30323130 
 813 0199 6D746875 		.ascii	"mthumb -mfloat-abi=soft -march=armv7e-m -ggdb -O0 -"
 813      6D62202D 
 813      6D666C6F 
 813      61742D61 
 813      62693D73 
 814 01cc 666F6D69 		.ascii	"fomit-frame-pointer -falign-functions=16 -ffunction"
 814      742D6672 
 814      616D652D 
 814      706F696E 
 814      74657220 
 815 01ff 2D736563 		.ascii	"-sections -fdata-sections -fno-common -flto\000"
 815      74696F6E 
 815      73202D66 
 815      64617461 
 815      2D736563 
 816              	.LASF30:
 817 022b 6D61736B 		.ascii	"mask\000"
 817      00
 818              	.LASF33:
 819 0230 696E7665 		.ascii	"invert\000"
 819      727400
 820              	.LASF37:
 821 0237 2E2E2F2E 		.ascii	"../../ugfx/drivers/ginput/toggle/Pal/ginput_lld_tog"
 821      2E2F7567 
 821      66782F64 
 821      72697665 
ARM GAS  C:\Users\angio\AppData\Local\Temp\cckd3S4v.s 			page 18


 821      72732F67 
 822 026a 676C655F 		.ascii	"gle_Pal.c\000"
 822      50616C2E 
 822      6300
 823              	.LASF31:
 824 0274 6F666673 		.ascii	"offset\000"
 824      657400
 825              	.LASF28:
 826 027b 696F706F 		.ascii	"ioportid_t\000"
 826      72746964 
 826      5F7400
 827              	.LASF12:
 828 0286 75696E74 		.ascii	"uint16_t\000"
 828      31365F74 
 828      00
 829              	.LASF13:
 830 028f 75696E74 		.ascii	"uint32_t\000"
 830      33325F74 
 830      00
 831              	.LASF7:
 832 0298 6C6F6E67 		.ascii	"long int\000"
 832      20696E74 
 832      00
 833              	.LASF40:
 834 02a1 47496E70 		.ascii	"GInputToggleConfigTable\000"
 834      7574546F 
 834      67676C65 
 834      436F6E66 
 834      69675461 
 835              	.LASF3:
 836 02b9 7369676E 		.ascii	"signed char\000"
 836      65642063 
 836      68617200 
 837              	.LASF39:
 838 02c5 47546F67 		.ascii	"GToggleConfig_t\000"
 838      676C6543 
 838      6F6E6669 
 838      675F7400 
 839              	.LASF16:
 840 02d5 5F426F6F 		.ascii	"_Bool\000"
 840      6C00
 841              	.LASF32:
 842 02db 494F4275 		.ascii	"IOBus\000"
 842      7300
 843              	.LASF35:
 844 02e1 47546F67 		.ascii	"GToggleConfig\000"
 844      676C6543 
 844      6F6E6669 
 844      6700
 845              		.text
 846              		.section	.gnu.lto_.inline.1f2b4c6b,"e",%progbits
 847 0000 789C8B62 		.ascii	"x\234\213b@\000&\006\006\356\206\206\206\015L\351@6"
 847      40002606 
 847      06EE8686 
 847      860D4CE9 
 847      4036
 848 0012 1790D5C0 		.ascii	"\027\220\325\300\234\312\300\300\302\320\010d\3251\201"
ARM GAS  C:\Users\angio\AppData\Local\Temp\cckd3S4v.s 			page 19


 848      9CCAC0C0 
 848      C2D00864 
 848      D53181
 849 0021 A4195878 		.ascii	"\244\031Xx\201\004\363\004?\020dd`\007J<`N\003\252f"
 849      8104F304 
 849      3F106464 
 849      60074A3C 
 849      604E03AA 
 850 0036 01AB4E41 		.ascii	"\001\253NAS\315\314\003$\030'\3701\000\000\266\033\023"
 850      53CDCC03 
 850      241827F8 
 850      310000B6 
 850      1B13
 851 0048 5D       		.ascii	"]"
 852              		.text
 853              		.section	.gnu.lto_.jmpfuncs.1f2b4c6b,"e",%progbits
 854 0000 789C6362 		.ascii	"x\234cb@\006\000\000*\000\003"
 854      40060000 
 854      2A0003
 855              		.text
 856              		.section	.gnu.lto_.lto.1f2b4c6b,"e",%progbits
 857 0000 09000400 		.ascii	"\011\000\004\000\001\000\000\000"
 857      01000000 
 858              		.text
 859              		.section	.gnu.lto_GInputToggleConfigTable.402.1f2b4c6b,"e",%progbits
 860 0000 789C6DCE 		.ascii	"x\234m\316=\016\3020\014\206a\277q\004\013#\007(G\200"
 860      3D0EC230 
 860      0C8661BF 
 860      71040B23 
 860      07284780 
 861 0014 8DDB454C 		.ascii	"\215\333EL\035Qg\272\345\010\345\377\257p\262\232\252"
 861      1D5167BA 
 861      E508E5FF 
 861      AF70B29A 
 861      AA
 862 0025 A452DB28 		.ascii	"\244R\333(\262\034}~\344\254\020\261\333\236\203RhT"
 862      B21C7D7E 
 862      E4AC10B1 
 862      DB9E8352 
 862      6854
 863 0037 214BDDBC 		.ascii	"!K\335\274\353 \354C\355\355\265\335\345a\021\325\225"
 863      EB20EC43 
 863      EDEDB5DD 
 863      E56111D5 
 863      95
 864 0048 969E282D 		.ascii	"\226\236(-9ZuTt\243\212O\\z\236\217\371\255\345\327"
 864      395A7554 
 864      74A38A4F 
 864      5C7A9E8F 
 864      F9ADE5D7 
 865 005c 21D7C467 		.ascii	"!\327\304g\223\3409\004.\201\351\015u\017\306\277\377"
 865      93E03904 
 865      2E81E90D 
 865      750FC6BF 
 865      FF
 866 006d AFFF25CB 		.ascii	"\257\377%\313\250\2365_\330\360\2017\274\340\001w\270"
 866      A89E355F 
ARM GAS  C:\Users\angio\AppData\Local\Temp\cckd3S4v.s 			page 20


 866      D8F08137 
 866      BCE00177 
 866      B8
 867 007e C0196900 		.ascii	"\300\031i\000\021\343DO"
 867      11E3444F 
 868              		.text
 869              		.section	.gnu.lto_ginput_lld_toggle_init.403.1f2b4c6b,"e",%progbits
 870 0000 789C7D51 		.ascii	"x\234}QMkSA\024\275g\356KLlu\335\235-\010\342\"yRcJ"
 870      4D6B5341 
 870      14BD67EE 
 870      4B4C6C75 
 870      DD9D2D08 
 871 001a 85AE4271 		.ascii	"\205\256Bq\323Zi\353.\020\362\361\022\037\006\023\362"
 871      D35A69EB 
 871      2E10F2F1 
 871      121F0613 
 871      F2
 872 002b D10A5D64 		.ascii	"\321\012]d,\325E7\251\265;k\026\341)\"\202+\265\237"
 872      2CD54537 
 872      A9B53B6B 
 872      16E12922 
 872      822BB59F 
 873 003f 12FC0552 		.ascii	"\022\374\005R\350\276+\027.J\351\252\202\022\357{\211"
 873      E8BE2B17 
 873      2E4AE9AA 
 873      8212EF7B 
 873      89
 874 0050 4417E930 		.ascii	"D\027\3510s\271\367\3149s\317\314\274\007\321&\021\215"
 874      73B9F7CC 
 874      3973CFCC 
 874      BC07D126 
 874      118D
 875 0062 C82226AC 		.ascii	"\310\"&\254?_U\324n\267k\206\302\223\253\330\206\227"
 875      3F5F55D4 
 875      6EB76B86 
 875      C293ABD8 
 875      8697
 876 0074 836A0A35 		.ascii	"\203j\0125\274\340\353Z\353\263\327\215\267\203O\207"
 876      BCE0EB5A 
 876      EBB3D78D 
 876      B7834F87 
 877 0084 1C266A30 		.ascii	"\034&j0u\306&c\235\035\006\214n\2460,\031/\322\265\226"
 877      75C62663 
 877      9D1D068C 
 877      6EA6302C 
 877      192FD2B5 
 878 0099 D6DF7E6C 		.ascii	"\326\337~li\035$\207\031\237!\032|\002>Jc\001\226^\372"
 878      691D2487 
 878      199F211A 
 878      7C023E4A 
 878      6301965E 
 879 00ae 88FC7F4F 		.ascii	"\210\374\177O\022\214>\034\370Z\372W\273\256\365\357"
 879      128C3E1C 
 879      F85AFA57 
 879      BBAEF5EF 
 880 00be EF78A702 		.ascii	"\357x\247\002\020\232\241$\370X\202\337p\203\037\330"
 880      109AA124 
ARM GAS  C:\Users\angio\AppData\Local\Temp\cckd3S4v.s 			page 21


 880      F85882DF 
 880      70831FD8 
 881 00ce 126E9D5D 		.ascii	"\022n\235]\253\336\270\"\345\032\253^\011:\306\362\336"
 881      ABDEB822 
 881      E51AAB5E 
 881      093AC6F2 
 881      DE
 882 00df CF0DD564 		.ascii	"\317\015\325dt=1\\\237o w\0108|\241\311~\354\200n\254"
 882      743D315C 
 882      9F6F2077 
 882      08387CA1 
 882      C97EEC80 
 883 00f5 786500BB 		.ascii	"xe\000\273x\345\231pu\301&\253\256*\370\237\352\242"
 883      78E59970 
 883      75C126AB 
 883      AE2AF89F 
 883      EAA2
 884 0107 1C877D51 		.ascii	"\034\207}Qu\312\001|\021\025z*\356\337a\020-\341\252"
 884      75CA017C 
 884      11157A2A 
 884      EEDF6110 
 884      2DE1AA
 885 011a 1ED7388F 		.ascii	"\036\3278\217\373U\270\256\235\023<\033\246\025(\207"
 885      FB55B8AE 
 885      9D133C1B 
 885      A6152887 
 886 012a 2F35DC46 		.ascii	"/5\334FbL\272\210\330\341\313t\212\345\243C\303\373"
 886      624CBA88 
 886      D8E1CB74 
 886      8AE5A343 
 886      C3FB
 887 013c 813AE3DF 		.ascii	"\201:\343\337\267 \212\306n\307c\017\354\224=W\251f"
 887      B7208AC6 
 887      6EC7630F 
 887      EC943D57 
 887      A966
 888 014e EC427CB1 		.ascii	"\354B|\261PzX.&\323V\242Z\266J\361\331\371\320\334\374"
 888      507A582E 
 888      26D356A2 
 888      5AB64AF1 
 888      D9F9D0DC 
 889 0163 F4CDD13B 		.ascii	"\364\315\321;\221\261\310\354d\350\356\375\330\324\344"
 889      91B1C8EC 
 889      64E8EEFD 
 889      D8D4E4
 890 0172 4C344213 		.ascii	"L4B\023\341\260)\263\232\313>63%{\301*\225\315\234\375"
 890      E1B029B3 
 890      9ACB3E36 
 890      33257BC1 
 890      2A95CD9C 
 891 0187 A858AD98 		.ascii	"\250X\255\230\225B.\227\267\314{\311|\027I\344\363\231"
 891      95422E97 
 891      B7CC7BC9 
 891      7C1749E4 
 891      F399
 892 0199 44074D08 		.ascii	"D\007M\010\032N\023\027+\351\221>\233\341\350\330\255"
 892      1A4E1317 
ARM GAS  C:\Users\angio\AppData\Local\Temp\cckd3S4v.s 			page 22


 892      2BE9913E 
 892      9BE1E8D8 
 892      AD
 893 01aa 6C6ADC4A 		.ascii	"lj\334J\321\037\362\317\274\232"
 893      D11FF2CF 
 893      BC9A
 894              		.text
 895              		.section	.gnu.lto_ginput_lld_toggle_getbits.404.1f2b4c6b,"e",%progbits
 896 0000 789C7550 		.ascii	"x\234uPMK\033Q\024\275g\356L\214\277B\213\025qa\246"
 896      4D4B1B51 
 896      14BD67EE 
 896      4C8CBF42 
 896      8B157161 
 897 0015 D43462A1 		.ascii	"\3244b\241 \004q\343\027~\354\002\301$c:\030\232\220"
 897      200471E3 
 897      177EEC02 
 897      C124633A 
 897      189A90
 898 0028 8F2AB8C8 		.ascii	"\217*\270\3103\304\215\233h\334\306 a\024\005\333B\261"
 898      33C48D9B 
 898      68DCC620 
 898      611405DB 
 898      42B1
 899 003a D4521759 		.ascii	"\324R\027Y\272\024\267\245PJ\301MiCW\025\012\351\235"
 899      BA14B7A5 
 899      504AC14D 
 899      69435715 
 899      0AE99D
 900 004d 69A081D2 		.ascii	"i\240\201\322\313{p\357y\347\236{\356[\003Q\215\210"
 900      CB7B70EF 
 900      79E79E7B 
 900      EE5B0351 
 900      8D88
 901 005f 4CB9A413 		.ascii	"L\271\244\023\252{;\032\265\333\355\242\256a\177o\347"
 901      AA7B3B1A 
 901      B5DBEDA2 
 901      AE617F6F 
 901      E7
 902 0070 7B7500EF 		.ascii	"{u\000\357\340\325\214-\335K@E\215Q\304>\327\030Uv\230"
 902      E0D58C2D 
 902      DD4B4045 
 902      8D51C43E 
 902      D7185576 
 903 0085 A07732A0 		.ascii	"\240w2\240\177\270\251\324\317\243\372Y\260v\322\324"
 903      7FB8A9D4 
 903      CFA3FA59 
 903      B076D2D4 
 904 0095 1DD6A82E 		.ascii	"\035\326\250.\357o\200s\270\023\204\307\3534$\234\353"
 904      EF6F8073 
 904      B81384C7 
 904      EB34249C 
 904      EB
 905 00a6 BB0BA57A 		.ascii	"\273\013\245z\311a\306[tq\004\330T\006\221\217\334N"
 905      C961C65B 
 905      747104D8 
 905      5406918F 
 905      DC4E
ARM GAS  C:\Users\angio\AppData\Local\Temp\cckd3S4v.s 			page 23


 906 00b8 09C130D8 		.ascii	"\011\3010\330\334V\255\027\257[\207\270R\377\212\322"
 906      DC56AD17 
 906      AF5B87B8 
 906      52FF8AD2 
 907 00c8 AB1BA3A9 		.ascii	"\253\033\243\251~\265+J\335~\306\355G\335\007\221\021"
 907      7EB52B4A 
 907      DD7EC6ED 
 907      47DD0791 
 907      11
 908 00d9 C3B88041 		.ascii	"\303\270\200A.\235*\354.\345E\237\364\354\262\366\267"
 908      2E9D2AEC 
 908      2EE5459F 
 908      F4ECB2F6 
 908      B7
 909 00ea 047D43E9 		.ascii	"\004}C\351\362\364~\203\321Y\203\341\032=\206R\312\357"
 909      F2F47E83 
 909      D15983E1 
 909      1A3D8652 
 909      CAEF
 910 00fc B0D110E0 		.ascii	"\260\321\020\340=\350A\331+}\270\304\201\347\254\205"
 910      3DE841D9 
 910      2B7DB8C4 
 910      81E7AC85 
 911 010c F2E16883 		.ascii	"\362\341h\203\21524\207{\352\322E\242\341\260\237\334"
 911      8D323487 
 911      7BEAD245 
 911      A2E1B09F 
 911      DC
 912 011d 09DC3501 		.ascii	"\011\3345\001_\2615A\003\242\327zYR%ML\365v\326s\343"
 912      5FB13541 
 912      03A2D77A 
 912      5952254D 
 912      4CF576D6 
 913 0133 074A9F3E 		.ascii	"\007J\237>|\361\313O\213\232\013T\030\335v\211B\341"
 913      7CF1CB4F 
 913      8B9A0B54 
 913      18DD7689 
 913      42E1
 914 0145 C791F053 		.ascii	"\307\221\360S;f/\346\013\011;\035YOg\327r\231\225\270"
 914      3B662FE6 
 914      0B093B1D 
 914      594F67D7 
 914      729995B8 
 915 0159 152DE4AC 		.ascii	"\025-\344\254ldaidqif\364\341Tp,\270092\273\034\236"
 915      6C646169 
 915      64716966 
 915      F4E15470 
 915      2CB83039 
 916 0171 9E9C0B05 		.ascii	"\236\234\013\005\351I `\312)$W7\314D\326~nesf\322~\226"
 916      E9492060 
 916      CA292457 
 916      37CC44D6 
 916      7E6E6573 
 917 0189 29E4CD7C 		.ascii	")\344\315|:\231LY\346\374J\252\203DS\251D\364\017\032"
 917      3A994C59 
 917      E6FC4AAA 
 917      834453A9 
ARM GAS  C:\Users\angio\AppData\Local\Temp\cckd3S4v.s 			page 24


 917      44F40F1A 
 918 019d 15341027 		.ascii	"\0254\020'\316\344\343\367\376\363\030\010\215=Z\215"
 918      CEE4E3F7 
 918      FEF31808 
 918      8D3D5A8D 
 919 01ad 8D5B31FA 		.ascii	"\215[1\372\015F~\275\037"
 919      0D467EBD 
 919      1F
 920              		.text
 921              		.section	.gnu.lto_.symbol_nodes.1f2b4c6b,"e",%progbits
 922 0000 789C7D8A 		.ascii	"x\234}\212\313\021@@\024\004gv\210C.\004\366\336\236"
 922      CB114040 
 922      14046776 
 922      88432E04 
 922      F6DE9E
 923 0013 5C955F00 		.ascii	"\\\225_\000\344!\004)\261\224*\034\350\323LuOH\204N"
 923      E4210429 
 923      B1942A1C 
 923      E8D34C75 
 923      4F48844E 
 924 0027 86EDA260 		.ascii	"\206\355\242`\263\002\006,1\022\304\031\3642\376\005"
 924      B302062C 
 924      3112C419 
 924      F432FE05 
 925 0037 792BD465 		.ascii	"y+\324e\032\034d\341]\002\356~d\034e\372p\302\303\314"
 925      1A1C64E1 
 925      5D02EE7E 
 925      641C65FA 
 925      70C2C3CC 
 926 004b 14B3FB56 		.ascii	"\024\263\373V\330\001 \000D\355"
 926      D8012000 
 926      44ED
 927              		.text
 928              		.section	.gnu.lto_.refs.1f2b4c6b,"e",%progbits
 929 0000 789C6364 		.ascii	"x\234cd\000\002\000\000\012\000\002"
 929      00020000 
 929      0A0002
 930              		.text
 931              		.section	.gnu.lto_.decls.1f2b4c6b,"e",%progbits
 932 0000 789CA556 		.ascii	"x\234\245VkP\024W\026\276\347v\317\203v\024J1\356\243"
 932      6B501457 
 932      16BEE776 
 932      CF837614 
 932      4A31EEA3 
 933 0014 CA622D12 		.ascii	"\312b-\022\251\332\322YF\203Ij\263\305\006\360Q\022"
 933      A9DAD259 
 933      4683496A 
 933      B3C506F0 
 933      5112
 934 0026 A146AD2D 		.ascii	"\241F\255-\266\250\232Bz\030\246\002\014\313\014\306"
 934      B6A89A42 
 934      7A18A602 
 934      0CCB0CC6 
 935 0036 9FADE373 		.ascii	"\237\255\343sU\304\350\252\021\227\340\262\3067\022"
 935      55C4E8AA 
 935      1197E0B2 
 935      C63712
ARM GAS  C:\Users\angio\AppData\Local\Temp\cckd3S4v.s 			page 25


 936 0045 75157595 		.ascii	"u\025u\225\011FE\215\006|\005\305\210\370Dq\025\337"
 936      0946458D 
 936      067C05C5 
 936      88F84471 
 936      15DF
 937 0057 4437BAE7 		.ascii	"D7\272\347\336\356\231\236aHm\266\266kN\367\364\355"
 937      DEEE999E 
 937      61486DB6 
 937      B66B4EF7 
 937      F4ED
 938 0069 EF7CE79C 		.ascii	"\357|\347\234\357\236{\273\177\030H\310H\201\220T \344"
 938      EF9E7BBB 
 938      7F1848C8 
 938      48819054 
 938      20E4
 939 007b 351E2221 		.ascii	"5\036\"!\244\225\350\007\273\377\012\255\031\355\022"
 939      A495E807 
 939      BBFF0AAD 
 939      19ED12
 940 008a DA353484 		.ascii	"\33254\204\222\347$\362x\200\203\006\274\346\240\271"
 940      92E724F2 
 940      78808306 
 940      BCE6A0B9 
 941 009a D09EA2C5 		.ascii	"\320\236\242\305\243=CCzr\037\355\021\303\221\376\217"
 941      A33D4343 
 941      7A721FED 
 941      11C391FE 
 941      8F
 942 00ab 45E81F8B 		.ascii	"E\350\037\213\327B\264\301\232o\257\306\365&\250\274"
 942      D742B4C1 
 942      9A6FAFC6 
 942      F526A8BC 
 943 00bb 8CF32DFC 		.ascii	"\214\363-\374?\026m\014\332\333h\343\320\336A\273\250"
 943      3F166D0C 
 943      DADB68E3 
 943      D0DE41BB 
 943      A8
 944 00cc E5CAE2FC 		.ascii	"\345\312\342\374\006\324X\017\321\250\226\377\245~b"
 944      06D4580F 
 944      D1A896FF 
 944      A57E62
 945 00db 2E479C14 		.ascii	".G\234\024\026/',f0\326\273h\235Z^\240\361SM\217k\375"
 945      162F272C 
 945      6630D6BB 
 945      689D5A5E 
 945      A0F1534D 
 946 00f2 705609F4 		.ascii	"pV\011\364\346\271+\307\244\233\240\312'\003@[\012\236"
 946      E6B92BC7 
 946      A49BA0CA 
 946      2703405B 
 946      0A9E
 947 0104 24F24781 		.ascii	"$\362G\201\304+T\241FY\240\222 \011\262\324\014\303"
 947      C42B54A1 
 947      4659A092 
 947      2009B2D4 
 947      0CC3
 948 0116 939E08A9 		.ascii	"\223\236\010\251f\232\024+\2317\035\2068\311`\246\264"
ARM GAS  C:\Users\angio\AppData\Local\Temp\cckd3S4v.s 			page 26


 948      669A142B 
 948      99371D86 
 948      38C960A6 
 948      B4
 949 0127 CB244B49 		.ascii	"\313$KI/`\033\2551&\244*\242\274dh\227I\241\225S\342"
 949      2F601BAD 
 949      3126A42A 
 949      A2BC6468 
 949      9749A195 
 950 013d C7A4E2B9 		.ascii	"\307\244\342\271\313\324\0142ze\213\3468\374\327e\222"
 950      CBD40C32 
 950      7A658BE6 
 950      38FCD765 
 950      92
 951 014e 9E08354B 		.ascii	"\236\0105K\215\362)\272p$4\203$\333\342\025EI5\233\207"
 951      8DF229BA 
 951      70243483 
 951      24DBE215 
 951      4549359B 
 952 0163 C736094D 		.ascii	"\3076\011M\302xB\314\346\372\272\241R\227)\026)\222"
 952      C27842CC 
 952      E6FABAA1 
 952      52972916 
 952      2992
 953 0175 E4843839 		.ascii	"\344\20489!\266\031\014\262,\305'\021LB\266\331R\251"
 953      21B6190C 
 953      B22CC527 
 953      114C42B6 
 953      D952A9
 954 0188 84CCA2B9 		.ascii	"\204\314\242\271\031l\002XlJg\3670\311 \305\014OH\""
 954      196C0258 
 954      6C4A67F7 
 954      30C920C5 
 954      0C4F4822 
 955 019c 4426E329 		.ascii	"D&\343)\362\012\257\203\007\2300\246\254\337\002$I\324"
 955      F20AAF83 
 955      079830A6 
 955      ACDF0224 
 955      49D4
 956 01ae 4685C95D 		.ascii	"F\205\311]&\224\206&\020\242\210f\213\005\024\274\304"
 956      26948626 
 956      10A28866 
 956      8B0514BC 
 956      C4
 957 01bf 3826CBD9 		.ascii	"8&\313\3316\211t\231(>\212\027A\241\240{JF\224\224\252"
 957      36897499 
 957      283E8A17 
 957      41A1A07B 
 957      4A469494 
 958 01d4 BA01FB41 		.ascii	"\272\001\373A\270\222\354F\307\022\3759\205\340c\025"
 958      B892EC46 
 958      C712FD39 
 958      85E06315 
 959 01e4 17E115E2 		.ascii	"\027\341\025\342\342\343\020\342\017:\350na\344\320"
 959      E2E310E2 
 959      0F3AE86E 
 959      61E4D0
ARM GAS  C:\Users\angio\AppData\Local\Temp\cckd3S4v.s 			page 27


 960 01f3 C71DD8C1 		.ascii	"\307\035\330\301\316\341\016z\216\241\3704\224\026\350"
 960      CEE10E7A 
 960      8EA1F834 
 960      9416E8
 961 0202 903E8973 		.ascii	"\220>\211s\026\010&\024}\010\301\266\371rE\373\002\303"
 961      16082614 
 961      7D08C1B6 
 961      F97245FB 
 961      02C3
 962 0214 2D944D59 		.ascii	"-\224MY\023\017C+S\011\010\277$\202\215X\025~\\\373"
 962      130F432B 
 962      530908BF 
 962      24828D58 
 962      157E5CFB 
 963 0228 98C05E95 		.ascii	"\230\300^\225a\326\200O\004\030\014\"\236\343!AX\013"
 963      61D6804F 
 963      04180C22 
 963      9EE32141 
 963      580B
 964 023a CC7DFDCE 		.ascii	"\314}\375\316\306E0D\305\006\324\014\017\000\374\023"
 964      C6453044 
 964      C506D40C 
 964      0F00FC13 
 965 024a A081DD08 		.ascii	"\240\201\335\010[8\350\370\367g\217H\034\024\010\202"
 965      5B38E8F8 
 965      F7678F48 
 965      1C140882 
 966 025a 0EEA2004 		.ascii	"\016\352 \004\3244ni3X\002\212\322\243\3244\211p\010"
 966      D4346E69 
 966      3358028A 
 966      D2A3D434 
 966      897008
 967 026d 603FC03E 		.ascii	"`?\300>\226|#p@\375\312C\201\001l\241\341\000xx\036"
 967      967C2370 
 967      40FDCA43 
 967      81016CA1 
 967      E1007878 
 968 0282 94E71187 		.ascii	"\224\347\021\207\017\217Un\275#\015C\366{\212\022\017"
 968      0F8F556E 
 968      BD230D43 
 968      F67B8A12 
 968      0F
 969 0293 85D004F0 		.ascii	"\205\320\004\360%\363=\214\365\007T\377\325\033N\277"
 969      25F33D8C 
 969      F50754FF 
 969      D51B4EBF 
 970 02a3 1247ACA9 		.ascii	"\022G\254\251Tz\037\236|\340\227\216\372\225M\254]\021"
 970      547A1F9E 
 970      7CE0978E 
 970      FA954DAC 
 970      5D11
 971 02b5 027BB434 		.ascii	"\002{\2644\010\376#\360\017\200\3350k\205A\330N\243"
 971      08FE23F0 
 971      0F80DD30 
 971      6B8541D8 
 971      4EA3
 972 02c7 E3E240EB 		.ascii	"\343\342@\353\271\315\237\017\012\305\312\011\305:\206"
ARM GAS  C:\Users\angio\AppData\Local\Temp\cckd3S4v.s 			page 28


 972      B9CD9F0F 
 972      0AC5CA09 
 972      C53A86
 973 02d6 BE47D558 		.ascii	"\276G\325X;/\315Yid\261z\266\355.U\303\034\0038\022"
 973      3B2FCD59 
 973      6964B17A 
 973      B6ED2E55 
 973      C31C0338 
 974 02eb 0A732414 		.ascii	"\012s$\024\246G\024\216Q\202u\214\344\355\031\313\377"
 974      A647148E 
 974      5182758C 
 974      E4ED19CB 
 974      FF
 975 02fc 11E13B1E 		.ascii	"\021\341;\036\372\305\212\275\035\026\211k\022\230\033"
 975      FAC58ABD 
 975      1D16896B 
 975      12981B
 976 030b 433445E0 		.ascii	"C4E\340k@L\003\300I\200\023\200\260g\325G/H<\303S\230"
 976      6B404C03 
 976      C0498013 
 976      80B067D5 
 976      472F483C 
 977 0322 A1708BFB 		.ascii	"\241p\213\373\266\\Y\17726\332\367\233>\276\015\027"
 977      B65C597F 
 977      3236DAF7 
 977      9B3EBE0D 
 977      17
 978 0333 0E1D16B9 		.ascii	"\016\035\026\271o\013\300i6\322>\357\213\212\310\351"
 978      6F0BC069 
 978      36D23EEF 
 978      8B8AC8E9 
 979 0343 24702638 		.ascii	"$p&8\231\2179\367\371\266\346\212\330\310\031?\013!"
 979      998F39F7 
 979      F9B6E68A 
 979      D8C8193F 
 979      0B21
 980 0355 1002CE1C 		.ascii	"\020\002\316\034\254>+\352\223yN\237\314\363x\022\024"
 980      AC3E2BEA 
 980      93794E9F 
 980      CCF37812 
 980      14
 981 0366 8181EEBC 		.ascii	"\201\201\356\274\330\365p`? \270\000\034\206\220\252"
 981      D8F57060 
 981      3F20B800 
 981      1C8690AA 
 982 0376 394F37A8 		.ascii	"9O7\250\225}\013\320\312\262;\336^\335\335\337D_D\277"
 982      957D0BD0 
 982      CAB23BDE 
 982      5EDDDDDF 
 982      445F44BF 
 983 038a 36D5E95E 		.ascii	"6\325\351^\233\377\027#\326(J\357\236\265\335\313\214"
 983      9BFF1723 
 983      D6284AEF 
 983      9EB5DDCB 
 983      8C
 984 039b EB94268A 		.ascii	"\353\224&\212O\341xH\374\343\374\"\234\340I\364W\355"
 984      4FE17848 
ARM GAS  C:\Users\angio\AppData\Local\Temp\cckd3S4v.s 			page 29


 984      FCE3FC22 
 984      9CE049F4 
 984      57ED
 985 03ad E560B5E7 		.ascii	"\345`\265\3479\344F\347k\305\022\331\272\337A\010\204"
 985      39E446E7 
 985      6BC512D9 
 985      BADF4108 
 985      84
 986 03be 80B357BE 		.ascii	"\200\263W\276j\223\364B\256\350\325v\250\031\235\276"
 986      6A93F442 
 986      AEE8D576 
 986      A8199DBE 
 987 03ce DCDE3E88 		.ascii	"\334\336>\210\227\321\241\266P\207\377N\267\030\252"
 987      97D1A1B6 
 987      5087FF4E 
 987      B718AA
 988 03dd 02950F96 		.ascii	"\002\225\017\226\321\211e\\U\235\016\334\232\277\306"
 988      D189655C 
 988      559D0EDC 
 988      9ABFC6
 989 03ec C0EB7856 		.ascii	"\300\353xV\275\2705\241\311_\223\204\217\241=TG\273"
 989      BDB835A1 
 989      C95F9384 
 989      8FA13D54 
 989      47BB
 990 03fe 5AC70291 		.ascii	"Z\307\002\221\360\305\320B\370jP\014\350\333U\325z\324"
 990      F0C5D042 
 990      F86A500C 
 990      E8DB55D5 
 990      7AD4
 991 0410 2229DAE4 		.ascii	"\")\332\344\343\303`B\267\220\337\212\177\271\207Y\370"
 991      E3C36042 
 991      B790DF8A 
 991      7FB98759 
 991      F8
 992 0421 4C24C2E7 		.ascii	"L$\302\347h[5\2168\225\002\204:\021S\220\224n\177\273"
 992      685B358E 
 992      38950284 
 992      3A115390 
 992      946E7FBB 
 993 0435 29317148 		.ascii	")1qHb\"\026\327{\341\272\262\021\345\014\314\265\200"
 993      622216D7 
 993      7BE1BAB2 
 993      11E50CCC 
 993      B580
 994 0447 0BEE02F4 		.ascii	"\013\356\002\364\350uZ\321\222\011S`\377\236\322\346"
 994      E8755AD1 
 994      92095360 
 994      FF9ED2E6 
 995 0457 00E0AAE8 		.ascii	"\000\340\252\350\212\000\334\006\216\300\214\346\242"
 995      8A00DC06 
 995      8EC08CE6 
 995      A2
 996 0464 8C22817B 		.ascii	"\214\"\201{\000\335\3007\212\036V\020\334\007x\004\360"
 996      00DDC037 
 996      8A1E5610 
 996      DC077804 
ARM GAS  C:\Users\angio\AppData\Local\Temp\cckd3S4v.s 			page 30


 996      F0
 997 0475 00E021AB 		.ascii	"\000\340!\253\012\231\352\0174(J\214\005\231\376\025"
 997      0A99EA0F 
 997      34284A8C 
 997      0599FE15 
 998 0485 CDB41F38 		.ascii	"\315\264\0378d_\020r'*\233\375|\327\331yaSK\314\220"
 998      645F1072 
 998      272A9BFD 
 998      7CD7D979 
 998      61534BCC 
 999 049a A8A807FB 		.ascii	"\250\250\007\373\217\212\016\317\317>zm\031\254:\324"
 999      8F8A0ECF 
 999      CF3E7A6D 
 999      19AC3AD4 
 1000 04aa 50780C70 		.ascii	"Px\014p\023\340\006#}\002\\=\006z\362M\3056\336\376"
 1000      13E00623 
 1000      7D025C3D 
 1000      067AF24D 
 1000      C536DEFE 
 1001 04be 73033F8D 		.ascii	"s\003?\215u\321\316\356:\223\316\372\264_\326\227\201"
 1001      75D1CEEE 
 1001      3A93CEFA 
 1001      B45FD697 
 1001      81
 1002 04cf 9E479637 		.ascii	"\236G\2267\327\341\376thY\365\010e\"<\003\270\316\371"
 1002      D7E1FE74 
 1002      6859F508 
 1002      65223C03 
 1002      B8CEF9
 1003 04e2 8260BC2B 		.ascii	"\202`\274+\231\325%\"v\366\326eJ\330f\371T\257\275\027"
 1003      99D52522 
 1003      76F6D665 
 1003      4AD866F9 
 1003      54AFBD17 
 1004 04f6 4F7C2A13 		.ascii	"O|*\023\204\2738\261\017\330<\322\371\201\333-f\351"
 1004      84BB38B1 
 1004      0FD83CD2 
 1004      F981DB2D 
 1004      66E9
 1005 0508 6ADFBDE0 		.ascii	"j\337\275\340e\370^\300\235~&\364\242\323+4\277\201"
 1005      65F85EC0 
 1005      9D7E26F4 
 1005      A2D32B34 
 1005      BF81
 1006 051a 2FA52377 		.ascii	"/\245#w\276\036\030\275\211D8\012\363\014\330\204\006"
 1006      BE1E18BD 
 1006      8944380A 
 1006      F30CD884 
 1006      06
 1007 052b 16F52DDC 		.ascii	"\026\365-\334\303\004~%\302RN\360|\376\246\352\001\214"
 1007      C3047E25 
 1007      C2524EF0 
 1007      7CFEA6EA 
 1007      018C
 1008 053d E09E1298 		.ascii	"\340\236\022\230c Z\237\303|\212\030$\230Ga.\025V1\250"
 1008      63205A9F 
 1008      C37C8A18 
ARM GAS  C:\Users\angio\AppData\Local\Temp\cckd3S4v.s 			page 31


 1008      24984761 
 1008      2E155631 
 1009 0552 F15CEBDA 		.ascii	"\361\\\353\332K\024[M\233-JB5-\242\014\373g\012\213"
 1009      4B145B4D 
 1009      9B2D4A42 
 1009      352DA20C 
 1009      FB670A8B 
 1010 0566 A9DA1BBD 		.ascii	"\251\332\033\275O\356\006\366&\356\302\035\034[m\001"
 1010      4FEE06F6 
 1010      26EEC21D 
 1010      1C5B6D01 
 1011 0576 85859461 		.ascii	"\205\205\224a\202k(\324\214\365\007\257\317W\342\346"
 1011      826B28D4 
 1011      8CF507AF 
 1011      CF57E2E6 
 1012 0586 5818C41F 		.ascii	"X\030\304\037\005ib\035b<R\323\342ILd\037.=\207\256"
 1012      0569621D 
 1012      623C52D3 
 1012      E2494C64 
 1012      1F2E3D87 
 1013 059b 1B181FC2 		.ascii	"\033\030\037\302\346P\250\240\3755wm\305\240\312\331"
 1013      E650A8A0 
 1013      FD35776D 
 1013      C5A0CAD9 
 1014 05ab 02CCA6EC 		.ascii	"\002\314\246\354s\"\012\302\327\033\357\210\340x\005"
 1014      73220AC2 
 1014      D71BEF88 
 1014      E07805
 1015 05ba CF7C2985 		.ascii	"\317|)\205%T\355\204\373\015\207\227\015\212\257\371"
 1015      2554ED84 
 1015      FB0D8797 
 1015      0D8AAFF9 
 1016 05ca 2F40A10D 		.ascii	"/@\241\015%\275\214v\025\355\026\332}\264\247\006ub"
 1016      25BD8C76 
 1016      15ED16DA 
 1016      7DB4A706 
 1016      7562
 1017 05dc 93F81A0D 		.ascii	"\223\370\032\015P\341%\223\355\215\007\035\313\277\215"
 1017      50E12593 
 1017      ED8D071D 
 1017      CBBF8D
 1018 05eb 4D4CE4AB 		.ascii	"ML\344\253\224\035\235X\367q\377\002%\016\227\351\277"
 1018      941D9D58 
 1018      F771FF02 
 1018      250E97E9 
 1018      BF
 1019 05fc 015E00FC 		.ascii	"\001^\000\374U\317\363{u\0312L\203\216\251\244\341\230"
 1019      55CFF37B 
 1019      7519324C 
 1019      838EA9A4 
 1019      E198
 1020 060e 6E6D81AD 		.ascii	"nm\201\255\307$\033k\377\304V\3632\374v\212\340\371"
 1020      C7241B6B 
 1020      FFC456F3 
 1020      32FC768A 
 1020      E0F9
 1021 0620 21C4D3B3 		.ascii	"!\304\323\263M\323\004yVF\360h\253P_|\253)\254\302\352"
ARM GAS  C:\Users\angio\AppData\Local\Temp\cckd3S4v.s 			page 32


 1021      4DD30479 
 1021      5646F068 
 1021      AB505F7C 
 1021      AB29ACC2 
 1022 0635 18066B5D 		.ascii	"\030\006k]Oa\035\205\317(TS\250\245\260\226B\025\005"
 1022      4F611D85 
 1022      CF285453 
 1022      A8A5B096 
 1022      421505
 1023 0648 5C1C9F52 		.ascii	"\\\034\237R\370\033\323\200\345X\247\347\370I\004wp"
 1023      F81BD380 
 1023      E558A7E7 
 1023      F8490477 
 1023      70
 1024 0659 1360A0ED 		.ascii	"\023`\240\355:hE4H-\266Y\307\274\212.D#\332\252\203"
 1024      3A684534 
 1024      482DB659 
 1024      C7BC8A2E 
 1024      4423DAAA 
 1025 066e FE125589 		.ascii	"\376\022U\211\312sB\207\254\241Q\302j<;t\320\362he\223"
 1025      CA734287 
 1025      ACA151C2 
 1025      6A3C3B74 
 1025      D0F26865 
 1026 0683 591B2CB9 		.ascii	"Y\033,\271Q\327h\032\322W\032\366\022\375i\342 \305"
 1026      51D7681A 
 1026      D2571AF6 
 1026      12FD69E2 
 1026      20C5
 1027 0695 E34FEFAE 		.ascii	"\343O\357\256\017{\305\376]\017\263\201Q0\310\276\332"
 1027      0F7BC5FE 
 1027      5D0FB381 
 1027      5130C8BE 
 1027      DA
 1028 06a6 7B1BD517 		.ascii	"{\033\325\027l\200A\012C\010\027\003\010\212Qm(\013"
 1028      6C80410A 
 1028      43081703 
 1028      088A516D 
 1028      280B
 1029 06b8 6FA8ABB8 		.ascii	"o\250\253\270\210\371@N\350C$\007A\025F\376\206\333"
 1029      88F9404E 
 1029      E8432407 
 1029      411546FE 
 1029      86DB
 1030 06ca DC782A26 		.ascii	"\334x*&z\037\330N\021\203\351n\243\260\225V\011\346"
 1030      7A1FD84E 
 1030      1183E96E 
 1030      A3B09556 
 1030      09E6
 1031 06dc 951D2D15 		.ascii	"\225\035-\025\006\326\207ze\233)lb\223\276\203\327U"
 1031      06D6877A 
 1031      659B296C 
 1031      6293BE83 
 1031      D755
 1032 06ee 4F612785 		.ascii	"Oa'\205/\264e\334\360\254\372\345<\223\302:\014_\357"
 1032      2FB465DC 
 1032      F0ACFAE5 
ARM GAS  C:\Users\angio\AppData\Local\Temp\cckd3S4v.s 			page 33


 1032      3C93C23A 
 1032      0C5FEF
 1033 0701 1B290345 		.ascii	"\033)\003E-\272\372\245\013T9\353(l\211\200h\363\313"
 1033      2DBAFAA5 
 1033      0B5439EB 
 1033      286C8980 
 1033      68F3CB
 1034 0714 308B340C 		.ascii	"0\2134\014\276I\361U\260#\252\011Y\011\267k\317\017"
 1034      BE49F155 
 1034      B023AA09 
 1034      5909B76B 
 1034      CF0F
 1035 0726 1AD23731 		.ascii	"\032\32271\366&\217J\015\321\313/\257^\025\366m\262"
 1035      F6268F4A 
 1035      0DD1CB2F 
 1035      AF5E15F6 
 1035      6DB2
 1036 0738 4B67DC4D 		.ascii	"Kg\334M9`]\375~?\355G~\366\361\242N\200P\305\245\353"
 1036      39605DFD 
 1036      7E3FED47 
 1036      7EF6F1A2 
 1036      4E8050C5 
 1037 074e F6D79E51 		.ascii	"\366\327\236Q\245\013\204K\267'R:\372\374\341\236K\003"
 1037      A50B844B 
 1037      B727523A 
 1037      FAFCE19E 
 1037      4B03
 1038 0760 74BE8BFA 		.ascii	"t\276\213\372\216\336\240\006<\277\260a\261Q\007t\352"
 1038      8EDEA006 
 1038      3CBFB061 
 1038      B1510774 
 1038      EA
 1039 0771 807D7CCB 		.ascii	"\200}|\313HN!1ye\3053\3079G\025\023)\337S\346s\316\032"
 1039      484E2131 
 1039      7965C533 
 1039      C7394715 
 1039      1329DF53 
 1040 0789 553C96BC 		.ascii	"U<\226\274\341r\227\224\226\373\034EE\262\303\347q\271"
 1040      E1729794 
 1040      96FB1C45 
 1040      45B2C3E7 
 1040      71B9
 1041 079b 8A9C0E77 		.ascii	"\212\234\016w\211\333\367\333\321\243\255\370+w\025"
 1041      89DBF7DB 
 1041      D1A3ADF8 
 1041      2B7715
 1042 07aa CCB2CA65 		.ascii	"\314\262\312e\356\231\3162\257UEZU\2245;\257\310\032"
 1042      EE99CE32 
 1042      AF55455A 
 1042      5594353B 
 1042      AFC81A
 1043 07bd ED8BA3A3 		.ascii	"\355\213\243\243\363\315\023\246LOHK\036G~\365#\200"
 1043      F3CD13A6 
 1043      4C4F484B 
 1043      1E477EF5 
 1043      2380
 1044 07cf D1       		.ascii	"\321"
ARM GAS  C:\Users\angio\AppData\Local\Temp\cckd3S4v.s 			page 34


 1045 07d0 29E3DE2E 		.ascii	")\343\336.\230\361\256s\006\211\2350\215\217\247yJ\012"
 1045      98F1AE73 
 1045      06899D30 
 1045      8D8FA779 
 1045      4A0A
 1046 07e2 DC2E876F 		.ascii	"\334.\207o`\304}J\332{\271i\205\356\031\356\251\276"
 1046      60C47D4A 
 1046      DA7BB969 
 1046      85EE19EE 
 1046      A9BE
 1047 07f4 72D9EDC9 		.ascii	"r\331\355\311\375\330S\366\221\2674/\337\351(\367:\313"
 1047      FDD853F6 
 1047      91B7342F 
 1047      DFE928F7 
 1047      3ACB
 1048 0806 72EDD346 		.ascii	"r\355\323FM\235\366\341\030\333\204\261\343\306\332"
 1048      4D9DF6E1 
 1048      18DB84B1 
 1048      E3C6DA
 1049 0815 33464D99 		.ascii	"3FM\231\236\226\231\221\2252\226\274\377\377$O~\036"
 1049      9E969991 
 1049      953296BC 
 1049      FFFF244F 
 1049      7E1E
 1050 0827 FDC0E5F4 		.ascii	"\375\300\345\364\315p\373\274C\035\245yE|\334\353\364"
 1050      CD70FBBC 
 1050      431DA579 
 1050      457CDCEB 
 1050      F4
 1051 0838 B9CA3CE5 		.ascii	"\271\312<\345\245\305\036\331iv{\330\305\341\263\270"
 1051      A5C51ED9 
 1051      69767BD8 
 1051      C5E1B3B8 
 1052 0848 3DA5A86B 		.ascii	"=\245\250kq\236\367#\274\361\372\212\307\330\034\256"
 1052      719EF723 
 1052      BCF1FA8A 
 1052      C7D81CAE 
 1053 0858 52B7C7E1 		.ascii	"R\267\307\341\223\324'n$\374\235\232[>\253\312\343\265"
 1053      93D4276E 
 1053      24FC9D9A 
 1053      5B3EABCA 
 1053      E3B5
 1054 086a 2527275B 		.ascii	"%''[=^k!\346\303\020^+/\310\232\231\231n\235\220=)k"
 1054      3D5E6B21 
 1054      E6C3105E 
 1054      2B2FC89A 
 1054      99996E9D 
 1055 0882 A68D3D0A 		.ascii	"\246\215=\012\206\035]H$\374kw\346\311\037\224{\015"
 1055      861D5D48 
 1055      24FC6B77 
 1055      E6C91F94 
 1055      7B0D
 1056 0894 93B2F0FC 		.ascii	"\223\262\360\374\353\037\345s\227\344\027\225\313\316"
 1056      EB1FE573 
 1056      97E41795 
 1056      CBCE
 1057 08a2 20013A0F 		.ascii	" \001:\017\2330\211U\026\256\360\264\274\031EN\243\273"
ARM GAS  C:\Users\angio\AppData\Local\Temp\cckd3S4v.s 			page 35


 1057      9B308955 
 1057      16AEF0B4 
 1057      BC19454E 
 1057      A3BB
 1058 08b4 0435F289 		.ascii	"\0045\362\211,s\352\226EVNJ\376{\271\234\324\253J\317"
 1058      2C73EA96 
 1058      45564E4A 
 1058      FE7BB99C 
 1058      D4AB4ACF 
 1059 08c8 C4CCF596 		.ascii	"\304\314\365\226\345\347\252\352h\027\207*\257\246\023"
 1059      E5E7AAEA 
 1059      6817872A 
 1059      AFA613
 1060 08d7 86107F3F 		.ascii	"\206\020\177?\336\236i.w\227\370\260x\237!3+m\262]\374"
 1060      DE9E692E 
 1060      7797F8B0 
 1060      789F2133 
 1060      2B6DB25D 
 1061 08ec 60AADD0E 		.ascii	"`\252\335\016\177\200\211\206\374\"g^\031\177\232\234"
 1061      7F808986 
 1061      FC22675E 
 1061      197F9A9C 
 1062 08fc E2F009A8 		.ascii	"\342\360\011\250\342\373\377\253\034\272\254\030M\310"
 1062      E2FBFFAB 
 1062      1CBAAC18 
 1062      4DC8
 1063 090a 4AB70B93 		.ascii	"J\267\013\223\322\355\206\354\351\331\351vS\326\324"
 1063      D2ED86EC 
 1063      E9D9E976 
 1063      53D6D4
 1064 0919 EC8C8C74 		.ascii	"\354\214\214t\2731kZNv\206\335\360aVz\206\235%4\321"
 1064      BB316B5A 
 1064      4E7686DD 
 1064      F061567A 
 1064      869D2534 
 1065 092e A8AA6FF4 		.ascii	"\250\252o\364\024\024`L\013K\300Q\220\347\365\275\203"
 1065      1414604C 
 1065      0B4BC051 
 1065      90E7F5BD 
 1065      83
 1066 093f F3545EE2 		.ascii	"\363T^\342u\273J\234r\002\016\376\0076\251,d"
 1066      75BB4A9C 
 1066      72020EFE 
 1066      0736A92C 
 1066      64
 1067              		.text
 1068              		.section	.gnu.lto_.symtab.1f2b4c6b,"e",%progbits
 1069 0000 67696E70 		.ascii	"ginput_lld_toggle_init\000"
 1069      75745F6C 
 1069      6C645F74 
 1069      6F67676C 
 1069      655F696E 
 1070 0017 00       		.ascii	"\000"
 1071 0018 00       		.ascii	"\000"
 1072 0019 00       		.ascii	"\000"
 1073 001a 00000000 		.ascii	"\000\000\000\000\000\000\000\000"
 1073      00000000 
ARM GAS  C:\Users\angio\AppData\Local\Temp\cckd3S4v.s 			page 36


 1074 0022 C4000000 		.ascii	"\304\000\000\000"
 1075 0026 67696E70 		.ascii	"ginput_lld_toggle_getbits\000"
 1075      75745F6C 
 1075      6C645F74 
 1075      6F67676C 
 1075      655F6765 
 1076 0040 00       		.ascii	"\000"
 1077 0041 00       		.ascii	"\000"
 1078 0042 00       		.ascii	"\000"
 1079 0043 00000000 		.ascii	"\000\000\000\000\000\000\000\000"
 1079      00000000 
 1080 004b C8000000 		.ascii	"\310\000\000\000"
 1081 004f 47496E70 		.ascii	"GInputToggleConfigTable\000"
 1081      7574546F 
 1081      67676C65 
 1081      436F6E66 
 1081      69675461 
 1082 0067 00       		.ascii	"\000"
 1083 0068 00       		.ascii	"\000"
 1084 0069 00       		.ascii	"\000"
 1085 006a 00000000 		.ascii	"\000\000\000\000\000\000\000\000"
 1085      00000000 
 1086 0072 F7000000 		.ascii	"\367\000\000\000"
 1087 0076 5F70616C 		.ascii	"_pal_lld_setgroupmode\000"
 1087      5F6C6C64 
 1087      5F736574 
 1087      67726F75 
 1087      706D6F64 
 1088 008c 00       		.ascii	"\000"
 1089 008d 02       		.ascii	"\002"
 1090 008e 00       		.ascii	"\000"
 1091 008f 00000000 		.ascii	"\000\000\000\000\000\000\000\000"
 1091      00000000 
 1092 0097 DA000000 		.ascii	"\332\000\000\000"
 1093 009b 70616C52 		.ascii	"palReadBus\000"
 1093      65616442 
 1093      757300
 1094 00a6 00       		.ascii	"\000"
 1095 00a7 02       		.ascii	"\002"
 1096 00a8 00       		.ascii	"\000"
 1097 00a9 00000000 		.ascii	"\000\000\000\000\000\000\000\000"
 1097      00000000 
 1098 00b1 E2000000 		.ascii	"\342\000\000\000"
 1099              		.text
 1100              		.section	.gnu.lto_.ext_symtab.1f2b4c6b,"e",%progbits
 1101 0000 01       		.ascii	"\001"
 1102 0001 01       		.ascii	"\001"
 1103 0002 00       		.ascii	"\000"
 1104 0003 01       		.ascii	"\001"
 1105 0004 00       		.ascii	"\000"
 1106 0005 02       		.ascii	"\002"
 1107 0006 00       		.ascii	"\000"
 1108 0007 01       		.ascii	"\001"
 1109 0008 00       		.ascii	"\000"
 1110 0009 01       		.ascii	"\001"
 1111 000a 00       		.ascii	"\000"
 1112              		.text
ARM GAS  C:\Users\angio\AppData\Local\Temp\cckd3S4v.s 			page 37


 1113              		.section	.gnu.lto_.opts,"e",%progbits
 1114 0000 272D666E 		.ascii	"'-fno-openmp' '-fno-openacc' '-fno-pie' '-fcf-prote"
 1114      6F2D6F70 
 1114      656E6D70 
 1114      2720272D 
 1114      666E6F2D 
 1115 0033 6374696F 		.ascii	"ction=none' '-g' '-mcpu=cortex-m4' '-mthumb' '-mflo"
 1115      6E3D6E6F 
 1115      6E652720 
 1115      272D6727 
 1115      20272D6D 
 1116 0066 61742D61 		.ascii	"at-abi=soft' '-mlibarch=armv7e-m' '-march=armv7e-m'"
 1116      62693D73 
 1116      6F667427 
 1116      20272D6D 
 1116      6C696261 
 1117 0099 20272D4F 		.ascii	" '-O0' '-fomit-frame-pointer' '-falign-functions=16"
 1117      30272027 
 1117      2D666F6D 
 1117      69742D66 
 1117      72616D65 
 1118 00cc 2720272D 		.ascii	"' '-ffunction-sections' '-fdata-sections' '-fno-com"
 1118      6666756E 
 1118      6374696F 
 1118      6E2D7365 
 1118      6374696F 
 1119 00ff 6D6F6E27 		.ascii	"mon' '-flto' '-Xassembler' '-alms=./build/lst/ginpu"
 1119      20272D66 
 1119      6C746F27 
 1119      20272D58 
 1119      61737365 
 1120 0132 745F6C6C 		.ascii	"t_lld_toggle_Pal.lst'\000"
 1120      645F746F 
 1120      67676C65 
 1120      5F50616C 
 1120      2E6C7374 
 1121              		.text
 1122              		.comm	__gnu_lto_slim,1,1
 1123              		.ident	"GCC: (GNU Arm Embedded Toolchain 10.3-2021.10) 10.3.1 20210824 (release)"
ARM GAS  C:\Users\angio\AppData\Local\Temp\cckd3S4v.s 			page 38


DEFINED SYMBOLS
                            *ABS*:00000000 ginput_lld_toggle_Pal.c
C:\Users\angio\AppData\Local\Temp\cckd3S4v.s:26     .gnu.debuglto_.debug_info:00000000 ginput_lld_toggle_Pal.c.675fb9eb
                            *COM*:00000001 __gnu_lto_slim

NO UNDEFINED SYMBOLS
