ARM GAS  C:\Users\angio\AppData\Local\Temp\ccJ5oaeW.s 			page 1


   1              		.cpu cortex-m4
   2              		.arch armv7e-m
   3              		.fpu softvfp
   4              		.eabi_attribute 20, 1
   5              		.eabi_attribute 21, 1
   6              		.eabi_attribute 23, 3
   7              		.eabi_attribute 24, 1
   8              		.eabi_attribute 25, 1
   9              		.eabi_attribute 26, 1
  10              		.eabi_attribute 30, 6
  11              		.eabi_attribute 34, 1
  12              		.eabi_attribute 18, 4
  13              		.file	"gos_x_threads.c"
  14              		.section	.gnu.debuglto_.debug_info,"e",%progbits
  15              	.Ldebug_info0:
  16              		.hidden	gos_x_threads.c.5495c92f
  17              		.weak	gos_x_threads.c.5495c92f
  18              	gos_x_threads.c.5495c92f:
  19 0000 75000000 		.4byte	0x75
  20 0004 0400     		.2byte	0x4
  21 0006 00000000 		.4byte	.Ldebug_abbrev0
  22 000a 04       		.byte	0x4
  23 000b 01       		.uleb128 0x1
  24 000c 67000000 		.4byte	.LASF12
  25 0010 0C       		.byte	0xc
  26 0011 1B000000 		.4byte	.LASF13
  27 0015 83010000 		.4byte	.LASF14
  28 0019 00000000 		.4byte	.Ldebug_line0
  29 001d 02       		.uleb128 0x2
  30 001e 04       		.byte	0x4
  31 001f 05       		.byte	0x5
  32 0020 696E7400 		.ascii	"int\000"
  33 0024 03       		.uleb128 0x3
  34 0025 04       		.byte	0x4
  35 0026 07       		.byte	0x7
  36 0027 0E000000 		.4byte	.LASF0
  37 002b 03       		.uleb128 0x3
  38 002c 08       		.byte	0x8
  39 002d 05       		.byte	0x5
  40 002e 00000000 		.4byte	.LASF1
  41 0032 03       		.uleb128 0x3
  42 0033 08       		.byte	0x8
  43 0034 04       		.byte	0x4
  44 0035 77010000 		.4byte	.LASF2
  45 0039 03       		.uleb128 0x3
  46 003a 01       		.byte	0x1
  47 003b 06       		.byte	0x6
  48 003c 6B010000 		.4byte	.LASF3
  49 0040 03       		.uleb128 0x3
  50 0041 01       		.byte	0x1
  51 0042 08       		.byte	0x8
  52 0043 2C010000 		.4byte	.LASF4
  53 0047 03       		.uleb128 0x3
  54 0048 02       		.byte	0x2
  55 0049 05       		.byte	0x5
  56 004a 48010000 		.4byte	.LASF5
  57 004e 03       		.uleb128 0x3
ARM GAS  C:\Users\angio\AppData\Local\Temp\ccJ5oaeW.s 			page 2


  58 004f 02       		.byte	0x2
  59 0050 07       		.byte	0x7
  60 0051 58010000 		.4byte	.LASF6
  61 0055 03       		.uleb128 0x3
  62 0056 04       		.byte	0x4
  63 0057 05       		.byte	0x5
  64 0058 3F010000 		.4byte	.LASF7
  65 005c 03       		.uleb128 0x3
  66 005d 04       		.byte	0x4
  67 005e 07       		.byte	0x7
  68 005f 3E000000 		.4byte	.LASF8
  69 0063 03       		.uleb128 0x3
  70 0064 08       		.byte	0x8
  71 0065 07       		.byte	0x7
  72 0066 50000000 		.4byte	.LASF9
  73 006a 03       		.uleb128 0x3
  74 006b 01       		.byte	0x1
  75 006c 08       		.byte	0x8
  76 006d 3A010000 		.4byte	.LASF10
  77 0071 03       		.uleb128 0x3
  78 0072 01       		.byte	0x1
  79 0073 02       		.byte	0x2
  80 0074 52010000 		.4byte	.LASF11
  81 0078 00       		.byte	0
  82              		.section	.gnu.debuglto_.debug_abbrev,"e",%progbits
  83              	.Ldebug_abbrev0:
  84 0000 01       		.uleb128 0x1
  85 0001 11       		.uleb128 0x11
  86 0002 01       		.byte	0x1
  87 0003 25       		.uleb128 0x25
  88 0004 0E       		.uleb128 0xe
  89 0005 13       		.uleb128 0x13
  90 0006 0B       		.uleb128 0xb
  91 0007 03       		.uleb128 0x3
  92 0008 0E       		.uleb128 0xe
  93 0009 1B       		.uleb128 0x1b
  94 000a 0E       		.uleb128 0xe
  95 000b 10       		.uleb128 0x10
  96 000c 17       		.uleb128 0x17
  97 000d 00       		.byte	0
  98 000e 00       		.byte	0
  99 000f 02       		.uleb128 0x2
 100 0010 24       		.uleb128 0x24
 101 0011 00       		.byte	0
 102 0012 0B       		.uleb128 0xb
 103 0013 0B       		.uleb128 0xb
 104 0014 3E       		.uleb128 0x3e
 105 0015 0B       		.uleb128 0xb
 106 0016 03       		.uleb128 0x3
 107 0017 08       		.uleb128 0x8
 108 0018 00       		.byte	0
 109 0019 00       		.byte	0
 110 001a 03       		.uleb128 0x3
 111 001b 24       		.uleb128 0x24
 112 001c 00       		.byte	0
 113 001d 0B       		.uleb128 0xb
 114 001e 0B       		.uleb128 0xb
ARM GAS  C:\Users\angio\AppData\Local\Temp\ccJ5oaeW.s 			page 3


 115 001f 3E       		.uleb128 0x3e
 116 0020 0B       		.uleb128 0xb
 117 0021 03       		.uleb128 0x3
 118 0022 0E       		.uleb128 0xe
 119 0023 00       		.byte	0
 120 0024 00       		.byte	0
 121 0025 00       		.byte	0
 122              		.section	.gnu.debuglto_.debug_line,"e",%progbits
 123              	.Ldebug_line0:
 124 0000 1A000000 		.4byte	.LELT0-.LSLT0
 125              	.LSLT0:
 126 0004 0400     		.2byte	0x4
 127 0006 14000000 		.4byte	.LELTP0-.LASLTP0
 128              	.LASLTP0:
 129 000a 01       		.byte	0x1
 130 000b 01       		.byte	0x1
 131 000c 01       		.byte	0x1
 132 000d F6       		.byte	0xf6
 133 000e F2       		.byte	0xf2
 134 000f 0D       		.byte	0xd
 135 0010 00       		.byte	0
 136 0011 01       		.byte	0x1
 137 0012 01       		.byte	0x1
 138 0013 01       		.byte	0x1
 139 0014 01       		.byte	0x1
 140 0015 00       		.byte	0
 141 0016 00       		.byte	0
 142 0017 00       		.byte	0
 143 0018 01       		.byte	0x1
 144 0019 00       		.byte	0
 145 001a 00       		.byte	0
 146 001b 01       		.byte	0x1
 147 001c 00       		.byte	0
 148 001d 00       		.byte	0
 149              	.LELTP0:
 150              	.LELT0:
 151              		.section	.gnu.debuglto_.debug_str,"eMS",%progbits,1
 152              	.LASF1:
 153 0000 6C6F6E67 		.ascii	"long long int\000"
 153      206C6F6E 
 153      6720696E 
 153      7400
 154              	.LASF0:
 155 000e 756E7369 		.ascii	"unsigned int\000"
 155      676E6564 
 155      20696E74 
 155      00
 156              	.LASF13:
 157 001b 2E2E2F2E 		.ascii	"../../ugfx/src/gos/gos_x_threads.c\000"
 157      2E2F7567 
 157      66782F73 
 157      72632F67 
 157      6F732F67 
 158              	.LASF8:
 159 003e 6C6F6E67 		.ascii	"long unsigned int\000"
 159      20756E73 
 159      69676E65 
ARM GAS  C:\Users\angio\AppData\Local\Temp\ccJ5oaeW.s 			page 4


 159      6420696E 
 159      7400
 160              	.LASF9:
 161 0050 6C6F6E67 		.ascii	"long long unsigned int\000"
 161      206C6F6E 
 161      6720756E 
 161      7369676E 
 161      65642069 
 162              	.LASF12:
 163 0067 474E5520 		.ascii	"GNU C17 10.3.1 20210824 (release) -mcpu=cortex-m4 -"
 163      43313720 
 163      31302E33 
 163      2E312032 
 163      30323130 
 164 009a 6D746875 		.ascii	"mthumb -mfloat-abi=soft -march=armv7e-m -ggdb -O0 -"
 164      6D62202D 
 164      6D666C6F 
 164      61742D61 
 164      62693D73 
 165 00cd 666F6D69 		.ascii	"fomit-frame-pointer -falign-functions=16 -ffunction"
 165      742D6672 
 165      616D652D 
 165      706F696E 
 165      74657220 
 166 0100 2D736563 		.ascii	"-sections -fdata-sections -fno-common -flto\000"
 166      74696F6E 
 166      73202D66 
 166      64617461 
 166      2D736563 
 167              	.LASF4:
 168 012c 756E7369 		.ascii	"unsigned char\000"
 168      676E6564 
 168      20636861 
 168      7200
 169              	.LASF10:
 170 013a 63686172 		.ascii	"char\000"
 170      00
 171              	.LASF7:
 172 013f 6C6F6E67 		.ascii	"long int\000"
 172      20696E74 
 172      00
 173              	.LASF5:
 174 0148 73686F72 		.ascii	"short int\000"
 174      7420696E 
 174      7400
 175              	.LASF11:
 176 0152 5F426F6F 		.ascii	"_Bool\000"
 176      6C00
 177              	.LASF6:
 178 0158 73686F72 		.ascii	"short unsigned int\000"
 178      7420756E 
 178      7369676E 
 178      65642069 
 178      6E7400
 179              	.LASF3:
 180 016b 7369676E 		.ascii	"signed char\000"
 180      65642063 
ARM GAS  C:\Users\angio\AppData\Local\Temp\ccJ5oaeW.s 			page 5


 180      68617200 
 181              	.LASF2:
 182 0177 6C6F6E67 		.ascii	"long double\000"
 182      20646F75 
 182      626C6500 
 183              	.LASF14:
 184 0183 433A5C43 		.ascii	"C:\\ChibiStudio\\workspace_user\\RT-STM32G474RE-NUC"
 184      68696269 
 184      53747564 
 184      696F5C77 
 184      6F726B73 
 185 01b3 4C454F36 		.ascii	"LEO64\000"
 185      3400
 186              		.text
 187              		.section	.gnu.lto_.inline.1f2b1765,"e",%progbits
 188 0000 789C6362 		.ascii	"x\234cb@\006\000\000*\000\003"
 188      40060000 
 188      2A0003
 189              		.text
 190              		.section	.gnu.lto_.jmpfuncs.1f2b1765,"e",%progbits
 191 0000 789C6362 		.ascii	"x\234cb@\006\000\000*\000\003"
 191      40060000 
 191      2A0003
 192              		.text
 193              		.section	.gnu.lto_.lto.1f2b1765,"e",%progbits
 194 0000 09000400 		.ascii	"\011\000\004\000\001\000\000\000"
 194      01000000 
 195              		.text
 196              		.section	.gnu.lto_.symbol_nodes.1f2b1765,"e",%progbits
 197 0000 789C6362 		.ascii	"x\234cb\000\001\000\000\022\000\003"
 197      00010000 
 197      120003
 198              		.text
 199              		.section	.gnu.lto_.refs.1f2b1765,"e",%progbits
 200 0000 789C6364 		.ascii	"x\234cd\000\002\000\000\012\000\002"
 200      00020000 
 200      0A0002
 201              		.text
 202              		.section	.gnu.lto_.decls.1f2b1765,"e",%progbits
 203 0000 789C6360 		.ascii	"x\234c````\004b\025 \376\017\004 \366E\006\002\000\000"
 203      60606004 
 203      621520FE 
 203      0F0420F6 
 203      45060200 
 204 0015 BF3204F4 		.ascii	"\2772\004\364"
 205              		.text
 206              		.section	.gnu.lto_.symtab.1f2b1765,"e",%progbits
 207              		.text
 208              		.section	.gnu.lto_.ext_symtab.1f2b1765,"e",%progbits
 209 0000 01       		.ascii	"\001"
 210              		.text
 211              		.section	.gnu.lto_.opts,"e",%progbits
 212 0000 272D666E 		.ascii	"'-fno-openmp' '-fno-openacc' '-fno-pie' '-fcf-prote"
 212      6F2D6F70 
 212      656E6D70 
 212      2720272D 
 212      666E6F2D 
ARM GAS  C:\Users\angio\AppData\Local\Temp\ccJ5oaeW.s 			page 6


 213 0033 6374696F 		.ascii	"ction=none' '-g' '-mcpu=cortex-m4' '-mthumb' '-mflo"
 213      6E3D6E6F 
 213      6E652720 
 213      272D6727 
 213      20272D6D 
 214 0066 61742D61 		.ascii	"at-abi=soft' '-mlibarch=armv7e-m' '-march=armv7e-m'"
 214      62693D73 
 214      6F667427 
 214      20272D6D 
 214      6C696261 
 215 0099 20272D4F 		.ascii	" '-O0' '-fomit-frame-pointer' '-falign-functions=16"
 215      30272027 
 215      2D666F6D 
 215      69742D66 
 215      72616D65 
 216 00cc 2720272D 		.ascii	"' '-ffunction-sections' '-fdata-sections' '-fno-com"
 216      6666756E 
 216      6374696F 
 216      6E2D7365 
 216      6374696F 
 217 00ff 6D6F6E27 		.ascii	"mon' '-flto' '-Xassembler' '-alms=./build/lst/gos_x"
 217      20272D66 
 217      6C746F27 
 217      20272D58 
 217      61737365 
 218 0132 5F746872 		.ascii	"_threads.lst'\000"
 218      65616473 
 218      2E6C7374 
 218      2700
 219              		.text
 220              		.comm	__gnu_lto_slim,1,1
 221              		.ident	"GCC: (GNU Arm Embedded Toolchain 10.3-2021.10) 10.3.1 20210824 (release)"
ARM GAS  C:\Users\angio\AppData\Local\Temp\ccJ5oaeW.s 			page 7


DEFINED SYMBOLS
                            *ABS*:00000000 gos_x_threads.c
C:\Users\angio\AppData\Local\Temp\ccJ5oaeW.s:18     .gnu.debuglto_.debug_info:00000000 gos_x_threads.c.5495c92f
                            *COM*:00000001 __gnu_lto_slim

NO UNDEFINED SYMBOLS
