ARM GAS  C:\Users\angio\AppData\Local\Temp\ccpMTJOw.s 			page 1


   1              		.cpu cortex-m4
   2              		.arch armv7e-m
   3              		.fpu softvfp
   4              		.eabi_attribute 20, 1
   5              		.eabi_attribute 21, 1
   6              		.eabi_attribute 23, 3
   7              		.eabi_attribute 24, 1
   8              		.eabi_attribute 25, 1
   9              		.eabi_attribute 26, 1
  10              		.eabi_attribute 30, 6
  11              		.eabi_attribute 34, 1
  12              		.eabi_attribute 18, 4
  13              		.file	"hal.c"
  14              		.file 1 "../../chibios2111/os/hal/src/hal.c"
  15              		.file 2 "../../chibios2111/os/hal/osal/rt-nil/osal.h"
  16              		.section	.gnu.debuglto_.debug_info,"e",%progbits
  17              	.Ldebug_info0:
  18              		.hidden	hal.c.1898c19f
  19              		.weak	hal.c.1898c19f
  20              	hal.c.1898c19f:
  21 0000 86000000 		.4byte	0x86
  22 0004 0400     		.2byte	0x4
  23 0006 00000000 		.4byte	.Ldebug_abbrev0
  24 000a 04       		.byte	0x4
  25 000b 01       		.uleb128 0x1
  26 000c CF000000 		.4byte	.LASF12
  27 0010 0C       		.byte	0xc
  28 0011 44000000 		.4byte	.LASF13
  29 0015 94010000 		.4byte	.LASF14
  30 0019 00000000 		.4byte	.Ldebug_line0
  31 001d 02       		.uleb128 0x2
  32 001e 04       		.byte	0x4
  33 001f 05       		.byte	0x5
  34 0020 696E7400 		.ascii	"int\000"
  35 0024 03       		.uleb128 0x3
  36 0025 04       		.byte	0x4
  37 0026 07       		.byte	0x7
  38 0027 0E000000 		.4byte	.LASF0
  39 002b 03       		.uleb128 0x3
  40 002c 08       		.byte	0x8
  41 002d 05       		.byte	0x5
  42 002e 00000000 		.4byte	.LASF1
  43 0032 03       		.uleb128 0x3
  44 0033 08       		.byte	0x8
  45 0034 04       		.byte	0x4
  46 0035 BA000000 		.4byte	.LASF2
  47 0039 03       		.uleb128 0x3
  48 003a 01       		.byte	0x1
  49 003b 06       		.byte	0x6
  50 003c AE000000 		.4byte	.LASF3
  51 0040 03       		.uleb128 0x3
  52 0041 01       		.byte	0x1
  53 0042 08       		.byte	0x8
  54 0043 67000000 		.4byte	.LASF4
  55 0047 03       		.uleb128 0x3
  56 0048 02       		.byte	0x2
  57 0049 05       		.byte	0x5
ARM GAS  C:\Users\angio\AppData\Local\Temp\ccpMTJOw.s 			page 2


  58 004a 8B000000 		.4byte	.LASF5
  59 004e 03       		.uleb128 0x3
  60 004f 02       		.byte	0x2
  61 0050 07       		.byte	0x7
  62 0051 9B000000 		.4byte	.LASF6
  63 0055 03       		.uleb128 0x3
  64 0056 04       		.byte	0x4
  65 0057 05       		.byte	0x5
  66 0058 7A000000 		.4byte	.LASF7
  67 005c 03       		.uleb128 0x3
  68 005d 04       		.byte	0x4
  69 005e 07       		.byte	0x7
  70 005f 1B000000 		.4byte	.LASF8
  71 0063 03       		.uleb128 0x3
  72 0064 08       		.byte	0x8
  73 0065 07       		.byte	0x7
  74 0066 2D000000 		.4byte	.LASF9
  75 006a 03       		.uleb128 0x3
  76 006b 01       		.byte	0x1
  77 006c 08       		.byte	0x8
  78 006d 75000000 		.4byte	.LASF10
  79 0071 03       		.uleb128 0x3
  80 0072 01       		.byte	0x1
  81 0073 02       		.byte	0x2
  82 0074 95000000 		.4byte	.LASF11
  83 0078 04       		.uleb128 0x4
  84 0079 83000000 		.4byte	.LASF15
  85 007d 01       		.byte	0x1
  86 007e 38       		.byte	0x38
  87 007f 06       		.byte	0x6
  88 0080 05       		.uleb128 0x5
  89 0081 C6000000 		.4byte	.LASF16
  90 0085 02       		.byte	0x2
  91 0086 1302     		.2byte	0x213
  92 0088 14       		.byte	0x14
  93 0089 00       		.byte	0
  94              		.section	.gnu.debuglto_.debug_abbrev,"e",%progbits
  95              	.Ldebug_abbrev0:
  96 0000 01       		.uleb128 0x1
  97 0001 11       		.uleb128 0x11
  98 0002 01       		.byte	0x1
  99 0003 25       		.uleb128 0x25
 100 0004 0E       		.uleb128 0xe
 101 0005 13       		.uleb128 0x13
 102 0006 0B       		.uleb128 0xb
 103 0007 03       		.uleb128 0x3
 104 0008 0E       		.uleb128 0xe
 105 0009 1B       		.uleb128 0x1b
 106 000a 0E       		.uleb128 0xe
 107 000b 10       		.uleb128 0x10
 108 000c 17       		.uleb128 0x17
 109 000d 00       		.byte	0
 110 000e 00       		.byte	0
 111 000f 02       		.uleb128 0x2
 112 0010 24       		.uleb128 0x24
 113 0011 00       		.byte	0
 114 0012 0B       		.uleb128 0xb
ARM GAS  C:\Users\angio\AppData\Local\Temp\ccpMTJOw.s 			page 3


 115 0013 0B       		.uleb128 0xb
 116 0014 3E       		.uleb128 0x3e
 117 0015 0B       		.uleb128 0xb
 118 0016 03       		.uleb128 0x3
 119 0017 08       		.uleb128 0x8
 120 0018 00       		.byte	0
 121 0019 00       		.byte	0
 122 001a 03       		.uleb128 0x3
 123 001b 24       		.uleb128 0x24
 124 001c 00       		.byte	0
 125 001d 0B       		.uleb128 0xb
 126 001e 0B       		.uleb128 0xb
 127 001f 3E       		.uleb128 0x3e
 128 0020 0B       		.uleb128 0xb
 129 0021 03       		.uleb128 0x3
 130 0022 0E       		.uleb128 0xe
 131 0023 00       		.byte	0
 132 0024 00       		.byte	0
 133 0025 04       		.uleb128 0x4
 134 0026 2E       		.uleb128 0x2e
 135 0027 00       		.byte	0
 136 0028 3F       		.uleb128 0x3f
 137 0029 19       		.uleb128 0x19
 138 002a 03       		.uleb128 0x3
 139 002b 0E       		.uleb128 0xe
 140 002c 3A       		.uleb128 0x3a
 141 002d 0B       		.uleb128 0xb
 142 002e 3B       		.uleb128 0x3b
 143 002f 0B       		.uleb128 0xb
 144 0030 39       		.uleb128 0x39
 145 0031 0B       		.uleb128 0xb
 146 0032 27       		.uleb128 0x27
 147 0033 19       		.uleb128 0x19
 148 0034 00       		.byte	0
 149 0035 00       		.byte	0
 150 0036 05       		.uleb128 0x5
 151 0037 2E       		.uleb128 0x2e
 152 0038 00       		.byte	0
 153 0039 03       		.uleb128 0x3
 154 003a 0E       		.uleb128 0xe
 155 003b 3A       		.uleb128 0x3a
 156 003c 0B       		.uleb128 0xb
 157 003d 3B       		.uleb128 0x3b
 158 003e 05       		.uleb128 0x5
 159 003f 39       		.uleb128 0x39
 160 0040 0B       		.uleb128 0xb
 161 0041 27       		.uleb128 0x27
 162 0042 19       		.uleb128 0x19
 163 0043 00       		.byte	0
 164 0044 00       		.byte	0
 165 0045 00       		.byte	0
 166              		.section	.gnu.debuglto_.debug_line,"e",%progbits
 167              	.Ldebug_line0:
 168 0000 6F000000 		.4byte	.LELT0-.LSLT0
 169              	.LSLT0:
 170 0004 0400     		.2byte	0x4
 171 0006 69000000 		.4byte	.LELTP0-.LASLTP0
ARM GAS  C:\Users\angio\AppData\Local\Temp\ccpMTJOw.s 			page 4


 172              	.LASLTP0:
 173 000a 01       		.byte	0x1
 174 000b 01       		.byte	0x1
 175 000c 01       		.byte	0x1
 176 000d F6       		.byte	0xf6
 177 000e F2       		.byte	0xf2
 178 000f 0D       		.byte	0xd
 179 0010 00       		.byte	0
 180 0011 01       		.byte	0x1
 181 0012 01       		.byte	0x1
 182 0013 01       		.byte	0x1
 183 0014 01       		.byte	0x1
 184 0015 00       		.byte	0
 185 0016 00       		.byte	0
 186 0017 00       		.byte	0
 187 0018 01       		.byte	0x1
 188 0019 00       		.byte	0
 189 001a 00       		.byte	0
 190 001b 01       		.byte	0x1
 191 001c 2E2E2F2E 		.ascii	"../../chibios2111/os/hal/osal/rt-nil"
 191      2E2F6368 
 191      6962696F 
 191      73323131 
 191      312F6F73 
 192 0040 00       		.byte	0
 193 0041 2E2E2F2E 		.ascii	"../../chibios2111/os/hal/src"
 193      2E2F6368 
 193      6962696F 
 193      73323131 
 193      312F6F73 
 194 005d 00       		.byte	0
 195 005e 00       		.byte	0
 196 005f 68616C2E 		.ascii	"hal.c\000"
 196      6300
 197 0065 02       		.uleb128 0x2
 198 0066 00       		.uleb128 0
 199 0067 00       		.uleb128 0
 200 0068 6F73616C 		.ascii	"osal.h\000"
 200      2E6800
 201 006f 01       		.uleb128 0x1
 202 0070 00       		.uleb128 0
 203 0071 00       		.uleb128 0
 204 0072 00       		.byte	0
 205              	.LELTP0:
 206              	.LELT0:
 207              		.section	.gnu.debuglto_.debug_str,"eMS",%progbits,1
 208              	.LASF1:
 209 0000 6C6F6E67 		.ascii	"long long int\000"
 209      206C6F6E 
 209      6720696E 
 209      7400
 210              	.LASF0:
 211 000e 756E7369 		.ascii	"unsigned int\000"
 211      676E6564 
 211      20696E74 
 211      00
 212              	.LASF8:
ARM GAS  C:\Users\angio\AppData\Local\Temp\ccpMTJOw.s 			page 5


 213 001b 6C6F6E67 		.ascii	"long unsigned int\000"
 213      20756E73 
 213      69676E65 
 213      6420696E 
 213      7400
 214              	.LASF9:
 215 002d 6C6F6E67 		.ascii	"long long unsigned int\000"
 215      206C6F6E 
 215      6720756E 
 215      7369676E 
 215      65642069 
 216              	.LASF13:
 217 0044 2E2E2F2E 		.ascii	"../../chibios2111/os/hal/src/hal.c\000"
 217      2E2F6368 
 217      6962696F 
 217      73323131 
 217      312F6F73 
 218              	.LASF4:
 219 0067 756E7369 		.ascii	"unsigned char\000"
 219      676E6564 
 219      20636861 
 219      7200
 220              	.LASF10:
 221 0075 63686172 		.ascii	"char\000"
 221      00
 222              	.LASF7:
 223 007a 6C6F6E67 		.ascii	"long int\000"
 223      20696E74 
 223      00
 224              	.LASF15:
 225 0083 68616C49 		.ascii	"halInit\000"
 225      6E697400 
 226              	.LASF5:
 227 008b 73686F72 		.ascii	"short int\000"
 227      7420696E 
 227      7400
 228              	.LASF11:
 229 0095 5F426F6F 		.ascii	"_Bool\000"
 229      6C00
 230              	.LASF6:
 231 009b 73686F72 		.ascii	"short unsigned int\000"
 231      7420756E 
 231      7369676E 
 231      65642069 
 231      6E7400
 232              	.LASF3:
 233 00ae 7369676E 		.ascii	"signed char\000"
 233      65642063 
 233      68617200 
 234              	.LASF2:
 235 00ba 6C6F6E67 		.ascii	"long double\000"
 235      20646F75 
 235      626C6500 
 236              	.LASF16:
 237 00c6 6F73616C 		.ascii	"osalInit\000"
 237      496E6974 
 237      00
ARM GAS  C:\Users\angio\AppData\Local\Temp\ccpMTJOw.s 			page 6


 238              	.LASF12:
 239 00cf 474E5520 		.ascii	"GNU C17 10.3.1 20210824 (release) -mcpu=cortex-m4 -"
 239      43313720 
 239      31302E33 
 239      2E312032 
 239      30323130 
 240 0102 6D746875 		.ascii	"mthumb -mfloat-abi=soft -march=armv7e-m -ggdb -O0 -"
 240      6D62202D 
 240      6D666C6F 
 240      61742D61 
 240      62693D73 
 241 0135 666F6D69 		.ascii	"fomit-frame-pointer -falign-functions=16 -ffunction"
 241      742D6672 
 241      616D652D 
 241      706F696E 
 241      74657220 
 242 0168 2D736563 		.ascii	"-sections -fdata-sections -fno-common -flto\000"
 242      74696F6E 
 242      73202D66 
 242      64617461 
 242      2D736563 
 243              	.LASF14:
 244 0194 433A5C43 		.ascii	"C:\\ChibiStudio\\workspace_user\\RT-STM32G474RE-NUC"
 244      68696269 
 244      53747564 
 244      696F5C77 
 244      6F726B73 
 245 01c4 4C454F36 		.ascii	"LEO64\000"
 245      3400
 246              		.text
 247              		.section	.gnu.lto_.inline.1f2b6d4f,"e",%progbits
 248 0000 789C6B62 		.ascii	"x\234kb@\000&\006\006\346\006 `J\001\262\231`,\026\206"
 248      40002606 
 248      06E60620 
 248      604A01B2 
 248      99602C16 
 249 0015 4620AB8E 		.ascii	"F \253\216\011$\315\300\310\300\013\344\314`\316\304"
 249      0924CDC0 
 249      C8C00BE4 
 249      CC60CEC4 
 250 0025 AD828B81 		.ascii	"\255\202\213\201l\222\001\000\365\353\017\320"
 250      6C920100 
 250      F5EB0FD0 
 251              		.text
 252              		.section	.gnu.lto_.jmpfuncs.1f2b6d4f,"e",%progbits
 253 0000 789C6362 		.ascii	"x\234cb@\006\000\000*\000\003"
 253      40060000 
 253      2A0003
 254              		.text
 255              		.section	.gnu.lto_.lto.1f2b6d4f,"e",%progbits
 256 0000 09000400 		.ascii	"\011\000\004\000\001\000\000\000"
 256      01000000 
 257              		.text
 258              		.section	.gnu.lto_osalInit.335.1f2b6d4f,"e",%progbits
 259 0000 789C2B63 		.ascii	"x\234+c``H\005bE f`f`\2344\261\213\211\341\377\377\377"
 259      60604805 
 259      62452066 
ARM GAS  C:\Users\angio\AppData\Local\Temp\ccpMTJOw.s 			page 7


 259      6066609C 
 259      34B18B89 
 260 0018 F52C4C8C 		.ascii	"\365,L\214\215*\214[\031\301lF\206z&\306z\306\311\314"
 260      8D2A8C5B 
 260      19C16C46 
 260      867A26C6 
 260      7AC6C9CC 
 261 002c 9A0D0D0D 		.ascii	"\232\015\015\015?\226\316[\275\321\240\251\241Ub\011"
 261      3F96CE5B 
 261      BDD1A0A9 
 261      A1556209 
 262 003c 3303C33C 		.ascii	"3\003\303<f\006\030`\203\361\030\201x\375%\326\003\015"
 262      66061860 
 262      83F11881 
 262      78FD25D6 
 262      030D
 263 004e 7FFEF737 		.ascii	"\177\376\36774\334}\302\270v#\013\023\003C?3\310d0\220"
 263      34DC7DC2 
 263      B876230B 
 263      1303433F 
 263      33C86430 
 264 0063 072A99C0 		.ascii	"\007*\231\300\314\204\34022|blR\000\033\323\317\314"
 264      CC84E032 
 264      327C626C 
 264      52001BD3 
 264      CFCC
 265 0075 88AC8C81 		.ascii	"\210\254\214\201\301\314\331*\3069#3)3\270\2444%3?\246"
 265      C1CCD92A 
 265      C6392333 
 265      2933B8A4 
 265      3425333F 
 266 008a 3CBF28BB 		.ascii	"<\277(\273\270 195\276\2648\265(&(D78\304\327\330\310"
 266      B8203139 
 266      35BEB438 
 266      B5282628 
 266      443738C4 
 267 00a1 DDC4DC24 		.ascii	"\335\304\334$\310U\327/\324\331\307\325\337\314\204"
 267      C855D72F 
 267      D4D9C7D5 
 267      DFCC84
 268 00b0 41474F4F 		.ascii	"AGOO\037\210\222A:\363\213\215\014\015\015\365\363\213"
 268      1F889241 
 268      3AF38B8D 
 268      0C0D0DF5 
 268      F38B
 269 00c2 F5331273 		.ascii	"\3653\022s\200\024\220(*\321\315\313\204\260\3652\030"
 269      80149028 
 269      2AD1CDCB 
 269      84B0F532 
 269      18
 270 00d3 00F3675A 		.ascii	"\000\363gZ\372"
 270      FA
 271              		.text
 272              		.section	.gnu.lto_halInit.402.1f2b6d4f,"e",%progbits
 273 0000 789C0B60 		.ascii	"x\234\013`d`\210a``P\004b\006f\006\306I\023\273\230"
 273      64608861 
 273      60605004 
ARM GAS  C:\Users\angio\AppData\Local\Temp\ccpMTJOw.s 			page 8


 273      62066606 
 273      C64913BB 
 274 0015 18FEFFFF 		.ascii	"\030\376\377\377_\317\302\304\330\250\302\270\225\021"
 274      5FCFC2C4 
 274      D8A8C2B8 
 274      9511
 275 0023 CC6664A8 		.ascii	"\314fd\250gb\254g\234\314\254\331\320\320\360c\351\274"
 275      6762AC67 
 275      9CCCACD9 
 275      D0D0F063 
 275      E9BC
 276 0035 1F3CAD12 		.ascii	"\037<\255\022K\230\031\030\34613\300\000\033\214\007"
 276      4B981918 
 276      E63133C0 
 276      001B8C07 
 277 0045 349061FD 		.ascii	"4\220a\375%\326\003\015\177\376\36774<}\304\270O\225"
 277      25D6030D 
 277      7FFEF737 
 277      343C7DC4 
 277      B84F95
 278 0058 8781A19F 		.ascii	"\207\201\241\237\031d*\030\310\003UL`fBp\031\031>06"
 278      19642A18 
 278      C803554C 
 278      60664270 
 278      19193E30 
 279 006d 3FF8CECB 		.ascii	"?\370\316\313\320\302\310\264\204\231q\0363P\301\022"
 279      D0C2C8B4 
 279      8499711E 
 279      3350C112 
 280 007d 6626B0E8 		.ascii	"f&\260\350\037F\270(\023Bt\012\033\\\224\031!z\011!"
 280      1F46B828 
 280      1342740A 
 280      1B5C9419 
 280      217A0921 
 281 0091 CA8210BD 		.ascii	"\312\202\020\275\207\020eE\210nb\207\213\262!D\367!"
 281      87106545 
 281      886E6287 
 281      8BB22144 
 281      F721
 282 00a3 44D911A2 		.ascii	"D\331\021\242W\020\242\034\010\321[\\pQN\204\350\017"
 282      5710A21C 
 282      08D15B5C 
 282      70514E84 
 282      E80F
 283 00b5 84281744 		.ascii	"\204(\027D\364\023c\323\203\277^\3400\352gfD\016\004"
 283      F41363D3 
 283      83BF5EE0 
 283      30EA6766 
 283      440E04
 284 00c8 06063367 		.ascii	"\006\0063g\253\030\347\214\314\244\314\340\222\322\224"
 284      AB18E78C 
 284      CCA4CCE0 
 284      92D294
 285 00d7 CCFC98F2 		.ascii	"\314\374\230\362\374\242\354\342\202\304\344\324\370"
 285      FCA2ECE2 
 285      82C4E4D4 
 285      F8
ARM GAS  C:\Users\angio\AppData\Local\Temp\ccpMTJOw.s 			page 9


 286 00e4 D2E2D4A2 		.ascii	"\322\342\324\242\230\240\020\335\340\020_c#w\023s\223"
 286      98A010DD 
 286      E0105F63 
 286      23771373 
 286      93
 287 00f5 20575DBF 		.ascii	" W]\277Pg\037W\1773\023\006e==} J\006\351\314/6244\324"
 287      50671F57 
 287      7F331306 
 287      653D3D7D 
 287      204A06E9 
 288 0110 CF2FD6CF 		.ascii	"\317/\326\317H\314\321/.J\006\321z\311\014\000\257\273"
 288      48CCD12F 
 288      2E4A06D1 
 288      7AC90C00 
 288      AFBB
 289 0122 9035     		.ascii	"\2205"
 290              		.text
 291              		.section	.gnu.lto_.symbol_nodes.1f2b6d4f,"e",%progbits
 292 0000 789C7590 		.ascii	"x\234u\220\313\015\302@\014D=;\260\001\232\340@\003"
 292      CB0DC240 
 292      0C443D3B 
 292      B0019AE0 
 292      4003
 293 0012 F4402914 		.ascii	"\364@)\024\342]\245\001\304\377sL\035\344\222;\\\350"
 293      E25DA501 
 293      C4FF734C 
 293      1DE4923B 
 293      5CE8
 294 0024 80426023 		.ascii	"\200B`#\345`\204\274\267\321{\262\327\363\202\210\204"
 294      E56084BC 
 294      B7D17BB2 
 294      D7F38288 
 294      84
 295 0035 6750F90C 		.ascii	"gP\371\014o\216\315CDE\356)\347\245\364\274\030[*\376"
 295      6F8ECD43 
 295      4445EE29 
 295      E7A5F4BC 
 295      185B2AFE 
 296 0049 8C36670C 		.ascii	"\2146g\014\002n\324\360+\210\244\224z\212+\225\036\273"
 296      026ED4F0 
 296      2B88A494 
 296      7A8A2B95 
 296      1EBB
 297 005b 50471E3B 		.ascii	"PG\036;S\307\036;Q\243\307\216\324\312c\007\352\304"
 297      53C71E3B 
 297      51A3C78E 
 297      D4CA6307 
 297      EAC4
 298 006d 637BEAD4 		.ascii	"c{\352\324c;\352\314a\204)oA\030oE\230\211k\302\354"
 298      633BEACC 
 298      6184296F 
 298      41186F45 
 298      98896BC2 
 299 0082 AE41986F 		.ascii	"\256A\230o6%\232\213\272\022\315\361\357\022MOu$L\245"
 299      36259A8B 
 299      BA12CDF1 
 299      EF124D4F 
ARM GAS  C:\Users\angio\AppData\Local\Temp\ccpMTJOw.s 			page 10


 299      75244CA5 
 300 0096 4D89A6FD 		.ascii	"M\211\246\375.\312\027\212\002\337\014"
 300      2ECA178A 
 300      02DF0C
 301              		.text
 302              		.section	.gnu.lto_.refs.1f2b6d4f,"e",%progbits
 303 0000 789C6364 		.ascii	"x\234cd\000\002\000\000\012\000\002"
 303      00020000 
 303      0A0002
 304              		.text
 305              		.section	.gnu.lto_.decls.1f2b6d4f,"e",%progbits
 306 0000 789C9592 		.ascii	"x\234\225\222mL[U\030\307\317sN\333{\271c\203\230\222"
 306      6D4C5B55 
 306      18C7CF73 
 306      4EDB7BB9 
 306      63839892 
 307 0014 7D30210D 		.ascii	"}0!\015\232\330Li\323\216\300Pc\232\340F\226!\303\301"
 307      9AD84C69 
 307      D38EC050 
 307      639AE046 
 307      9621C3C1 
 308 0028 BE1892A6 		.ascii	"\276\030\222\246\353\255\366F\240M[\020?\230\234\304"
 308      EBADF646 
 308      A04D5B10 
 308      3F989CC4 
 309 0038 0FDB1419 		.ascii	"\017\333\024\031\212\311\320\231YML\026c\314>(\240\014"
 309      8AC9D099 
 309      594D4C16 
 309      63CC3E28 
 309      A00C
 310 004a C6DBA4C0 		.ascii	"\306\333\244\300p\014\214.\321l\223\275X35\030I\304"
 310      700C8C2E 
 310      D16C93BD 
 310      58333518 
 310      49C4
 311 005c 577CCEBD 		.ascii	"W|\316\275\267\267\210\022\361\244\3179\347\366\374"
 311      B7B78812 
 311      F1A4CF39 
 311      E7F6FC
 312 006b FEFFE7B9 		.ascii	"\376\377\347\271\347>\0036Bl\214\220yB\310\032\016\334"
 312      E73E0336 
 312      426C8C90 
 312      7942C81A 
 312      0EDC
 313 007d 92CB243F 		.ascii	"\222\313$?\266a\234\303\030\301\030\305\030\307\230"
 313      B6619CC3 
 313      18C118C5 
 313      18C798
 314 008c C4F80423 		.ascii	"\304\370\004#\2031\203q\021\343Sbxl\034\317\002!\370"
 314      83318371 
 314      11E35362 
 314      786C1CCF 
 314      0221F8
 315 009f 2351F319 		.ascii	"#Q\363\031L\277\215\3439<`&\267\2101\264.\377\210\251"
 315      4CBF8DE3 
 315      393C6026 
 315      B78831B4 
ARM GAS  C:\Users\angio\AppData\Local\Temp\ccpMTJOw.s 			page 11


 315      2EFF88A9 
 316 00b3 9937F35C 		.ascii	"\2317\363\\4\363f\314:&\315\272F\377\305\367\024\243"
 316      34F366CC 
 316      3A26CDBA 
 316      46FFC5F7 
 316      14A3
 317 00c5 B73EBB3A 		.ascii	"\267>\273:\245\334\002\375\321\246\002\300\225J\234"
 317      A5DC02FD 
 317      D1A602C0 
 317      954A9C
 318 00d4 14F20423 		.ascii	"\024\362\004#NN9u\250\214*La\252\222\201R\367\012\013"
 318      4E4E3975 
 318      A88C2A4C 
 318      61AA9281 
 318      52F70A0B 
 319 00e8 C8D45DA4 		.ascii	"\310\324]\244\310g&\240X\261\313\224f%Uq\377\012\357"
 319      C86726A0 
 319      58B1CB94 
 319      66255571 
 319      FF0AEF
 320 00fb D1B4C315 		.ascii	"\321\264\303\025\3406\265\253$+q\332S\357\334\035\300"
 320      E036B5AB 
 320      242B71DA 
 320      53EFDC1D 
 320      C0
 321 010c 392B6540 		.ascii	"9+e@EU\203M.\306]VRVX\372%\207:G\217\335\007\031PT\277"
 321      4555834D 
 321      2EC65D56 
 321      525658FA 
 321      25873A47 
 322 0127 93731E90 		.ascii	"\223s\036\220\345\322\242q6\316\366\021\"\313g\337/"
 322      E5D2A271 
 322      36CEF611 
 322      22CB67DF 
 322      2F
 323 0138 51B25211 		.ascii	"Q\262R\021Z\270UW\261\352*\312\200]U\025\247\233`\021"
 323      5AB85557 
 323      B1EA2ACA 
 323      805D5515 
 323      A79B6011 
 324 014c AADF1FA0 		.ascii	"\252\337\037\240\012:\333\344\014\370\031\024\372\371"
 324      0A3ADBE4 
 324      0CF81914 
 324      FAF9
 325 015a D777762A 		.ascii	"\327wv*v\245\240\324\345&D%\373(\372\262\265\334\000"
 325      76A5A0D4 
 325      E5264425 
 325      FB28FAB2 
 325      B5DC00
 326 016d 0973AAF9 		.ascii	"\011s\252\371G\000\267B\375\224\035\310J\204P\352\""
 326      4700B742 
 326      FD941DC8 
 326      4A8450EA 
 326      22
 327 017e 84DBE4C2 		.ascii	"\204\333\344\302B\340\270\024\004\017\250\015~\205d"
 327      42E0B814 
 327      040FA80D 
ARM GAS  C:\Users\angio\AppData\Local\Temp\ccpMTJOw.s 			page 12


 327      7E8564
 328 018d 258A474E 		.ascii	"%\212GN\033p\012y\245\342\300\317C\255\357\004\004\326"
 328      1B700A79 
 328      A5E2C0CF 
 328      43ADEF04 
 328      04D6
 329 019f DF24981D 		.ascii	"\337$\230\035b\260$\177N!wlp\177SY^\372\377`\371\347"
 329      62B0247F 
 329      4E21776C 
 329      707F5359 
 329      5EFAFF60 
 330 01b5 0479D93A 		.ascii	"\004y\331:s\330 \0071\304\274^\220\257\321\312O\255"
 330      73D82007 
 330      31C4BC5E 
 330      90AFD1CA 
 330      4FAD
 331 01c7 B2208F6C 		.ascii	"\262 \217l(\\w\201\\A\377\034,\3276c\275_\036\265\337"
 331      285C7781 
 331      5C41FF1C 
 331      2CD73663 
 331      BD5F1EB5 
 332 01dc C66BE37D 		.ascii	"\306k\343}N(\351\011\020`w\023v/\361r},\205\011\014"
 332      4E28E909 
 332      10607713 
 332      762FF172 
 332      7D2C8509 
 333 01f1 180E0DDB 		.ascii	"\030\016\015\333^ap\027P\234\235P\214\322\243C\335\263"
 333      5E617017 
 333      509C9D50 
 333      8CD2A343 
 333      DDB3
 334 0203 CA4E84BE 		.ascii	"\312N\204\276\343\334\011Q\370\030\340#\221p\010\363"
 334      E3DC0951 
 334      F818E023 
 334      917008F3 
 335 0213 C60829EB 		.ascii	"\306\010)\353\351\341\253/O}\261\264\253\357\3122\347"
 335      E9E1AB2F 
 335      4F7DB1B4 
 335      ABEFCA32 
 335      E7
 336 0224 4A011E40 		.ascii	"J\001\036@?\300\240\361\"\375H}\010\360\0014p`\223 "
 336      3FC0A0F1 
 336      22FD487D 
 336      08F00134 
 336      70609320 
 337 0238 6A597CED 		.ascii	"jY|\355\372\013\366\262>\224\015v\257vI\374\214h)\241"
 337      FA0BF6B2 
 337      3E940D76 
 337      AF7649FC 
 337      8C6829A1 
 338 024c 1AB654C3 		.ascii	"\032\266T\303\226\252\223-\353\242\233\351\256\036\251"
 338      96AA932D 
 338      EBA29BE9 
 338      AE1EA9
 339 025b AC8FF3D5 		.ascii	"\254\217\363\325\253'\272\237w\274\301\307\251\220\234"
 339      AB27BA9F 
 339      77BCC1C7 
ARM GAS  C:\Users\angio\AppData\Local\Temp\ccpMTJOw.s 			page 13


 339      A9909C
 340 026a B724E7F5 		.ascii	"\267$\347\365\205\275M\005\335\375\373\265\207\005<"
 340      85BD4D05 
 340      DDFDFBB5 
 340      87053C
 341 0279 38D89B7D 		.ascii	"8\330\233}<\307\216Y\354\230\301fu\366\363\027\277\277"
 341      3CC78E59 
 341      EC98C166 
 341      75F6F317 
 341      BFBF
 342 028b 437578FE 		.ascii	"Cux\376\344\364\011)\355\026\354\204\305N\030\354\233"
 342      E4F40929 
 342      ED16EC84 
 342      C54E18EC 
 342      9B
 343 029c 4CB04BEF 		.ascii	"L\260K\357\374\374\326v\235=}j\315\2273\276`\301\027"
 343      FCFCD676 
 343      9D3D7D6A 
 343      CD9733BE 
 343      60C117
 344 02af 0C785187 		.ascii	"\014xQ\207\317}\373\223\011\257\234\2369n\032OY\354"
 344      CF7DFB93 
 344      09AF9C9E 
 344      396E1A4F 
 344      59EC
 345 02c1 94C11EB7 		.ascii	"\224\301\036\267\351wr\354\306\014\323\331\205\245t"
 345      E97772EC 
 345      C60CD3D9 
 345      85A574
 346 02d0 63CE78DA 		.ascii	"c\316x\332\202\247\015xX\207\337]\271qM\277\213\301"
 346      82A70D78 
 346      5887DF5D 
 346      B9714DBF 
 346      8BC1
 347 02e2 D76F5F1F 		.ascii	"\327o_\037\200\034=k\321\263\006\375\243N\277zs\270"
 347      801C3D6B 
 347      D1B306FD 
 347      A34EBF7A 
 347      73B8
 348 02f4 D7B0FEF3 		.ascii	"\327\260\376\363\233\364\037\026=g\321s\006=b\027\364"
 348      9BF41F16 
 348      3D67D173 
 348      063D6217 
 348      F4
 349 0305 C96CD7C2 		.ascii	"\311l\327\302\016\235\356\377a\371\227\0359\372\222"
 349      0E9DEEFF 
 349      61F9971D 
 349      39FA92
 350 0314 455FD217 		.ascii	"E_\322\027\275Glz\217\270P5\363\325\331\337\344\302"
 350      BD476C7A 
 350      8FB85035 
 350      F3D5D9DF 
 350      E4C2
 351 0326 51CE9779 		.ascii	"Q\316\227yz\334&\004\013\000\227E\227,\012\234\371*"
 351      7ADC2604 
 351      0B009745 
 351      972C0A9C 
ARM GAS  C:\Users\angio\AppData\Local\Temp\ccpMTJOw.s 			page 14


 351      F92A
 352 0338 494128D1 		.ascii	"IA(\321\332Q\025)o%J8\226HE:\313[+\210\034K\206Z\366"
 352      DA511529 
 352      6F254A38 
 352      9648453A 
 352      CB5B2B88 
 353 0351 B769A932 		.ascii	"\267i\2512\217\307\213\277pT;\242\305\222~\237\317\347"
 353      8FC78BBF 
 353      70543BA2 
 353      C5927E9F 
 353      CFE7
 354 0363 8D25BDD1 		.ascii	"\215%\275\321P\2137\231\010\213\325\023\226k\353\017"
 354      508B3799 
 354      088BD513 
 354      966BEB0F 
 355 0373 BB6A7C55 		.ascii	"\273j|U\244H\177\364\370\366T\357\011\373\252\237$\225"
 355      A4487FF4 
 355      F8F654EF 
 355      09FBAA9F 
 355      2495
 356 0385 350F36D7 		.ascii	"5\0176\327\010ac\252]\325b\315\317\304\022O'\343\241"
 356      086163AA 
 356      5DD562CD 
 356      CFC4124F 
 356      27E3A1
 357 0398 7024D89E 		.ascii	"p$\330\236\214$\232\0175\22576=\266\333_[QUqhoy\375"
 357      8C249A0F 
 357      35953736 
 357      3DB6DB5F 
 357      5B515571 
 358 03b0 E19ABABD 		.ascii	"\341\232\272\275\007++\310\003\233\246\024Ey\023\251"
 358      072B2BC8 
 358      039BA614 
 358      457913A9 
 359 03c0 F236CDD8 		.ascii	"\3626\315\330{\242D\212\032u\336\363\337u\022G2%\320"
 359      7BA2448A 
 359      1A75DEF3 
 359      DF751247 
 359      3225D0
 360 03d3 5D9BA25A 		.ascii	"]\233\242Z[\270\245]\215\210}0\231B\367\202#\261PB\025"
 360      5BB8A55D 
 360      8D887D30 
 360      9942F782 
 360      23B15042 
 361 03e8 A2873615 		.ascii	"\242\2076\025\351H\322\333\330\024\314\275A\320x#\343"
 361      E948D2DB 
 361      D814CCBD 
 361      41D07823 
 361      E3
 362 03f9 44D4988C 		.ascii	"D\324\230\214k\302\303\263\265\304q-\330\341\327eZL"
 362      6BC2C3B3 
 362      B5C4712D 
 362      D8E1D765 
 362      5A4C
 363 040b C8EEDF9A 		.ascii	"\310\356\337\232L\213\241\306\221T\377G\246HB3.\361"
 363      4C8BA1C6 
 363      9154FF47 
ARM GAS  C:\Users\angio\AppData\Local\Temp\ccpMTJOw.s 			page 15


 363      A6484233 
 363      2EF1
 364 041d A9786AEB 		.ascii	"\251xj\353\231\020\026\0325\024\336\272\006a\324l\017"
 364      9910161A 
 364      3514DEBA 
 364      0661D46C 
 364      0F
 365 042e C671DFD2 		.ascii	"\306q\337\322\242\0065T>\262\2512\216}(n\024\233\303"
 365      A2063554 
 365      3EB2A932 
 365      8E7D286E 
 365      149BC3
 366 0441 5B57F7A8 		.ascii	"[W\367\250\267\266a\377\301\016\277nd\032\240Yat\235"
 366      B7B661FF 
 366      C10EBF6E 
 366      641AA059 
 366      61749D
 367 0454 57F596BC 		.ascii	"W\365\226\274\314v\353\354\364F-\233\277\000\273\020"
 367      CC76EBEC 
 367      F4462D9B 
 367      BF00BB10 
 368 0464 4B2E     		.ascii	"K."
 369              		.text
 370              		.section	.gnu.lto_.symtab.1f2b6d4f,"e",%progbits
 371 0000 68616C49 		.ascii	"halInit\000"
 371      6E697400 
 372 0008 00       		.ascii	"\000"
 373 0009 00       		.ascii	"\000"
 374 000a 00       		.ascii	"\000"
 375 000b 00000000 		.ascii	"\000\000\000\000\000\000\000\000"
 375      00000000 
 376 0013 BE000000 		.ascii	"\276\000\000\000"
 377 0017 7374496E 		.ascii	"stInit\000"
 377      697400
 378 001e 00       		.ascii	"\000"
 379 001f 02       		.ascii	"\002"
 380 0020 00       		.ascii	"\000"
 381 0021 00000000 		.ascii	"\000\000\000\000\000\000\000\000"
 381      00000000 
 382 0029 C0000000 		.ascii	"\300\000\000\000"
 383 002d 626F6172 		.ascii	"boardInit\000"
 383      64496E69 
 383      7400
 384 0037 00       		.ascii	"\000"
 385 0038 02       		.ascii	"\002"
 386 0039 00       		.ascii	"\000"
 387 003a 00000000 		.ascii	"\000\000\000\000\000\000\000\000"
 387      00000000 
 388 0042 C2000000 		.ascii	"\302\000\000\000"
 389 0046 73706949 		.ascii	"spiInit\000"
 389      6E697400 
 390 004e 00       		.ascii	"\000"
 391 004f 02       		.ascii	"\002"
 392 0050 00       		.ascii	"\000"
 393 0051 00000000 		.ascii	"\000\000\000\000\000\000\000\000"
 393      00000000 
 394 0059 C4000000 		.ascii	"\304\000\000\000"
ARM GAS  C:\Users\angio\AppData\Local\Temp\ccpMTJOw.s 			page 16


 395 005d 73696F49 		.ascii	"sioInit\000"
 395      6E697400 
 396 0065 00       		.ascii	"\000"
 397 0066 02       		.ascii	"\002"
 398 0067 00       		.ascii	"\000"
 399 0068 00000000 		.ascii	"\000\000\000\000\000\000\000\000"
 399      00000000 
 400 0070 C6000000 		.ascii	"\306\000\000\000"
 401 0074 7364496E 		.ascii	"sdInit\000"
 401      697400
 402 007b 00       		.ascii	"\000"
 403 007c 02       		.ascii	"\002"
 404 007d 00       		.ascii	"\000"
 405 007e 00000000 		.ascii	"\000\000\000\000\000\000\000\000"
 405      00000000 
 406 0086 C8000000 		.ascii	"\310\000\000\000"
 407 008a 67707449 		.ascii	"gptInit\000"
 407      6E697400 
 408 0092 00       		.ascii	"\000"
 409 0093 02       		.ascii	"\002"
 410 0094 00       		.ascii	"\000"
 411 0095 00000000 		.ascii	"\000\000\000\000\000\000\000\000"
 411      00000000 
 412 009d CA000000 		.ascii	"\312\000\000\000"
 413 00a1 64616349 		.ascii	"dacInit\000"
 413      6E697400 
 414 00a9 00       		.ascii	"\000"
 415 00aa 02       		.ascii	"\002"
 416 00ab 00       		.ascii	"\000"
 417 00ac 00000000 		.ascii	"\000\000\000\000\000\000\000\000"
 417      00000000 
 418 00b4 CC000000 		.ascii	"\314\000\000\000"
 419 00b8 5F70616C 		.ascii	"_pal_lld_init\000"
 419      5F6C6C64 
 419      5F696E69 
 419      7400
 420 00c6 00       		.ascii	"\000"
 421 00c7 02       		.ascii	"\002"
 422 00c8 00       		.ascii	"\000"
 423 00c9 00000000 		.ascii	"\000\000\000\000\000\000\000\000"
 423      00000000 
 424 00d1 CE000000 		.ascii	"\316\000\000\000"
 425 00d5 68616C5F 		.ascii	"hal_lld_init\000"
 425      6C6C645F 
 425      696E6974 
 425      00
 426 00e2 00       		.ascii	"\000"
 427 00e3 02       		.ascii	"\002"
 428 00e4 00       		.ascii	"\000"
 429 00e5 00000000 		.ascii	"\000\000\000\000\000\000\000\000"
 429      00000000 
 430 00ed D0000000 		.ascii	"\320\000\000\000"
 431              		.text
 432              		.section	.gnu.lto_.ext_symtab.1f2b6d4f,"e",%progbits
 433 0000 01       		.ascii	"\001"
 434 0001 01       		.ascii	"\001"
 435 0002 00       		.ascii	"\000"
ARM GAS  C:\Users\angio\AppData\Local\Temp\ccpMTJOw.s 			page 17


 436 0003 01       		.ascii	"\001"
 437 0004 00       		.ascii	"\000"
 438 0005 01       		.ascii	"\001"
 439 0006 00       		.ascii	"\000"
 440 0007 01       		.ascii	"\001"
 441 0008 00       		.ascii	"\000"
 442 0009 01       		.ascii	"\001"
 443 000a 00       		.ascii	"\000"
 444 000b 01       		.ascii	"\001"
 445 000c 00       		.ascii	"\000"
 446 000d 01       		.ascii	"\001"
 447 000e 00       		.ascii	"\000"
 448 000f 01       		.ascii	"\001"
 449 0010 00       		.ascii	"\000"
 450 0011 01       		.ascii	"\001"
 451 0012 00       		.ascii	"\000"
 452 0013 01       		.ascii	"\001"
 453 0014 00       		.ascii	"\000"
 454              		.text
 455              		.section	.gnu.lto_.opts,"e",%progbits
 456 0000 272D666E 		.ascii	"'-fno-openmp' '-fno-openacc' '-fno-pie' '-fcf-prote"
 456      6F2D6F70 
 456      656E6D70 
 456      2720272D 
 456      666E6F2D 
 457 0033 6374696F 		.ascii	"ction=none' '-g' '-mcpu=cortex-m4' '-mthumb' '-mflo"
 457      6E3D6E6F 
 457      6E652720 
 457      272D6727 
 457      20272D6D 
 458 0066 61742D61 		.ascii	"at-abi=soft' '-mlibarch=armv7e-m' '-march=armv7e-m'"
 458      62693D73 
 458      6F667427 
 458      20272D6D 
 458      6C696261 
 459 0099 20272D4F 		.ascii	" '-O0' '-fomit-frame-pointer' '-falign-functions=16"
 459      30272027 
 459      2D666F6D 
 459      69742D66 
 459      72616D65 
 460 00cc 2720272D 		.ascii	"' '-ffunction-sections' '-fdata-sections' '-fno-com"
 460      6666756E 
 460      6374696F 
 460      6E2D7365 
 460      6374696F 
 461 00ff 6D6F6E27 		.ascii	"mon' '-flto' '-Xassembler' '-alms=./build/lst/hal.l"
 461      20272D66 
 461      6C746F27 
 461      20272D58 
 461      61737365 
 462 0132 73742700 		.ascii	"st'\000"
 463              		.text
 464              		.comm	__gnu_lto_slim,1,1
 465              		.ident	"GCC: (GNU Arm Embedded Toolchain 10.3-2021.10) 10.3.1 20210824 (release)"
ARM GAS  C:\Users\angio\AppData\Local\Temp\ccpMTJOw.s 			page 18


DEFINED SYMBOLS
                            *ABS*:00000000 hal.c
C:\Users\angio\AppData\Local\Temp\ccpMTJOw.s:20     .gnu.debuglto_.debug_info:00000000 hal.c.1898c19f
                            *COM*:00000001 __gnu_lto_slim

NO UNDEFINED SYMBOLS
