ARM GAS  C:\Users\angio\AppData\Local\Temp\ccWzFqYh.s 			page 1


   1              		.cpu cortex-m4
   2              		.arch armv7e-m
   3              		.fpu softvfp
   4              		.eabi_attribute 20, 1
   5              		.eabi_attribute 21, 1
   6              		.eabi_attribute 23, 3
   7              		.eabi_attribute 24, 1
   8              		.eabi_attribute 25, 1
   9              		.eabi_attribute 26, 1
  10              		.eabi_attribute 30, 6
  11              		.eabi_attribute 34, 1
  12              		.eabi_attribute 18, 4
  13              		.file	"mf_encoding.c"
  14              		.file 1 "../../ugfx/src/gdisp/mcufont/mf_encoding.h"
  15              		.file 2 "../../ugfx/src/gdisp/mcufont/mf_encoding.c"
  16              		.section	.gnu.debuglto_.debug_info,"e",%progbits
  17              	.Ldebug_info0:
  18              		.hidden	mf_encoding.c.c5d07d09
  19              		.weak	mf_encoding.c.c5d07d09
  20              	mf_encoding.c.c5d07d09:
  21 0000 D0000000 		.4byte	0xd0
  22 0004 0400     		.2byte	0x4
  23 0006 00000000 		.4byte	.Ldebug_abbrev0
  24 000a 04       		.byte	0x4
  25 000b 01       		.uleb128 0x1
  26 000c 69000000 		.4byte	.LASF16
  27 0010 0C       		.byte	0xc
  28 0011 5A010000 		.4byte	.LASF17
  29 0015 A3010000 		.4byte	.LASF18
  30 0019 00000000 		.4byte	.Ldebug_line0
  31 001d 02       		.uleb128 0x2
  32 001e 04       		.byte	0x4
  33 001f 05       		.byte	0x5
  34 0020 696E7400 		.ascii	"int\000"
  35 0024 03       		.uleb128 0x3
  36 0025 04       		.byte	0x4
  37 0026 07       		.byte	0x7
  38 0027 15000000 		.4byte	.LASF0
  39 002b 03       		.uleb128 0x3
  40 002c 08       		.byte	0x8
  41 002d 05       		.byte	0x5
  42 002e 00000000 		.4byte	.LASF1
  43 0032 03       		.uleb128 0x3
  44 0033 08       		.byte	0x8
  45 0034 04       		.byte	0x4
  46 0035 97010000 		.4byte	.LASF2
  47 0039 03       		.uleb128 0x3
  48 003a 01       		.byte	0x1
  49 003b 06       		.byte	0x6
  50 003c D9010000 		.4byte	.LASF3
  51 0040 03       		.uleb128 0x3
  52 0041 01       		.byte	0x1
  53 0042 08       		.byte	0x8
  54 0043 33010000 		.4byte	.LASF4
  55 0047 03       		.uleb128 0x3
  56 0048 02       		.byte	0x2
  57 0049 05       		.byte	0x5
ARM GAS  C:\Users\angio\AppData\Local\Temp\ccWzFqYh.s 			page 2


  58 004a 4A010000 		.4byte	.LASF5
  59 004e 03       		.uleb128 0x3
  60 004f 02       		.byte	0x2
  61 0050 07       		.byte	0x7
  62 0051 56000000 		.4byte	.LASF6
  63 0055 03       		.uleb128 0x3
  64 0056 04       		.byte	0x4
  65 0057 05       		.byte	0x5
  66 0058 41010000 		.4byte	.LASF7
  67 005c 03       		.uleb128 0x3
  68 005d 04       		.byte	0x4
  69 005e 07       		.byte	0x7
  70 005f 2D000000 		.4byte	.LASF8
  71 0063 03       		.uleb128 0x3
  72 0064 08       		.byte	0x8
  73 0065 07       		.byte	0x7
  74 0066 3F000000 		.4byte	.LASF9
  75 006a 04       		.uleb128 0x4
  76 006b 04       		.byte	0x4
  77 006c 77000000 		.4byte	0x77
  78 0070 03       		.uleb128 0x3
  79 0071 01       		.byte	0x1
  80 0072 08       		.byte	0x8
  81 0073 2E010000 		.4byte	.LASF10
  82 0077 05       		.uleb128 0x5
  83 0078 70000000 		.4byte	0x70
  84 007c 03       		.uleb128 0x3
  85 007d 01       		.byte	0x1
  86 007e 02       		.byte	0x2
  87 007f 54010000 		.4byte	.LASF11
  88 0083 06       		.uleb128 0x6
  89 0084 85010000 		.4byte	.LASF12
  90 0088 01       		.byte	0x1
  91 0089 16       		.byte	0x16
  92 008a 0F       		.byte	0xf
  93 008b 70000000 		.4byte	0x70
  94 008f 06       		.uleb128 0x6
  95 0090 0E000000 		.4byte	.LASF13
  96 0094 01       		.byte	0x1
  97 0095 1F       		.byte	0x1f
  98 0096 16       		.byte	0x16
  99 0097 6A000000 		.4byte	0x6a
 100 009b 07       		.uleb128 0x7
 101 009c 8D010000 		.4byte	.LASF14
 102 00a0 02       		.byte	0x2
 103 00a1 58       		.byte	0x58
 104 00a2 06       		.byte	0x6
 105 00a3 B4000000 		.4byte	0xb4
 106 00a7 08       		.uleb128 0x8
 107 00a8 73747200 		.ascii	"str\000"
 108 00ac 02       		.byte	0x2
 109 00ad 58       		.byte	0x58
 110 00ae 18       		.byte	0x18
 111 00af B4000000 		.4byte	0xb4
 112 00b3 00       		.byte	0
 113 00b4 04       		.uleb128 0x4
 114 00b5 04       		.byte	0x4
ARM GAS  C:\Users\angio\AppData\Local\Temp\ccWzFqYh.s 			page 3


 115 00b6 8F000000 		.4byte	0x8f
 116 00ba 09       		.uleb128 0x9
 117 00bb 22000000 		.4byte	.LASF15
 118 00bf 02       		.byte	0x2
 119 00c0 50       		.byte	0x50
 120 00c1 09       		.byte	0x9
 121 00c2 83000000 		.4byte	0x83
 122 00c6 08       		.uleb128 0x8
 123 00c7 73747200 		.ascii	"str\000"
 124 00cb 02       		.byte	0x2
 125 00cc 50       		.byte	0x50
 126 00cd 1C       		.byte	0x1c
 127 00ce B4000000 		.4byte	0xb4
 128 00d2 00       		.byte	0
 129 00d3 00       		.byte	0
 130              		.section	.gnu.debuglto_.debug_abbrev,"e",%progbits
 131              	.Ldebug_abbrev0:
 132 0000 01       		.uleb128 0x1
 133 0001 11       		.uleb128 0x11
 134 0002 01       		.byte	0x1
 135 0003 25       		.uleb128 0x25
 136 0004 0E       		.uleb128 0xe
 137 0005 13       		.uleb128 0x13
 138 0006 0B       		.uleb128 0xb
 139 0007 03       		.uleb128 0x3
 140 0008 0E       		.uleb128 0xe
 141 0009 1B       		.uleb128 0x1b
 142 000a 0E       		.uleb128 0xe
 143 000b 10       		.uleb128 0x10
 144 000c 17       		.uleb128 0x17
 145 000d 00       		.byte	0
 146 000e 00       		.byte	0
 147 000f 02       		.uleb128 0x2
 148 0010 24       		.uleb128 0x24
 149 0011 00       		.byte	0
 150 0012 0B       		.uleb128 0xb
 151 0013 0B       		.uleb128 0xb
 152 0014 3E       		.uleb128 0x3e
 153 0015 0B       		.uleb128 0xb
 154 0016 03       		.uleb128 0x3
 155 0017 08       		.uleb128 0x8
 156 0018 00       		.byte	0
 157 0019 00       		.byte	0
 158 001a 03       		.uleb128 0x3
 159 001b 24       		.uleb128 0x24
 160 001c 00       		.byte	0
 161 001d 0B       		.uleb128 0xb
 162 001e 0B       		.uleb128 0xb
 163 001f 3E       		.uleb128 0x3e
 164 0020 0B       		.uleb128 0xb
 165 0021 03       		.uleb128 0x3
 166 0022 0E       		.uleb128 0xe
 167 0023 00       		.byte	0
 168 0024 00       		.byte	0
 169 0025 04       		.uleb128 0x4
 170 0026 0F       		.uleb128 0xf
 171 0027 00       		.byte	0
ARM GAS  C:\Users\angio\AppData\Local\Temp\ccWzFqYh.s 			page 4


 172 0028 0B       		.uleb128 0xb
 173 0029 0B       		.uleb128 0xb
 174 002a 49       		.uleb128 0x49
 175 002b 13       		.uleb128 0x13
 176 002c 00       		.byte	0
 177 002d 00       		.byte	0
 178 002e 05       		.uleb128 0x5
 179 002f 26       		.uleb128 0x26
 180 0030 00       		.byte	0
 181 0031 49       		.uleb128 0x49
 182 0032 13       		.uleb128 0x13
 183 0033 00       		.byte	0
 184 0034 00       		.byte	0
 185 0035 06       		.uleb128 0x6
 186 0036 16       		.uleb128 0x16
 187 0037 00       		.byte	0
 188 0038 03       		.uleb128 0x3
 189 0039 0E       		.uleb128 0xe
 190 003a 3A       		.uleb128 0x3a
 191 003b 0B       		.uleb128 0xb
 192 003c 3B       		.uleb128 0x3b
 193 003d 0B       		.uleb128 0xb
 194 003e 39       		.uleb128 0x39
 195 003f 0B       		.uleb128 0xb
 196 0040 49       		.uleb128 0x49
 197 0041 13       		.uleb128 0x13
 198 0042 00       		.byte	0
 199 0043 00       		.byte	0
 200 0044 07       		.uleb128 0x7
 201 0045 2E       		.uleb128 0x2e
 202 0046 01       		.byte	0x1
 203 0047 3F       		.uleb128 0x3f
 204 0048 19       		.uleb128 0x19
 205 0049 03       		.uleb128 0x3
 206 004a 0E       		.uleb128 0xe
 207 004b 3A       		.uleb128 0x3a
 208 004c 0B       		.uleb128 0xb
 209 004d 3B       		.uleb128 0x3b
 210 004e 0B       		.uleb128 0xb
 211 004f 39       		.uleb128 0x39
 212 0050 0B       		.uleb128 0xb
 213 0051 27       		.uleb128 0x27
 214 0052 19       		.uleb128 0x19
 215 0053 01       		.uleb128 0x1
 216 0054 13       		.uleb128 0x13
 217 0055 00       		.byte	0
 218 0056 00       		.byte	0
 219 0057 08       		.uleb128 0x8
 220 0058 05       		.uleb128 0x5
 221 0059 00       		.byte	0
 222 005a 03       		.uleb128 0x3
 223 005b 08       		.uleb128 0x8
 224 005c 3A       		.uleb128 0x3a
 225 005d 0B       		.uleb128 0xb
 226 005e 3B       		.uleb128 0x3b
 227 005f 0B       		.uleb128 0xb
 228 0060 39       		.uleb128 0x39
ARM GAS  C:\Users\angio\AppData\Local\Temp\ccWzFqYh.s 			page 5


 229 0061 0B       		.uleb128 0xb
 230 0062 49       		.uleb128 0x49
 231 0063 13       		.uleb128 0x13
 232 0064 00       		.byte	0
 233 0065 00       		.byte	0
 234 0066 09       		.uleb128 0x9
 235 0067 2E       		.uleb128 0x2e
 236 0068 01       		.byte	0x1
 237 0069 3F       		.uleb128 0x3f
 238 006a 19       		.uleb128 0x19
 239 006b 03       		.uleb128 0x3
 240 006c 0E       		.uleb128 0xe
 241 006d 3A       		.uleb128 0x3a
 242 006e 0B       		.uleb128 0xb
 243 006f 3B       		.uleb128 0x3b
 244 0070 0B       		.uleb128 0xb
 245 0071 39       		.uleb128 0x39
 246 0072 0B       		.uleb128 0xb
 247 0073 27       		.uleb128 0x27
 248 0074 19       		.uleb128 0x19
 249 0075 49       		.uleb128 0x49
 250 0076 13       		.uleb128 0x13
 251 0077 00       		.byte	0
 252 0078 00       		.byte	0
 253 0079 00       		.byte	0
 254              		.section	.gnu.debuglto_.debug_line,"e",%progbits
 255              	.Ldebug_line0:
 256 0000 59000000 		.4byte	.LELT0-.LSLT0
 257              	.LSLT0:
 258 0004 0400     		.2byte	0x4
 259 0006 53000000 		.4byte	.LELTP0-.LASLTP0
 260              	.LASLTP0:
 261 000a 01       		.byte	0x1
 262 000b 01       		.byte	0x1
 263 000c 01       		.byte	0x1
 264 000d F6       		.byte	0xf6
 265 000e F2       		.byte	0xf2
 266 000f 0D       		.byte	0xd
 267 0010 00       		.byte	0
 268 0011 01       		.byte	0x1
 269 0012 01       		.byte	0x1
 270 0013 01       		.byte	0x1
 271 0014 01       		.byte	0x1
 272 0015 00       		.byte	0
 273 0016 00       		.byte	0
 274 0017 00       		.byte	0
 275 0018 01       		.byte	0x1
 276 0019 00       		.byte	0
 277 001a 00       		.byte	0
 278 001b 01       		.byte	0x1
 279 001c 2E2E2F2E 		.ascii	"../../ugfx/src/gdisp/mcufont"
 279      2E2F7567 
 279      66782F73 
 279      72632F67 
 279      64697370 
 280 0038 00       		.byte	0
 281 0039 00       		.byte	0
ARM GAS  C:\Users\angio\AppData\Local\Temp\ccWzFqYh.s 			page 6


 282 003a 6D665F65 		.ascii	"mf_encoding.h\000"
 282      6E636F64 
 282      696E672E 
 282      6800
 283 0048 01       		.uleb128 0x1
 284 0049 00       		.uleb128 0
 285 004a 00       		.uleb128 0
 286 004b 6D665F65 		.ascii	"mf_encoding.c\000"
 286      6E636F64 
 286      696E672E 
 286      6300
 287 0059 01       		.uleb128 0x1
 288 005a 00       		.uleb128 0
 289 005b 00       		.uleb128 0
 290 005c 00       		.byte	0
 291              	.LELTP0:
 292              	.LELT0:
 293              		.section	.gnu.debuglto_.debug_str,"eMS",%progbits,1
 294              	.LASF1:
 295 0000 6C6F6E67 		.ascii	"long long int\000"
 295      206C6F6E 
 295      6720696E 
 295      7400
 296              	.LASF13:
 297 000e 6D665F73 		.ascii	"mf_str\000"
 297      747200
 298              	.LASF0:
 299 0015 756E7369 		.ascii	"unsigned int\000"
 299      676E6564 
 299      20696E74 
 299      00
 300              	.LASF15:
 301 0022 6D665F67 		.ascii	"mf_getchar\000"
 301      65746368 
 301      617200
 302              	.LASF8:
 303 002d 6C6F6E67 		.ascii	"long unsigned int\000"
 303      20756E73 
 303      69676E65 
 303      6420696E 
 303      7400
 304              	.LASF9:
 305 003f 6C6F6E67 		.ascii	"long long unsigned int\000"
 305      206C6F6E 
 305      6720756E 
 305      7369676E 
 305      65642069 
 306              	.LASF6:
 307 0056 73686F72 		.ascii	"short unsigned int\000"
 307      7420756E 
 307      7369676E 
 307      65642069 
 307      6E7400
 308              	.LASF16:
 309 0069 474E5520 		.ascii	"GNU C17 10.3.1 20210824 (release) -mcpu=cortex-m4 -"
 309      43313720 
 309      31302E33 
ARM GAS  C:\Users\angio\AppData\Local\Temp\ccWzFqYh.s 			page 7


 309      2E312032 
 309      30323130 
 310 009c 6D746875 		.ascii	"mthumb -mfloat-abi=soft -march=armv7e-m -ggdb -O0 -"
 310      6D62202D 
 310      6D666C6F 
 310      61742D61 
 310      62693D73 
 311 00cf 666F6D69 		.ascii	"fomit-frame-pointer -falign-functions=16 -ffunction"
 311      742D6672 
 311      616D652D 
 311      706F696E 
 311      74657220 
 312 0102 2D736563 		.ascii	"-sections -fdata-sections -fno-common -flto\000"
 312      74696F6E 
 312      73202D66 
 312      64617461 
 312      2D736563 
 313              	.LASF10:
 314 012e 63686172 		.ascii	"char\000"
 314      00
 315              	.LASF4:
 316 0133 756E7369 		.ascii	"unsigned char\000"
 316      676E6564 
 316      20636861 
 316      7200
 317              	.LASF7:
 318 0141 6C6F6E67 		.ascii	"long int\000"
 318      20696E74 
 318      00
 319              	.LASF5:
 320 014a 73686F72 		.ascii	"short int\000"
 320      7420696E 
 320      7400
 321              	.LASF11:
 322 0154 5F426F6F 		.ascii	"_Bool\000"
 322      6C00
 323              	.LASF17:
 324 015a 2E2E2F2E 		.ascii	"../../ugfx/src/gdisp/mcufont/mf_encoding.c\000"
 324      2E2F7567 
 324      66782F73 
 324      72632F67 
 324      64697370 
 325              	.LASF12:
 326 0185 6D665F63 		.ascii	"mf_char\000"
 326      68617200 
 327              	.LASF14:
 328 018d 6D665F72 		.ascii	"mf_rewind\000"
 328      6577696E 
 328      6400
 329              	.LASF2:
 330 0197 6C6F6E67 		.ascii	"long double\000"
 330      20646F75 
 330      626C6500 
 331              	.LASF18:
 332 01a3 433A5C43 		.ascii	"C:\\ChibiStudio\\workspace_user\\RT-STM32G474RE-NUC"
 332      68696269 
 332      53747564 
ARM GAS  C:\Users\angio\AppData\Local\Temp\ccWzFqYh.s 			page 8


 332      696F5C77 
 332      6F726B73 
 333 01d3 4C454F36 		.ascii	"LEO64\000"
 333      3400
 334              	.LASF3:
 335 01d9 7369676E 		.ascii	"signed char\000"
 335      65642063 
 335      68617200 
 336              		.text
 337              		.section	.gnu.lto_.inline.1f2b1697,"e",%progbits
 338 0000 789C7363 		.ascii	"x\234sc@\000&\006\006\356\206\206\206\003Li@\266\020"
 338      40002606 
 338      06EE8686 
 338      86034C69 
 338      40B610
 339 0013 8CC5C2D0 		.ascii	"\214\305\302\320\010d\3261\201\244\031\030\031\330\300"
 339      0864D631 
 339      81A41918 
 339      19D8C0
 340 0022 E2A94015 		.ascii	"\342\251@\025\0340\026\212\012\006\000eR\020%"
 340      1C30168A 
 340      0A060065 
 340      521025
 341              		.text
 342              		.section	.gnu.lto_.jmpfuncs.1f2b1697,"e",%progbits
 343 0000 789C6362 		.ascii	"x\234cb@\006\000\000*\000\003"
 343      40060000 
 343      2A0003
 344              		.text
 345              		.section	.gnu.lto_.lto.1f2b1697,"e",%progbits
 346 0000 09000400 		.ascii	"\011\000\004\000\001\000\000\000"
 346      01000000 
 347              		.text
 348              		.section	.gnu.lto_mf_getchar.402.1f2b1697,"e",%progbits
 349 0000 789C6D52 		.ascii	"x\234mRMh\023Q\020\236y\263\273MH\364\244\010\275X\020"
 349      4D681351 
 349      109E79B3 
 349      BB4D48F4 
 349      A408BD58 
 350 0015 119126C1 		.ascii	"\021\221&\301\246-z\022B\361\342oZo\201b7?.\322\244"
 350      A62D7A12 
 350      42F1E26F 
 350      5A6F8162 
 350      373F2ED2 
 351 002a E407BDE5 		.ascii	"\344\007\275\345\305T\017)\322\246\"H\220\"i\224\200"
 351      C5540F29 
 351      D2A62248 
 351      90226994 
 351      80
 352 003b A0225423 		.ascii	"\240\"T#\376\020\020\305\233\"\250\027E\274)\212\206"
 352      FE1010C5 
 352      9B22A817 
 352      45BC298A 
 352      86
 353 004c 9E8A2871 		.ascii	"\236\212(q\336k \261\372\330\235\235y\363}3\337\233"
 353      DE6B20B1 
 353      FAD89D9D 
ARM GAS  C:\Users\angio\AppData\Local\Temp\ccWzFqYh.s 			page 9


 353      79F37D33 
 353      DF9B
 354 005e B7610120 		.ascii	"\267a\001 \001\3408\277`\001.\226K\002\332\355v\336"
 354      01E038BF 
 354      60012E96 
 354      4B02DAED 
 354      76DE
 355 0070 10A2589E 		.ascii	"\020\242X\236\023\370\000u4[\336\254\277\204\227\313"
 355      13F80075 
 355      345BDEAC 
 355      BF8497CB 
 356 0080 A58F9563 		.ascii	"\245\217\225c:0T\360\265_\373&\026\\\353D\204\274 \216"
 356      3A3054F0 
 356      B55FFB26 
 356      165CEB44 
 356      84BC208E 
 357 0094 F3788976 		.ascii	"\363x\211v7\245\\\273\276T_\266*\365&\326\010`\211\000"
 357      37A55CBB 
 357      BE545FB6 
 357      2AF526D6 
 357      08608900 
 358 00a8 8730A0DA 		.ascii	"\2070\240\332]%\\\244\032!\032\035O\340\000{\024\203"
 358      5D255CA4 
 358      1A211A1D 
 358      4FE0007B 
 358      1483
 359 00ba 5D4C7BF5 		.ascii	"]L{\365\250!\245\033jDx\037\025\353\036\342\012\202"
 359      A821A51B 
 359      6A44781F 
 359      15EB1EE2 
 359      0A82
 360 00cc DA709EA3 		.ascii	"\332p\236\243\022\253j\361b\037w6\317\313\326\315b\351"
 360      12AB6AF1 
 360      621F7736 
 360      CFCBD6CD 
 360      62E9
 361 00de E2963BD2 		.ascii	"\342\226;\322\265\241\015\334~m6\345\257\366\274\224"
 361      B5A10DDC 
 361      7E6D36E5 
 361      AFF6BC94 
 362 00ee 2FFB3FBD 		.ascii	"/\373?\275\2676!\3270\004\033\223\224g(c*c\261\0017"
 362      B73621D7 
 362      30041B93 
 362      94672863 
 362      2A63B101 
 363 0103 62033DCA 		.ascii	"b\003=\312\363*\0030O\352\\zm\347^\013$\272!\302w<w"
 363      F32A0330 
 363      4FEA5C7A 
 363      6DE75E0B 
 363      24BA21C2 
 364 011a 65EE5DA5 		.ascii	"e\356]\245a\360\244\252\204\235\223\020\302\015\224"
 364      61F0A4AA 
 364      849D9310 
 364      C20D94
 365 0129 5269B1AA 		.ascii	"Ri\261\252\344\306\207L\324\310\017\014\022\035\220"
 365      E4C6874C 
 365      D4C80F0C 
ARM GAS  C:\Users\angio\AppData\Local\Temp\ccWzFqYh.s 			page 10


 365      121D90
 366 0138 D505F531 		.ascii	"\325\005\3651\025\0373\350\013\316~~:\305\030\005\350"
 366      151F33E8 
 366      0BCE7E7E 
 366      3AC51805 
 366      E8
 367 0149 43AD9F5B 		.ascii	"C\255\237[\322\206\226\253ko\012f\225\274\012\245\006"
 367      D28696AB 
 367      6B6F0A66 
 367      95BC0AA5 
 367      06
 368 015a B020E40B 		.ascii	"\260 \344\013C#\215\177\304\375\250LT\211\376'\247U"
 368      43238D7F 
 368      C4FDA84C 
 368      5489FE27 
 368      A755
 369 016c FA2DAA64 		.ascii	"\372-\252dp\226\243\342\335\013\254\215\213\032<6\235"
 369      7096A3E2 
 369      DD0BAC8D 
 369      8B1A3C36 
 369      9D
 370 017d 44CDA96F 		.ascii	"D\315\251o\355\2228\277^\363\031\363<=\342\015-\276"
 370      ED9238BF 
 370      5EF319F3 
 370      3C3DE20D 
 370      2DBE
 371 018f ABC2EC55 		.ascii	"\253\302\354U\361\015\013\007`\007c[\267\226\345\000"
 371      F10D0B07 
 371      6007635B 
 371      B796E500 
 372 019f FF05AECE 		.ascii	"\377\005\256\316\315\251\265\212\\\212\357\022~\"w\361"
 372      CDA9B58A 
 372      5C8AEF12 
 372      7E2277F1 
 373 01af D293956B 		.ascii	"\322\223\225kn=J\217\361v\230g\217\275\263\007\030\011"
 373      6E3D4A8F 
 373      F1769867 
 373      8FBDB307 
 373      1809
 374 01c1 ED8F844E 		.ascii	"\355\217\204N9S\316x6\027uR\2213\251\364\351\314\314"
 374      3953CE78 
 374      36177552 
 374      9133A9F4 
 374      E9CCCC
 375 01d4 493B3699 		.ascii	"I;6\231\313\304\322\221\360\304\340\370\304\341\241"
 375      CBC4D291 
 375      F0C4E0F8 
 375      C4E1A1
 376 01e3 BD0783A3 		.ascii	"\275\007\203\243\301\360\330\340\221\023\241CcGG\202"
 376      C1F0D8E0 
 376      9113A143 
 376      63474782 
 377 01f3 B0C7E7F3 		.ascii	"\260\307\347\363\363\223K\304\317\3723i\333\237\210"
 377      F3934BC4 
 377      CFFA3369 
 377      DB9F88
 378 0202 3A9919FF 		.ascii	":\231\031\377\264\235\213\247\222Y\377t|2\226\264SQ"
ARM GAS  C:\Users\angio\AppData\Local\Temp\ccWzFqYh.s 			page 11


 378      B49D8BA7 
 378      9259FF74 
 378      7C3296B4 
 378      5351
 379 0214 2799F0D9 		.ascii	"'\231\360\331@\231lz\333_[>{8\032\030\215\006\366\301"
 379      40996C7A 
 379      DB5F5B3E 
 379      7B381A18 
 379      8D06F6C1 
 380 0228 1F93BF0B 		.ascii	"\037\223\277\013\361"
 380      F1
 381              		.text
 382              		.section	.gnu.lto_mf_rewind.403.1f2b1697,"e",%progbits
 383 0000 789C554F 		.ascii	"x\234UO=HBQ\024>\337;/\251\251\261\241\240\202 \"\364"
 383      3D484251 
 383      143EDF3B 
 383      2FA9A9B1 
 383      A1A08220 
 384 0016 499951AB 		.ascii	"I\231Q\253XK?\240\266\011R\357\251=B\015\237R\2337\203"
 384      584B3FA0 
 384      B60952EF 
 384      A93D420D 
 384      9F529B37 
 385 002b 061B2C5B 		.ascii	"\006\033,[\202\302A\354g\013\202\312\232\204h.ZZkk\212"
 385      82C241EC 
 385      670B82CA 
 385      9A84682E 
 385      5A5A6B6B 
 386 0040 68A886C0 		.ascii	"h\250\206\300\256VT\207s\357\375\316\341\373\316\371"
 386      AE565487 
 386      73EFFDCE 
 386      E1FBCEF9 
 387 0050 6E078804 		.ascii	"n\007\210\004\021u\313CL(l\346\024\252\325j\031U\301"
 387      1175CB43 
 387      4C286CE6 
 387      14AAD56A 
 387      1955C1
 388 0063 4A0FCED1 		.ascii	"J\017\316\321\300\240\214\202\014\266\270O\010\361\276"
 388      C0A08C82 
 388      0CB6B84F 
 388      08F1BE
 389 0072 57AC5C42 		.ascii	"W\254\\B\034VQf\242\"\323W\3542\012\\f@\375F\012\272"
 389      1C565166 
 389      A222D357 
 389      EC320A5C 
 389      6640FD46 
 390 0088 24E230F5 		.ascii	"$\3420\365V\205\270\251T\204h\24123\316 58\005N\344"
 390      5685B8A9 
 390      548468A1 
 390      3233CE20 
 390      3538054E 
 391 009d 6ED9300F 		.ascii	"n\3310\017\344k\373\231$1\035\3356U\305G-/\304u\373"
 391      E46BFB99 
 391      24311DDD 
 391      3655C547 
 391      2D2FC475 
 392 00b2 C3ABCD06 		.ascii	"\303\253\315\006IS\225\372\245\002\025\311\310s\335"
ARM GAS  C:\Users\angio\AppData\Local\Temp\ccWzFqYh.s 			page 12


 392      495395FA 
 392      A50215C9 
 392      C873DD
 393 00c1 63233A65 		.ascii	"c#:e\271\301\312o\011zBv{\375n\307Vb|[a\320>\244\365"
 393      B9C1CA6F 
 393      097A4276 
 393      7BFD6EC7 
 393      56627C5B 
 394 00da E6323795 		.ascii	"\34627\225X\305\205\024=a\365x\355\012%VJ?\316\353\003"
 394      58C58514 
 394      3D61F578 
 394      ED0A2556 
 394      4A3FCEEB 
 395 00ef 5AEBF2E7 		.ascii	"Z\353\362\347\034\032\374G\374\012$\221^\220\275\177"
 395      1C1AFC47 
 395      FC0A2491 
 395      5E90BD7F 
 396 00ff 1B6B7C37 		.ascii	"\033k|7\317\370k\201\310\355\031\015z\346\3159\323\237"
 396      CFF86B81 
 396      C8ED190D 
 396      7AE6CD39 
 396      D39F
 397 0111 4A1B6622 		.ascii	"J\033f\"\270\224H.X\213\263z8\224\266\302\311\240/`"
 397      B894482E 
 397      588BB37A 
 397      3894B6C2 
 397      C9A02F60 
 398 0125 F7072607 		.ascii	"\367\007&\007\007\306]\303.\237\327>5\343\231\360N\273"
 398      07C65DC3 
 398      2E9FD73E 
 398      35E399F0 
 398      4EBB
 399 0137 5DD4EF70 		.ascii	"]\324\357ph2\323\321\310\262f%u-j\230\326\242\026\323"
 399      6832D3D1 
 399      C8B26625 
 399      752D6A98 
 399      D6A216D3 
 400 014b D391443C 		.ascii	"\323\221D<\245\305\"\241p\\O\030f<\352\320\211\255T"
 400      A5C522A1 
 400      705C4F18 
 400      663CEAD0 
 400      89AD54
 401 015e B2ED5FCB 		.ascii	"\262\355_\313\241\017\031\316a\3039B\237\265\344\225"
 401      A10F19CE 
 401      61C33942 
 401      9FB5E495 
 402 016e 4C       		.ascii	"L"
 403              		.text
 404              		.section	.gnu.lto_.symbol_nodes.1f2b1697,"e",%progbits
 405 0000 789C7361 		.ascii	"x\234sa\000\002\246I\314\365\014\377\241@\236q\3029"
 405      0002A649 
 405      CCF50CFF 
 405      A1409E71 
 405      C239
 406 0012 06867A06 		.ascii	"\006\206z\006\206}\215\215\214\014\214\014`\005\223"
 406      867D8D8D 
 406      8C0C8C0C 
ARM GAS  C:\Users\angio\AppData\Local\Temp\ccWzFqYh.s 			page 13


 406      600593
 407 0021 99EB19F1 		.ascii	"\231\353\031\361)`\000\000\003\370\031\341"
 407      29600000 
 407      03F819E1 
 408              		.text
 409              		.section	.gnu.lto_.refs.1f2b1697,"e",%progbits
 410 0000 789C6364 		.ascii	"x\234cd\000\002\000\000\012\000\002"
 410      00020000 
 410      0A0002
 411              		.text
 412              		.section	.gnu.lto_.decls.1f2b1697,"e",%progbits
 413 0000 789C8D53 		.ascii	"x\234\215S]h\\E\024>\337\314\335\275w\247[6\224\015"
 413      5D685C45 
 413      143EDFCC 
 413      DDBD77A7 
 413      5B36940D 
 414 0014 7928C4C5 		.ascii	"y(\304\305\007]*\311\246\233\230\240O\013\241\315C5"
 414      075D2AC9 
 414      A69B98A0 
 414      4F0BA1CD 
 414      4335
 415 0026 96FEBC84 		.ascii	"\226\376\274\204@\210;\233d+\233\255\273\033\323'\231"
 415      40883B9B 
 415      642B9BAD 
 415      BB1BD327 
 415      99
 416 0037 56B0152B 		.ascii	"V\260\025+\244j\245Pb\203O\011Z\351\203\326Z\253M7j"
 416      A46AA550 
 416      62834F09 
 416      5AE983D6 
 416      5AAB4D37 
 417 004c B6BF44A9 		.ascii	"\266\277D\251\264\240(\026ZWT\250\266\210\024m=w\177"
 417      B4A02816 
 417      5A5754A8 
 417      B688146D 
 417      3D777F
 418 005f D34D050F 		.ascii	"\323M\005\017\367\314\334\231\363}\347|s\356\334>\213"
 418      F7CCDC99 
 418      F37DE77C 
 418      73EEDC3E 
 418      8B
 419 0070 E80F223A 		.ascii	"\350\017\":\306~\217M\362\374\025\325M\260\237c\277"
 419      C67E8F4D 
 419      F2FC15D5 
 419      4DB09F63 
 419      BF
 420 0081 442BED20 		.ascii	"D+\355 \210|<\027\330\327\260\007\331\027\330\347\331"
 420      887C3C17 
 420      D8D7B007 
 420      D917D8E7 
 420      D9
 421 0092 4FB1E7D9 		.ascii	"O\261\347\331O\263\217U\360\250\344j\264i\016x+\270"
 421      4FB38F55 
 421      F0A8E46A 
 421      B4690E78 
 421      2BB8
 422 00a4 C63CF965 		.ascii	"\306<\371e\334\007i8,\305\365\313\337/\252\353(--\015"
ARM GAS  C:\Users\angio\AppData\Local\Temp\ccWzFqYh.s 			page 14


 422      DC076938 
 422      2CC5F5CB 
 422      DF2FAAEB 
 422      282D2D0D 
 423 00b8 E06A370F 		.ascii	"\340j7\017\212\006$\005\2150\302\253\245PRI\255\012"
 423      8A062405 
 423      8D30C2AB 
 423      A5505249 
 423      AD0A
 424 00ca 680DDF96 		.ascii	"h\015\337\2261G\204\003\312\231]@\223\3628B\024m\255"
 424      31478403 
 424      CA995D40 
 424      93F23842 
 424      146DAD
 425 00dd C277F09E 		.ascii	"\302w\360\236\230\361\206b\306\322\373\233\213\266\021"
 425      98F18662 
 425      C6D2FB9B 
 425      8BB611
 426 00ec 53FDC1CE 		.ascii	"S\375\301\316\030\217E\273\000\315\254\315\226\323\304"
 426      188F45BB 
 426      00CDACCD 
 426      96D3C4
 427 00fb 6F455BDD 		.ascii	"oE[\335\2263\257y\365E\261\357Q\024\240t4h\214\2119"
 427      9633AF79 
 427      F545B1EF 
 427      5114A074 
 427      34688C89 
 428 0110 4E6B202F 		.ascii	"Nk /\363r#\221\343\034{\277Y\025\355\000\247\010\353"
 428      F3722391 
 428      E31C7BBF 
 428      5915ED00 
 428      A708EB
 429 0123 50930E05 		.ascii	"P\223\016\005\012\360h\255\202ab\021:\032\215\011\305"
 429      0AF068AD 
 429      82616211 
 429      3A1A8D09 
 429      C5
 430 0134 992DA780 		.ascii	"\231-\247\200\250\204?j~\374\245Ey\224\2575\024&\322"
 430      A8843F6A 
 430      7EFCA545 
 430      7994AF35 
 430      1426D2
 431 0147 B451705E 		.ascii	"\264Qp^y\257j\260\271\246\256/\201\260\022Q!7\025m\376"
 431      79AF6AB0 
 431      B9A6AE2F 
 431      81B01251 
 431      2137156D 
 432 015c 3C224464 		.ascii	"<\"Dd,\307\357\207\341\3117\264Io\216**\332\202CA\013"
 432      2CC7EF87 
 432      E1C937B4 
 432      496F8E2A 
 432      2ADA8243 
 433 0172 46A0CE54 		.ascii	"F\240\316T^n\243\250\365\023\204\345\235D\345\006\224"
 433      5E6EA3A8 
 433      F51384E5 
 433      9D44E506 
 433      94
ARM GAS  C:\Users\angio\AppData\Local\Temp\ccWzFqYh.s 			page 15


 434 0183 B1548F0B 		.ascii	"\261T\217\013T\303e\334}\254Z\256\322>j\371\253\204"
 434      54C365DC 
 434      7DAC5AAE 
 434      D23E6AF9 
 434      AB84
 435 0195 3A6D5972 		.ascii	":mYr4\320\341\232;.'\3245\326\352\213\232,\324!\015"
 435      34D0E19A 
 435      3B2E27D4 
 435      35D6EA8B 
 435      9A2CD421 
 436 01aa C24B5950 		.ascii	"\302KYP\025\264\322d\365\332\234y\343\333\275\236\033"
 436      15B4D264 
 436      F5DA9C79 
 436      E3DBBD9E 
 436      1B
 437 01bb DC367328 		.ascii	"\3346s(\210\346\251\030A\256%\371\010EL\311\336\331"
 437      88E6A918 
 437      41AE25F9 
 437      08454CC9 
 437      DED9
 438 01cd 41F8A89C 		.ascii	"A\370\250\234a`\325\353\022k`\361\030DHf\230\355\375"
 438      6160D5EB 
 438      126B60F1 
 438      18444866 
 438      98EDFD
 439 01e0 E7F2374B 		.ascii	"\347\3627K\266Z\013\3603oL\321\344wKB':\010\237\000"
 439      B65A0BF0 
 439      336F4CD1 
 439      E4774B42 
 439      273A089F 
 440 01f5 A78013C0 		.ascii	"\247\200\023\300\247\300g\020\274\330c\314\337\017\361"
 440      A7C06710 
 440      BCD863CC 
 440      DF0FF1
 441 0204 CC5567EE 		.ascii	"\314Ug\356.\315\255R.c\376\277\030\214\372a\372\310"
 441      2ECDAD52 
 441      2E63FEBF 
 441      188CFA61 
 441      FAC8
 442 0216 01BF9F51 		.ascii	"\001\277\237Q7\315L\336\302i\340$\360\261{\246y\027"
 442      37CD4CDE 
 442      C269E024 
 442      F0B17BA6 
 442      7917
 443 0228 4772D23D 		.ascii	"Gr\322=\301O\257\356\233\013<\000\2053\250\340\030t"
 443      C14FAFEE 
 443      9B0B3C00 
 443      8533A8E0 
 443      1874
 444 023a E9CA2B7F 		.ascii	"\351\312+\177\252:(_O\265\200R\037^\2765\373\356j\213"
 444      AA3A285F 
 444      4FB58052 
 444      1F5EBE35 
 444      FBEE6A8B 
 445 024e 4A1B4897 		.ascii	"J\033H\227N*J'm\222/\272\3617\317\036\235\366\250\206"
 445      4E2A4A27 
 445      6D922FBA 
ARM GAS  C:\Users\angio\AppData\Local\Temp\ccWzFqYh.s 			page 16


 445      F137CF1E 
 445      9DF6A886 
 446 0262 332E362A 		.ascii	"3.6*~\353\367\335G=-\334\267_\215\011\362\375\305\227"
 446      7EEBF7DD 
 446      473D2DDC 
 446      B75F8D09 
 446      F2FDC597 
 447 0276 C0176E95 		.ascii	"\300\027n\225\263\254\347\363r\245\357\366\377\266\270"
 447      B3ACE7F3 
 447      72A5EFF6 
 447      FFB6B8
 448 0285 FAE14353 		.ascii	"\372\341CS\346\257\351sw\367\254;\360\322^\263\344\266"
 448      E6AFE973 
 448      77F7AC3B 
 448      F0D25EB3 
 448      E4B6
 449 0297 1A2E0AC7 		.ascii	"\032.\012\307K\212]\035\307y\343C\340\003\014\234\204"
 449      4B8A5D1D 
 449      C779E343 
 449      E0030C9C 
 449      84
 450 02a8 FC192B45 		.ascii	"\374\031+E\362\306\334\327\327\016:\265zc\265r\027\231"
 450      F2C6DCD7 
 450      D70E3AB5 
 450      7A63B572 
 450      1799
 451 02ba 7BA15CEE 		.ascii	"{\241\\\356\355;\267\216H\267\334\315\023\013\317\317"
 451      ED3BB78E 
 451      48B7DCCD 
 451      130BCFCF 
 452 02ca BA3F2947 		.ascii	"\272?)Gq\276V\346|\255\314a\356\350\372n\362\015gR/"
 452      71BE56E6 
 452      7CADCC61 
 452      EEE8FA6E 
 452      F20D6752 
 453 02df F424DA52 		.ascii	"\364$\332R\244\342\351L.\261\253-\325E*524\232\310\305"
 453      A4E2E94C 
 453      2EB1AB2D 
 453      D5452A35 
 453      32349AC8 
 454 02f4 C78633EB 		.ascii	"\307\2063\353\332\333#\374L\214\216\354\212d3\361\310"
 454      DADB23FC 
 454      4C8C8EEC 
 454      8A6433F1 
 454      C8
 455 0305 A84E6677 		.ascii	"\250NfwFR\361\211\221\364x.\302\270\304x<\255\223\343"
 455      4652F189 
 455      91F4782E 
 455      C2B8C478 
 455      3CAD93E3 
 456 0319 A3ED71A7 		.ascii	"\243\355q\247\257\177{\250w}\017\265\334\267\335\036"
 456      AF7F7BA8 
 456      777D0FB5 
 456      DCB7DD1E 
 457 0329 7F5C77F4 		.ascii	"\177\\w\364\350\216'\310r\023z9\230\315el\236\334ew"
 457      E88E27C8 
 457      72137A39 
ARM GAS  C:\Users\angio\AppData\Local\Temp\ccWzFqYh.s 			page 17


 457      98CD656C 
 457      9EDC6577 
 458 033d EF9383BD 		.ascii	"\357\223\203\275c\311g\223[s\023:\231\036\234Lg\236"
 458      63C96793 
 458      5B73133A 
 458      991E9C4C 
 458      679E
 459 034f CBEE1C8E 		.ascii	"\313\356\034\216'\206&\262\211\314\340\226mm[\267=\335"
 459      278626B2 
 459      89CCE096 
 459      6D6D5BB7 
 459      3DDD
 460 0361 19EDEBEA 		.ascii	"\031\355\353\352\351\332\262\241\255\177{\357S\033\236"
 460      E9DAB2A1 
 460      AD7F7BEF 
 460      531B9E
 461 0370 E9EEA2C7 		.ascii	"\351\356\242\307\376\277,\362\3612\223\230L\216\353"
 461      FEBF2CF2 
 461      F1329398 
 461      4C8EEB
 462 037f 7F01C0F7 		.ascii	"\177\001\300\367w\227"
 462      7797
 463              		.text
 464              		.section	.gnu.lto_.symtab.1f2b1697,"e",%progbits
 465 0000 6D665F67 		.ascii	"mf_getchar\000"
 465      65746368 
 465      617200
 466 000b 00       		.ascii	"\000"
 467 000c 00       		.ascii	"\000"
 468 000d 00       		.ascii	"\000"
 469 000e 00000000 		.ascii	"\000\000\000\000\000\000\000\000"
 469      00000000 
 470 0016 CA000000 		.ascii	"\312\000\000\000"
 471 001a 6D665F72 		.ascii	"mf_rewind\000"
 471      6577696E 
 471      6400
 472 0024 00       		.ascii	"\000"
 473 0025 00       		.ascii	"\000"
 474 0026 00       		.ascii	"\000"
 475 0027 00000000 		.ascii	"\000\000\000\000\000\000\000\000"
 475      00000000 
 476 002f CE000000 		.ascii	"\316\000\000\000"
 477              		.text
 478              		.section	.gnu.lto_.ext_symtab.1f2b1697,"e",%progbits
 479 0000 01       		.ascii	"\001"
 480 0001 01       		.ascii	"\001"
 481 0002 00       		.ascii	"\000"
 482 0003 01       		.ascii	"\001"
 483 0004 00       		.ascii	"\000"
 484              		.text
 485              		.section	.gnu.lto_.opts,"e",%progbits
 486 0000 272D666E 		.ascii	"'-fno-openmp' '-fno-openacc' '-fno-pie' '-fcf-prote"
 486      6F2D6F70 
 486      656E6D70 
 486      2720272D 
 486      666E6F2D 
 487 0033 6374696F 		.ascii	"ction=none' '-g' '-mcpu=cortex-m4' '-mthumb' '-mflo"
ARM GAS  C:\Users\angio\AppData\Local\Temp\ccWzFqYh.s 			page 18


 487      6E3D6E6F 
 487      6E652720 
 487      272D6727 
 487      20272D6D 
 488 0066 61742D61 		.ascii	"at-abi=soft' '-mlibarch=armv7e-m' '-march=armv7e-m'"
 488      62693D73 
 488      6F667427 
 488      20272D6D 
 488      6C696261 
 489 0099 20272D4F 		.ascii	" '-O0' '-fomit-frame-pointer' '-falign-functions=16"
 489      30272027 
 489      2D666F6D 
 489      69742D66 
 489      72616D65 
 490 00cc 2720272D 		.ascii	"' '-ffunction-sections' '-fdata-sections' '-fno-com"
 490      6666756E 
 490      6374696F 
 490      6E2D7365 
 490      6374696F 
 491 00ff 6D6F6E27 		.ascii	"mon' '-flto' '-Xassembler' '-alms=./build/lst/mf_en"
 491      20272D66 
 491      6C746F27 
 491      20272D58 
 491      61737365 
 492 0132 636F6469 		.ascii	"coding.lst'\000"
 492      6E672E6C 
 492      73742700 
 493              		.text
 494              		.comm	__gnu_lto_slim,1,1
 495              		.ident	"GCC: (GNU Arm Embedded Toolchain 10.3-2021.10) 10.3.1 20210824 (release)"
ARM GAS  C:\Users\angio\AppData\Local\Temp\ccWzFqYh.s 			page 19


DEFINED SYMBOLS
                            *ABS*:00000000 mf_encoding.c
C:\Users\angio\AppData\Local\Temp\ccWzFqYh.s:20     .gnu.debuglto_.debug_info:00000000 mf_encoding.c.c5d07d09
                            *COM*:00000001 __gnu_lto_slim

NO UNDEFINED SYMBOLS
