ARM GAS  C:\Users\angio\AppData\Local\Temp\cc4PeznB.s 			page 1


   1              		.cpu cortex-m4
   2              		.arch armv7e-m
   3              		.fpu softvfp
   4              		.eabi_attribute 20, 1
   5              		.eabi_attribute 21, 1
   6              		.eabi_attribute 23, 3
   7              		.eabi_attribute 24, 1
   8              		.eabi_attribute 25, 1
   9              		.eabi_attribute 26, 1
  10              		.eabi_attribute 30, 6
  11              		.eabi_attribute 34, 1
  12              		.eabi_attribute 18, 4
  13              		.file	"mf_wordwrap.c"
  14              		.file 1 "c:\\chibistudio\\tools\\gnu tools arm embedded\\10.3 2021.10\\arm-none-eabi\\include\\mac
  15              		.file 2 "c:\\chibistudio\\tools\\gnu tools arm embedded\\10.3 2021.10\\arm-none-eabi\\include\\std
  16              		.file 3 "c:\\chibistudio\\ugfx\\src/gfx_types.h"
  17              		.file 4 "../../ugfx/src/gdisp/mcufont/mf_font.h"
  18              		.file 5 "../../ugfx/src/gdisp/mcufont/mf_encoding.h"
  19              		.file 6 "../../ugfx/src/gdisp/mcufont/mf_wordwrap.h"
  20              		.file 7 "../../ugfx/src/gdisp/mcufont/mf_wordwrap.c"
  21              		.section	.gnu.debuglto_.debug_info,"e",%progbits
  22              	.Ldebug_info0:
  23              		.hidden	mf_wordwrap.c.ee3d4133
  24              		.weak	mf_wordwrap.c.ee3d4133
  25              	mf_wordwrap.c.ee3d4133:
  26 0000 5F030000 		.4byte	0x35f
  27 0004 0400     		.2byte	0x4
  28 0006 00000000 		.4byte	.Ldebug_abbrev0
  29 000a 04       		.byte	0x4
  30 000b 01       		.uleb128 0x1
  31 000c C3020000 		.4byte	.LASF50
  32 0010 0C       		.byte	0xc
  33 0011 6F010000 		.4byte	.LASF51
  34 0015 35000000 		.4byte	.LASF52
  35 0019 00000000 		.4byte	.Ldebug_line0
  36 001d 02       		.uleb128 0x2
  37 001e 04       		.byte	0x4
  38 001f 05       		.byte	0x5
  39 0020 696E7400 		.ascii	"int\000"
  40 0024 03       		.uleb128 0x3
  41 0025 04       		.byte	0x4
  42 0026 07       		.byte	0x7
  43 0027 6B000000 		.4byte	.LASF0
  44 002b 03       		.uleb128 0x3
  45 002c 08       		.byte	0x8
  46 002d 05       		.byte	0x5
  47 002e 00000000 		.4byte	.LASF1
  48 0032 03       		.uleb128 0x3
  49 0033 08       		.byte	0x8
  50 0034 04       		.byte	0x4
  51 0035 EE000000 		.4byte	.LASF2
  52 0039 03       		.uleb128 0x3
  53 003a 01       		.byte	0x1
  54 003b 06       		.byte	0x6
  55 003c 87020000 		.4byte	.LASF3
  56 0040 03       		.uleb128 0x3
  57 0041 01       		.byte	0x1
ARM GAS  C:\Users\angio\AppData\Local\Temp\cc4PeznB.s 			page 2


  58 0042 08       		.byte	0x8
  59 0043 D6000000 		.4byte	.LASF4
  60 0047 03       		.uleb128 0x3
  61 0048 02       		.byte	0x2
  62 0049 05       		.byte	0x5
  63 004a 30020000 		.4byte	.LASF5
  64 004e 03       		.uleb128 0x3
  65 004f 02       		.byte	0x2
  66 0050 07       		.byte	0x7
  67 0051 93020000 		.4byte	.LASF6
  68 0055 03       		.uleb128 0x3
  69 0056 04       		.byte	0x4
  70 0057 05       		.byte	0x5
  71 0058 64020000 		.4byte	.LASF7
  72 005c 03       		.uleb128 0x3
  73 005d 04       		.byte	0x4
  74 005e 07       		.byte	0x7
  75 005f AC000000 		.4byte	.LASF8
  76 0063 03       		.uleb128 0x3
  77 0064 08       		.byte	0x8
  78 0065 07       		.byte	0x7
  79 0066 AC020000 		.4byte	.LASF9
  80 006a 04       		.uleb128 0x4
  81 006b 34010000 		.4byte	.LASF10
  82 006f 01       		.byte	0x1
  83 0070 86       		.byte	0x86
  84 0071 1D       		.byte	0x1d
  85 0072 39000000 		.4byte	0x39
  86 0076 04       		.uleb128 0x4
  87 0077 54020000 		.4byte	.LASF11
  88 007b 01       		.byte	0x1
  89 007c 88       		.byte	0x88
  90 007d 1E       		.byte	0x1e
  91 007e 40000000 		.4byte	0x40
  92 0082 04       		.uleb128 0x4
  93 0083 19010000 		.4byte	.LASF12
  94 0087 01       		.byte	0x1
  95 0088 A0       		.byte	0xa0
  96 0089 1E       		.byte	0x1e
  97 008a 47000000 		.4byte	0x47
  98 008e 04       		.uleb128 0x4
  99 008f FA000000 		.4byte	.LASF13
 100 0093 01       		.byte	0x1
 101 0094 A2       		.byte	0xa2
 102 0095 1F       		.byte	0x1f
 103 0096 4E000000 		.4byte	0x4e
 104 009a 04       		.uleb128 0x4
 105 009b 23020000 		.4byte	.LASF14
 106 009f 02       		.byte	0x2
 107 00a0 15       		.byte	0x15
 108 00a1 18       		.byte	0x18
 109 00a2 6A000000 		.4byte	0x6a
 110 00a6 04       		.uleb128 0x4
 111 00a7 5B010000 		.4byte	.LASF15
 112 00ab 02       		.byte	0x2
 113 00ac 16       		.byte	0x16
 114 00ad 19       		.byte	0x19
ARM GAS  C:\Users\angio\AppData\Local\Temp\cc4PeznB.s 			page 3


 115 00ae 76000000 		.4byte	0x76
 116 00b2 04       		.uleb128 0x4
 117 00b3 C0010000 		.4byte	.LASF16
 118 00b7 02       		.byte	0x2
 119 00b8 1B       		.byte	0x1b
 120 00b9 19       		.byte	0x19
 121 00ba 82000000 		.4byte	0x82
 122 00be 04       		.uleb128 0x4
 123 00bf 3A020000 		.4byte	.LASF17
 124 00c3 02       		.byte	0x2
 125 00c4 1C       		.byte	0x1c
 126 00c5 1A       		.byte	0x1a
 127 00c6 8E000000 		.4byte	0x8e
 128 00ca 05       		.uleb128 0x5
 129 00cb 67493800 		.ascii	"gI8\000"
 130 00cf 03       		.byte	0x3
 131 00d0 17       		.byte	0x17
 132 00d1 19       		.byte	0x19
 133 00d2 9A000000 		.4byte	0x9a
 134 00d6 05       		.uleb128 0x5
 135 00d7 67553800 		.ascii	"gU8\000"
 136 00db 03       		.byte	0x3
 137 00dc 18       		.byte	0x18
 138 00dd 1A       		.byte	0x1a
 139 00de A6000000 		.4byte	0xa6
 140 00e2 04       		.uleb128 0x4
 141 00e3 88000000 		.4byte	.LASF18
 142 00e7 03       		.byte	0x3
 143 00e8 19       		.byte	0x19
 144 00e9 1A       		.byte	0x1a
 145 00ea B2000000 		.4byte	0xb2
 146 00ee 04       		.uleb128 0x4
 147 00ef 22000000 		.4byte	.LASF19
 148 00f3 03       		.byte	0x3
 149 00f4 1A       		.byte	0x1a
 150 00f5 1B       		.byte	0x1b
 151 00f6 BE000000 		.4byte	0xbe
 152 00fa 06       		.uleb128 0x6
 153 00fb 04       		.byte	0x4
 154 00fc 04       		.uleb128 0x4
 155 00fd 81020000 		.4byte	.LASF20
 156 0101 03       		.byte	0x3
 157 0102 9E       		.byte	0x9e
 158 0103 11       		.byte	0x11
 159 0104 CA000000 		.4byte	0xca
 160 0108 07       		.uleb128 0x7
 161 0109 04       		.byte	0x4
 162 010a 15010000 		.4byte	0x115
 163 010e 03       		.uleb128 0x3
 164 010f 01       		.byte	0x1
 165 0110 08       		.byte	0x8
 166 0111 03020000 		.4byte	.LASF21
 167 0115 08       		.uleb128 0x8
 168 0116 0E010000 		.4byte	0x10e
 169 011a 03       		.uleb128 0x3
 170 011b 01       		.byte	0x1
 171 011c 02       		.byte	0x2
ARM GAS  C:\Users\angio\AppData\Local\Temp\cc4PeznB.s 			page 4


 172 011d A6020000 		.4byte	.LASF22
 173 0121 07       		.uleb128 0x7
 174 0122 04       		.byte	0x4
 175 0123 DE010000 		.4byte	0x1de
 176 0127 09       		.uleb128 0x9
 177 0128 CC000000 		.4byte	.LASF53
 178 012c 1C       		.byte	0x1c
 179 012d 04       		.byte	0x4
 180 012e 1D       		.byte	0x1d
 181 012f 08       		.byte	0x8
 182 0130 DE010000 		.4byte	0x1de
 183 0134 0A       		.uleb128 0xa
 184 0135 95000000 		.4byte	.LASF23
 185 0139 04       		.byte	0x4
 186 013a 20       		.byte	0x20
 187 013b 11       		.byte	0x11
 188 013c 08010000 		.4byte	0x108
 189 0140 00       		.byte	0
 190 0141 0A       		.uleb128 0xa
 191 0142 49020000 		.4byte	.LASF24
 192 0146 04       		.byte	0x4
 193 0147 23       		.byte	0x23
 194 0148 11       		.byte	0x11
 195 0149 08010000 		.4byte	0x108
 196 014d 04       		.byte	0x4
 197 014e 0A       		.uleb128 0xa
 198 014f 1D020000 		.4byte	.LASF25
 199 0153 04       		.byte	0x4
 200 0154 26       		.byte	0x26
 201 0155 09       		.byte	0x9
 202 0156 D6000000 		.4byte	0xd6
 203 015a 08       		.byte	0x8
 204 015b 0A       		.uleb128 0xa
 205 015c BE000000 		.4byte	.LASF26
 206 0160 04       		.byte	0x4
 207 0161 27       		.byte	0x27
 208 0162 09       		.byte	0x9
 209 0163 D6000000 		.4byte	0xd6
 210 0167 09       		.byte	0x9
 211 0168 0A       		.uleb128 0xa
 212 0169 27000000 		.4byte	.LASF27
 213 016d 04       		.byte	0x4
 214 016e 2A       		.byte	0x2a
 215 016f 09       		.byte	0x9
 216 0170 D6000000 		.4byte	0xd6
 217 0174 0A       		.byte	0xa
 218 0175 0A       		.uleb128 0xa
 219 0176 0B010000 		.4byte	.LASF28
 220 017a 04       		.byte	0x4
 221 017b 2B       		.byte	0x2b
 222 017c 09       		.byte	0x9
 223 017d D6000000 		.4byte	0xd6
 224 0181 0B       		.byte	0xb
 225 0182 0A       		.uleb128 0xa
 226 0183 08020000 		.4byte	.LASF29
 227 0187 04       		.byte	0x4
 228 0188 2E       		.byte	0x2e
ARM GAS  C:\Users\angio\AppData\Local\Temp\cc4PeznB.s 			page 5


 229 0189 09       		.byte	0x9
 230 018a CA000000 		.4byte	0xca
 231 018e 0C       		.byte	0xc
 232 018f 0A       		.uleb128 0xa
 233 0190 29010000 		.4byte	.LASF30
 234 0194 04       		.byte	0x4
 235 0195 2F       		.byte	0x2f
 236 0196 09       		.byte	0x9
 237 0197 D6000000 		.4byte	0xd6
 238 019b 0D       		.byte	0xd
 239 019c 0A       		.uleb128 0xa
 240 019d A1010000 		.4byte	.LASF31
 241 01a1 04       		.byte	0x4
 242 01a2 32       		.byte	0x32
 243 01a3 09       		.byte	0x9
 244 01a4 D6000000 		.4byte	0xd6
 245 01a8 0E       		.byte	0xe
 246 01a9 0A       		.uleb128 0xa
 247 01aa 69010000 		.4byte	.LASF32
 248 01ae 04       		.byte	0x4
 249 01af 35       		.byte	0x35
 250 01b0 09       		.byte	0x9
 251 01b1 D6000000 		.4byte	0xd6
 252 01b5 0F       		.byte	0xf
 253 01b6 0A       		.uleb128 0xa
 254 01b7 48010000 		.4byte	.LASF33
 255 01bb 04       		.byte	0x4
 256 01bc 38       		.byte	0x38
 257 01bd 0A       		.byte	0xa
 258 01be EE000000 		.4byte	0xee
 259 01c2 10       		.byte	0x10
 260 01c3 0A       		.uleb128 0xa
 261 01c4 78000000 		.4byte	.LASF34
 262 01c8 04       		.byte	0x4
 263 01c9 3C       		.byte	0x3c
 264 01ca 0B       		.byte	0xb
 265 01cb 40020000 		.4byte	0x240
 266 01cf 14       		.byte	0x14
 267 01d0 0A       		.uleb128 0xa
 268 01d1 E2010000 		.4byte	.LASF35
 269 01d5 04       		.byte	0x4
 270 01d6 40       		.byte	0x40
 271 01d7 0B       		.byte	0xb
 272 01d8 6E020000 		.4byte	0x26e
 273 01dc 18       		.byte	0x18
 274 01dd 00       		.byte	0
 275 01de 08       		.uleb128 0x8
 276 01df 27010000 		.4byte	0x127
 277 01e3 04       		.uleb128 0x4
 278 01e4 9F000000 		.4byte	.LASF36
 279 01e8 05       		.byte	0x5
 280 01e9 16       		.byte	0x16
 281 01ea 0F       		.byte	0xf
 282 01eb 0E010000 		.4byte	0x10e
 283 01ef 04       		.uleb128 0x4
 284 01f0 9A010000 		.4byte	.LASF37
 285 01f4 05       		.byte	0x5
ARM GAS  C:\Users\angio\AppData\Local\Temp\cc4PeznB.s 			page 6


 286 01f5 1F       		.byte	0x1f
 287 01f6 16       		.byte	0x16
 288 01f7 08010000 		.4byte	0x108
 289 01fb 04       		.uleb128 0x4
 290 01fc CE010000 		.4byte	.LASF38
 291 0200 04       		.byte	0x4
 292 0201 19       		.byte	0x19
 293 0202 10       		.byte	0x10
 294 0203 07020000 		.4byte	0x207
 295 0207 07       		.uleb128 0x7
 296 0208 04       		.byte	0x4
 297 0209 0D020000 		.4byte	0x20d
 298 020d 0B       		.uleb128 0xb
 299 020e 2C020000 		.4byte	0x22c
 300 0212 0C       		.uleb128 0xc
 301 0213 E2000000 		.4byte	0xe2
 302 0217 0C       		.uleb128 0xc
 303 0218 E2000000 		.4byte	0xe2
 304 021c 0C       		.uleb128 0xc
 305 021d D6000000 		.4byte	0xd6
 306 0221 0C       		.uleb128 0xc
 307 0222 D6000000 		.4byte	0xd6
 308 0226 0C       		.uleb128 0xc
 309 0227 FA000000 		.4byte	0xfa
 310 022b 00       		.byte	0
 311 022c 0D       		.uleb128 0xd
 312 022d D6000000 		.4byte	0xd6
 313 0231 40020000 		.4byte	0x240
 314 0235 0C       		.uleb128 0xc
 315 0236 21010000 		.4byte	0x121
 316 023a 0C       		.uleb128 0xc
 317 023b EE000000 		.4byte	0xee
 318 023f 00       		.byte	0
 319 0240 07       		.uleb128 0x7
 320 0241 04       		.byte	0x4
 321 0242 2C020000 		.4byte	0x22c
 322 0246 0D       		.uleb128 0xd
 323 0247 D6000000 		.4byte	0xd6
 324 024b 6E020000 		.4byte	0x26e
 325 024f 0C       		.uleb128 0xc
 326 0250 21010000 		.4byte	0x121
 327 0254 0C       		.uleb128 0xc
 328 0255 E2000000 		.4byte	0xe2
 329 0259 0C       		.uleb128 0xc
 330 025a E2000000 		.4byte	0xe2
 331 025e 0C       		.uleb128 0xc
 332 025f EE000000 		.4byte	0xee
 333 0263 0C       		.uleb128 0xc
 334 0264 FB010000 		.4byte	0x1fb
 335 0268 0C       		.uleb128 0xc
 336 0269 FA000000 		.4byte	0xfa
 337 026d 00       		.byte	0
 338 026e 07       		.uleb128 0x7
 339 026f 04       		.byte	0x4
 340 0270 46020000 		.4byte	0x246
 341 0274 04       		.uleb128 0x4
 342 0275 AD010000 		.4byte	.LASF39
ARM GAS  C:\Users\angio\AppData\Local\Temp\cc4PeznB.s 			page 7


 343 0279 06       		.byte	0x6
 344 027a 1A       		.byte	0x1a
 345 027b 10       		.byte	0x10
 346 027c 80020000 		.4byte	0x280
 347 0280 07       		.uleb128 0x7
 348 0281 04       		.byte	0x4
 349 0282 86020000 		.4byte	0x286
 350 0286 0D       		.uleb128 0xd
 351 0287 FC000000 		.4byte	0xfc
 352 028b 9F020000 		.4byte	0x29f
 353 028f 0C       		.uleb128 0xc
 354 0290 EF010000 		.4byte	0x1ef
 355 0294 0C       		.uleb128 0xc
 356 0295 EE000000 		.4byte	0xee
 357 0299 0C       		.uleb128 0xc
 358 029a FA000000 		.4byte	0xfa
 359 029e 00       		.byte	0
 360 029f 0E       		.uleb128 0xe
 361 02a0 75020000 		.4byte	.LASF54
 362 02a4 07       		.byte	0x7
 363 02a5 EF       		.byte	0xef
 364 02a6 06       		.byte	0x6
 365 02a7 4B030000 		.4byte	0x34b
 366 02ab 0F       		.uleb128 0xf
 367 02ac 43010000 		.4byte	.LASF40
 368 02b0 07       		.byte	0x7
 369 02b1 EF       		.byte	0xef
 370 02b2 2A       		.byte	0x2a
 371 02b3 21010000 		.4byte	0x121
 372 02b7 0F       		.uleb128 0xf
 373 02b8 1D020000 		.4byte	.LASF25
 374 02bc 07       		.byte	0x7
 375 02bd EF       		.byte	0xef
 376 02be 35       		.byte	0x35
 377 02bf E2000000 		.4byte	0xe2
 378 02c3 0F       		.uleb128 0xf
 379 02c4 A7000000 		.4byte	.LASF41
 380 02c8 07       		.byte	0x7
 381 02c9 F0       		.byte	0xf0
 382 02ca 19       		.byte	0x19
 383 02cb EF010000 		.4byte	0x1ef
 384 02cf 0F       		.uleb128 0xf
 385 02d0 FA010000 		.4byte	.LASF42
 386 02d4 07       		.byte	0x7
 387 02d5 F0       		.byte	0xf0
 388 02d6 32       		.byte	0x32
 389 02d7 74020000 		.4byte	0x274
 390 02db 0F       		.uleb128 0xf
 391 02dc 1C000000 		.4byte	.LASF43
 392 02e0 07       		.byte	0x7
 393 02e1 F0       		.byte	0xf0
 394 02e2 42       		.byte	0x42
 395 02e3 FA000000 		.4byte	0xfa
 396 02e7 10       		.uleb128 0x10
 397 02e8 E4000000 		.4byte	.LASF44
 398 02ec 07       		.byte	0x7
 399 02ed F2       		.byte	0xf2
ARM GAS  C:\Users\angio\AppData\Local\Temp\cc4PeznB.s 			page 8


 400 02ee 0C       		.byte	0xc
 401 02ef EF010000 		.4byte	0x1ef
 402 02f3 10       		.uleb128 0x10
 403 02f4 C5000000 		.4byte	.LASF45
 404 02f8 07       		.byte	0x7
 405 02f9 F5       		.byte	0xf5
 406 02fa 0A       		.byte	0xa
 407 02fb E2000000 		.4byte	0xe2
 408 02ff 10       		.uleb128 0x10
 409 0300 F3010000 		.4byte	.LASF46
 410 0304 07       		.byte	0x7
 411 0305 F5       		.byte	0xf5
 412 0306 16       		.byte	0x16
 413 0307 E2000000 		.4byte	0xe2
 414 030b 10       		.uleb128 0x10
 415 030c 6D020000 		.4byte	.LASF47
 416 0310 07       		.byte	0x7
 417 0311 F8       		.byte	0xf8
 418 0312 0A       		.byte	0xa
 419 0313 E2000000 		.4byte	0xe2
 420 0317 10       		.uleb128 0x10
 421 0318 8D000000 		.4byte	.LASF48
 422 031c 07       		.byte	0x7
 423 031d F9       		.byte	0xf9
 424 031e 0C       		.byte	0xc
 425 031f EF010000 		.4byte	0x1ef
 426 0323 11       		.uleb128 0x11
 427 0324 12       		.uleb128 0x12
 428 0325 6300     		.ascii	"c\000"
 429 0327 07       		.byte	0x7
 430 0328 0401     		.2byte	0x104
 431 032a 15       		.byte	0x15
 432 032b E3010000 		.4byte	0x1e3
 433 032f 13       		.uleb128 0x13
 434 0330 13020000 		.4byte	.LASF49
 435 0334 07       		.byte	0x7
 436 0335 0501     		.2byte	0x105
 437 0337 12       		.byte	0x12
 438 0338 E2000000 		.4byte	0xe2
 439 033c 12       		.uleb128 0x12
 440 033d 746D7000 		.ascii	"tmp\000"
 441 0341 07       		.byte	0x7
 442 0342 0601     		.2byte	0x106
 443 0344 14       		.byte	0x14
 444 0345 EF010000 		.4byte	0x1ef
 445 0349 00       		.byte	0
 446 034a 00       		.byte	0
 447 034b 14       		.uleb128 0x14
 448 034c 0E000000 		.4byte	.LASF55
 449 0350 07       		.byte	0x7
 450 0351 0D       		.byte	0xd
 451 0352 0D       		.byte	0xd
 452 0353 FC000000 		.4byte	0xfc
 453 0357 15       		.uleb128 0x15
 454 0358 6300     		.ascii	"c\000"
 455 035a 07       		.byte	0x7
 456 035b 0D       		.byte	0xd
ARM GAS  C:\Users\angio\AppData\Local\Temp\cc4PeznB.s 			page 9


 457 035c 20       		.byte	0x20
 458 035d EE000000 		.4byte	0xee
 459 0361 00       		.byte	0
 460 0362 00       		.byte	0
 461              		.section	.gnu.debuglto_.debug_abbrev,"e",%progbits
 462              	.Ldebug_abbrev0:
 463 0000 01       		.uleb128 0x1
 464 0001 11       		.uleb128 0x11
 465 0002 01       		.byte	0x1
 466 0003 25       		.uleb128 0x25
 467 0004 0E       		.uleb128 0xe
 468 0005 13       		.uleb128 0x13
 469 0006 0B       		.uleb128 0xb
 470 0007 03       		.uleb128 0x3
 471 0008 0E       		.uleb128 0xe
 472 0009 1B       		.uleb128 0x1b
 473 000a 0E       		.uleb128 0xe
 474 000b 10       		.uleb128 0x10
 475 000c 17       		.uleb128 0x17
 476 000d 00       		.byte	0
 477 000e 00       		.byte	0
 478 000f 02       		.uleb128 0x2
 479 0010 24       		.uleb128 0x24
 480 0011 00       		.byte	0
 481 0012 0B       		.uleb128 0xb
 482 0013 0B       		.uleb128 0xb
 483 0014 3E       		.uleb128 0x3e
 484 0015 0B       		.uleb128 0xb
 485 0016 03       		.uleb128 0x3
 486 0017 08       		.uleb128 0x8
 487 0018 00       		.byte	0
 488 0019 00       		.byte	0
 489 001a 03       		.uleb128 0x3
 490 001b 24       		.uleb128 0x24
 491 001c 00       		.byte	0
 492 001d 0B       		.uleb128 0xb
 493 001e 0B       		.uleb128 0xb
 494 001f 3E       		.uleb128 0x3e
 495 0020 0B       		.uleb128 0xb
 496 0021 03       		.uleb128 0x3
 497 0022 0E       		.uleb128 0xe
 498 0023 00       		.byte	0
 499 0024 00       		.byte	0
 500 0025 04       		.uleb128 0x4
 501 0026 16       		.uleb128 0x16
 502 0027 00       		.byte	0
 503 0028 03       		.uleb128 0x3
 504 0029 0E       		.uleb128 0xe
 505 002a 3A       		.uleb128 0x3a
 506 002b 0B       		.uleb128 0xb
 507 002c 3B       		.uleb128 0x3b
 508 002d 0B       		.uleb128 0xb
 509 002e 39       		.uleb128 0x39
 510 002f 0B       		.uleb128 0xb
 511 0030 49       		.uleb128 0x49
 512 0031 13       		.uleb128 0x13
 513 0032 00       		.byte	0
ARM GAS  C:\Users\angio\AppData\Local\Temp\cc4PeznB.s 			page 10


 514 0033 00       		.byte	0
 515 0034 05       		.uleb128 0x5
 516 0035 16       		.uleb128 0x16
 517 0036 00       		.byte	0
 518 0037 03       		.uleb128 0x3
 519 0038 08       		.uleb128 0x8
 520 0039 3A       		.uleb128 0x3a
 521 003a 0B       		.uleb128 0xb
 522 003b 3B       		.uleb128 0x3b
 523 003c 0B       		.uleb128 0xb
 524 003d 39       		.uleb128 0x39
 525 003e 0B       		.uleb128 0xb
 526 003f 49       		.uleb128 0x49
 527 0040 13       		.uleb128 0x13
 528 0041 00       		.byte	0
 529 0042 00       		.byte	0
 530 0043 06       		.uleb128 0x6
 531 0044 0F       		.uleb128 0xf
 532 0045 00       		.byte	0
 533 0046 0B       		.uleb128 0xb
 534 0047 0B       		.uleb128 0xb
 535 0048 00       		.byte	0
 536 0049 00       		.byte	0
 537 004a 07       		.uleb128 0x7
 538 004b 0F       		.uleb128 0xf
 539 004c 00       		.byte	0
 540 004d 0B       		.uleb128 0xb
 541 004e 0B       		.uleb128 0xb
 542 004f 49       		.uleb128 0x49
 543 0050 13       		.uleb128 0x13
 544 0051 00       		.byte	0
 545 0052 00       		.byte	0
 546 0053 08       		.uleb128 0x8
 547 0054 26       		.uleb128 0x26
 548 0055 00       		.byte	0
 549 0056 49       		.uleb128 0x49
 550 0057 13       		.uleb128 0x13
 551 0058 00       		.byte	0
 552 0059 00       		.byte	0
 553 005a 09       		.uleb128 0x9
 554 005b 13       		.uleb128 0x13
 555 005c 01       		.byte	0x1
 556 005d 03       		.uleb128 0x3
 557 005e 0E       		.uleb128 0xe
 558 005f 0B       		.uleb128 0xb
 559 0060 0B       		.uleb128 0xb
 560 0061 3A       		.uleb128 0x3a
 561 0062 0B       		.uleb128 0xb
 562 0063 3B       		.uleb128 0x3b
 563 0064 0B       		.uleb128 0xb
 564 0065 39       		.uleb128 0x39
 565 0066 0B       		.uleb128 0xb
 566 0067 01       		.uleb128 0x1
 567 0068 13       		.uleb128 0x13
 568 0069 00       		.byte	0
 569 006a 00       		.byte	0
 570 006b 0A       		.uleb128 0xa
ARM GAS  C:\Users\angio\AppData\Local\Temp\cc4PeznB.s 			page 11


 571 006c 0D       		.uleb128 0xd
 572 006d 00       		.byte	0
 573 006e 03       		.uleb128 0x3
 574 006f 0E       		.uleb128 0xe
 575 0070 3A       		.uleb128 0x3a
 576 0071 0B       		.uleb128 0xb
 577 0072 3B       		.uleb128 0x3b
 578 0073 0B       		.uleb128 0xb
 579 0074 39       		.uleb128 0x39
 580 0075 0B       		.uleb128 0xb
 581 0076 49       		.uleb128 0x49
 582 0077 13       		.uleb128 0x13
 583 0078 38       		.uleb128 0x38
 584 0079 0B       		.uleb128 0xb
 585 007a 00       		.byte	0
 586 007b 00       		.byte	0
 587 007c 0B       		.uleb128 0xb
 588 007d 15       		.uleb128 0x15
 589 007e 01       		.byte	0x1
 590 007f 27       		.uleb128 0x27
 591 0080 19       		.uleb128 0x19
 592 0081 01       		.uleb128 0x1
 593 0082 13       		.uleb128 0x13
 594 0083 00       		.byte	0
 595 0084 00       		.byte	0
 596 0085 0C       		.uleb128 0xc
 597 0086 05       		.uleb128 0x5
 598 0087 00       		.byte	0
 599 0088 49       		.uleb128 0x49
 600 0089 13       		.uleb128 0x13
 601 008a 00       		.byte	0
 602 008b 00       		.byte	0
 603 008c 0D       		.uleb128 0xd
 604 008d 15       		.uleb128 0x15
 605 008e 01       		.byte	0x1
 606 008f 27       		.uleb128 0x27
 607 0090 19       		.uleb128 0x19
 608 0091 49       		.uleb128 0x49
 609 0092 13       		.uleb128 0x13
 610 0093 01       		.uleb128 0x1
 611 0094 13       		.uleb128 0x13
 612 0095 00       		.byte	0
 613 0096 00       		.byte	0
 614 0097 0E       		.uleb128 0xe
 615 0098 2E       		.uleb128 0x2e
 616 0099 01       		.byte	0x1
 617 009a 3F       		.uleb128 0x3f
 618 009b 19       		.uleb128 0x19
 619 009c 03       		.uleb128 0x3
 620 009d 0E       		.uleb128 0xe
 621 009e 3A       		.uleb128 0x3a
 622 009f 0B       		.uleb128 0xb
 623 00a0 3B       		.uleb128 0x3b
 624 00a1 0B       		.uleb128 0xb
 625 00a2 39       		.uleb128 0x39
 626 00a3 0B       		.uleb128 0xb
 627 00a4 27       		.uleb128 0x27
ARM GAS  C:\Users\angio\AppData\Local\Temp\cc4PeznB.s 			page 12


 628 00a5 19       		.uleb128 0x19
 629 00a6 01       		.uleb128 0x1
 630 00a7 13       		.uleb128 0x13
 631 00a8 00       		.byte	0
 632 00a9 00       		.byte	0
 633 00aa 0F       		.uleb128 0xf
 634 00ab 05       		.uleb128 0x5
 635 00ac 00       		.byte	0
 636 00ad 03       		.uleb128 0x3
 637 00ae 0E       		.uleb128 0xe
 638 00af 3A       		.uleb128 0x3a
 639 00b0 0B       		.uleb128 0xb
 640 00b1 3B       		.uleb128 0x3b
 641 00b2 0B       		.uleb128 0xb
 642 00b3 39       		.uleb128 0x39
 643 00b4 0B       		.uleb128 0xb
 644 00b5 49       		.uleb128 0x49
 645 00b6 13       		.uleb128 0x13
 646 00b7 00       		.byte	0
 647 00b8 00       		.byte	0
 648 00b9 10       		.uleb128 0x10
 649 00ba 34       		.uleb128 0x34
 650 00bb 00       		.byte	0
 651 00bc 03       		.uleb128 0x3
 652 00bd 0E       		.uleb128 0xe
 653 00be 3A       		.uleb128 0x3a
 654 00bf 0B       		.uleb128 0xb
 655 00c0 3B       		.uleb128 0x3b
 656 00c1 0B       		.uleb128 0xb
 657 00c2 39       		.uleb128 0x39
 658 00c3 0B       		.uleb128 0xb
 659 00c4 49       		.uleb128 0x49
 660 00c5 13       		.uleb128 0x13
 661 00c6 00       		.byte	0
 662 00c7 00       		.byte	0
 663 00c8 11       		.uleb128 0x11
 664 00c9 0B       		.uleb128 0xb
 665 00ca 01       		.byte	0x1
 666 00cb 00       		.byte	0
 667 00cc 00       		.byte	0
 668 00cd 12       		.uleb128 0x12
 669 00ce 34       		.uleb128 0x34
 670 00cf 00       		.byte	0
 671 00d0 03       		.uleb128 0x3
 672 00d1 08       		.uleb128 0x8
 673 00d2 3A       		.uleb128 0x3a
 674 00d3 0B       		.uleb128 0xb
 675 00d4 3B       		.uleb128 0x3b
 676 00d5 05       		.uleb128 0x5
 677 00d6 39       		.uleb128 0x39
 678 00d7 0B       		.uleb128 0xb
 679 00d8 49       		.uleb128 0x49
 680 00d9 13       		.uleb128 0x13
 681 00da 00       		.byte	0
 682 00db 00       		.byte	0
 683 00dc 13       		.uleb128 0x13
 684 00dd 34       		.uleb128 0x34
ARM GAS  C:\Users\angio\AppData\Local\Temp\cc4PeznB.s 			page 13


 685 00de 00       		.byte	0
 686 00df 03       		.uleb128 0x3
 687 00e0 0E       		.uleb128 0xe
 688 00e1 3A       		.uleb128 0x3a
 689 00e2 0B       		.uleb128 0xb
 690 00e3 3B       		.uleb128 0x3b
 691 00e4 05       		.uleb128 0x5
 692 00e5 39       		.uleb128 0x39
 693 00e6 0B       		.uleb128 0xb
 694 00e7 49       		.uleb128 0x49
 695 00e8 13       		.uleb128 0x13
 696 00e9 00       		.byte	0
 697 00ea 00       		.byte	0
 698 00eb 14       		.uleb128 0x14
 699 00ec 2E       		.uleb128 0x2e
 700 00ed 01       		.byte	0x1
 701 00ee 03       		.uleb128 0x3
 702 00ef 0E       		.uleb128 0xe
 703 00f0 3A       		.uleb128 0x3a
 704 00f1 0B       		.uleb128 0xb
 705 00f2 3B       		.uleb128 0x3b
 706 00f3 0B       		.uleb128 0xb
 707 00f4 39       		.uleb128 0x39
 708 00f5 0B       		.uleb128 0xb
 709 00f6 27       		.uleb128 0x27
 710 00f7 19       		.uleb128 0x19
 711 00f8 49       		.uleb128 0x49
 712 00f9 13       		.uleb128 0x13
 713 00fa 00       		.byte	0
 714 00fb 00       		.byte	0
 715 00fc 15       		.uleb128 0x15
 716 00fd 05       		.uleb128 0x5
 717 00fe 00       		.byte	0
 718 00ff 03       		.uleb128 0x3
 719 0100 08       		.uleb128 0x8
 720 0101 3A       		.uleb128 0x3a
 721 0102 0B       		.uleb128 0xb
 722 0103 3B       		.uleb128 0x3b
 723 0104 0B       		.uleb128 0xb
 724 0105 39       		.uleb128 0x39
 725 0106 0B       		.uleb128 0xb
 726 0107 49       		.uleb128 0x49
 727 0108 13       		.uleb128 0x13
 728 0109 00       		.byte	0
 729 010a 00       		.byte	0
 730 010b 00       		.byte	0
 731              		.section	.gnu.debuglto_.debug_line,"e",%progbits
 732              	.Ldebug_line0:
 733 0000 64010000 		.4byte	.LELT0-.LSLT0
 734              	.LSLT0:
 735 0004 0400     		.2byte	0x4
 736 0006 5E010000 		.4byte	.LELTP0-.LASLTP0
 737              	.LASLTP0:
 738 000a 01       		.byte	0x1
 739 000b 01       		.byte	0x1
 740 000c 01       		.byte	0x1
 741 000d F6       		.byte	0xf6
ARM GAS  C:\Users\angio\AppData\Local\Temp\cc4PeznB.s 			page 14


 742 000e F2       		.byte	0xf2
 743 000f 0D       		.byte	0xd
 744 0010 00       		.byte	0
 745 0011 01       		.byte	0x1
 746 0012 01       		.byte	0x1
 747 0013 01       		.byte	0x1
 748 0014 01       		.byte	0x1
 749 0015 00       		.byte	0
 750 0016 00       		.byte	0
 751 0017 00       		.byte	0
 752 0018 01       		.byte	0x1
 753 0019 00       		.byte	0
 754 001a 00       		.byte	0
 755 001b 01       		.byte	0x1
 756 001c 2E2E2F2E 		.ascii	"../../ugfx/src/gdisp/mcufont"
 756      2E2F7567 
 756      66782F73 
 756      72632F67 
 756      64697370 
 757 0038 00       		.byte	0
 758 0039 633A5C63 		.ascii	"c:\\chibistudio\\tools\\gnu tools arm embedded\\10."
 758      68696269 
 758      73747564 
 758      696F5C74 
 758      6F6F6C73 
 759 0068 33203230 		.ascii	"3 2021.10\\arm-none-eabi\\include\\machine"
 759      32312E31 
 759      305C6172 
 759      6D2D6E6F 
 759      6E652D65 
 760 008f 00       		.byte	0
 761 0090 633A5C63 		.ascii	"c:\\chibistudio\\tools\\gnu tools arm embedded\\10."
 761      68696269 
 761      73747564 
 761      696F5C74 
 761      6F6F6C73 
 762 00bf 33203230 		.ascii	"3 2021.10\\arm-none-eabi\\include"
 762      32312E31 
 762      305C6172 
 762      6D2D6E6F 
 762      6E652D65 
 763 00de 00       		.byte	0
 764 00df 633A5C63 		.ascii	"c:\\chibistudio\\ugfx\\src"
 764      68696269 
 764      73747564 
 764      696F5C75 
 764      6766785C 
 765 00f6 00       		.byte	0
 766 00f7 00       		.byte	0
 767 00f8 5F646566 		.ascii	"_default_types.h\000"
 767      61756C74 
 767      5F747970 
 767      65732E68 
 767      00
 768 0109 02       		.uleb128 0x2
 769 010a 00       		.uleb128 0
 770 010b 00       		.uleb128 0
ARM GAS  C:\Users\angio\AppData\Local\Temp\cc4PeznB.s 			page 15


 771 010c 73746469 		.ascii	"stdint.h\000"
 771      6E742E68 
 771      00
 772 0115 03       		.uleb128 0x3
 773 0116 00       		.uleb128 0
 774 0117 00       		.uleb128 0
 775 0118 6766785F 		.ascii	"gfx_types.h\000"
 775      74797065 
 775      732E6800 
 776 0124 04       		.uleb128 0x4
 777 0125 00       		.uleb128 0
 778 0126 00       		.uleb128 0
 779 0127 6D665F66 		.ascii	"mf_font.h\000"
 779      6F6E742E 
 779      6800
 780 0131 01       		.uleb128 0x1
 781 0132 00       		.uleb128 0
 782 0133 00       		.uleb128 0
 783 0134 6D665F65 		.ascii	"mf_encoding.h\000"
 783      6E636F64 
 783      696E672E 
 783      6800
 784 0142 01       		.uleb128 0x1
 785 0143 00       		.uleb128 0
 786 0144 00       		.uleb128 0
 787 0145 6D665F77 		.ascii	"mf_wordwrap.h\000"
 787      6F726477 
 787      7261702E 
 787      6800
 788 0153 01       		.uleb128 0x1
 789 0154 00       		.uleb128 0
 790 0155 00       		.uleb128 0
 791 0156 6D665F77 		.ascii	"mf_wordwrap.c\000"
 791      6F726477 
 791      7261702E 
 791      6300
 792 0164 01       		.uleb128 0x1
 793 0165 00       		.uleb128 0
 794 0166 00       		.uleb128 0
 795 0167 00       		.byte	0
 796              	.LELTP0:
 797              	.LELT0:
 798              		.section	.gnu.debuglto_.debug_str,"eMS",%progbits,1
 799              	.LASF1:
 800 0000 6C6F6E67 		.ascii	"long long int\000"
 800      206C6F6E 
 800      6720696E 
 800      7400
 801              	.LASF55:
 802 000e 69735F77 		.ascii	"is_wrap_space\000"
 802      7261705F 
 802      73706163 
 802      6500
 803              	.LASF43:
 804 001c 73746174 		.ascii	"state\000"
 804      6500
 805              	.LASF19:
ARM GAS  C:\Users\angio\AppData\Local\Temp\cc4PeznB.s 			page 16


 806 0022 67553136 		.ascii	"gU16\000"
 806      00
 807              	.LASF27:
 808 0027 6D696E5F 		.ascii	"min_x_advance\000"
 808      785F6164 
 808      76616E63 
 808      6500
 809              	.LASF52:
 810 0035 433A5C43 		.ascii	"C:\\ChibiStudio\\workspace_user\\RT-STM32G474RE-NUC"
 810      68696269 
 810      53747564 
 810      696F5C77 
 810      6F726B73 
 811 0065 4C454F36 		.ascii	"LEO64\000"
 811      3400
 812              	.LASF0:
 813 006b 756E7369 		.ascii	"unsigned int\000"
 813      676E6564 
 813      20696E74 
 813      00
 814              	.LASF34:
 815 0078 63686172 		.ascii	"character_width\000"
 815      61637465 
 815      725F7769 
 815      64746800 
 816              	.LASF18:
 817 0088 67493136 		.ascii	"gI16\000"
 817      00
 818              	.LASF48:
 819 008d 6C735F70 		.ascii	"ls_prev\000"
 819      72657600 
 820              	.LASF23:
 821 0095 66756C6C 		.ascii	"full_name\000"
 821      5F6E616D 
 821      6500
 822              	.LASF36:
 823 009f 6D665F63 		.ascii	"mf_char\000"
 823      68617200 
 824              	.LASF41:
 825 00a7 74657874 		.ascii	"text\000"
 825      00
 826              	.LASF8:
 827 00ac 6C6F6E67 		.ascii	"long unsigned int\000"
 827      20756E73 
 827      69676E65 
 827      6420696E 
 827      7400
 828              	.LASF26:
 829 00be 68656967 		.ascii	"height\000"
 829      687400
 830              	.LASF45:
 831 00c5 6C775F63 		.ascii	"lw_cur\000"
 831      757200
 832              	.LASF53:
 833 00cc 6D665F66 		.ascii	"mf_font_s\000"
 833      6F6E745F 
 833      7300
ARM GAS  C:\Users\angio\AppData\Local\Temp\cc4PeznB.s 			page 17


 834              	.LASF4:
 835 00d6 756E7369 		.ascii	"unsigned char\000"
 835      676E6564 
 835      20636861 
 835      7200
 836              	.LASF44:
 837 00e4 6C696E65 		.ascii	"linestart\000"
 837      73746172 
 837      7400
 838              	.LASF2:
 839 00ee 6C6F6E67 		.ascii	"long double\000"
 839      20646F75 
 839      626C6500 
 840              	.LASF13:
 841 00fa 5F5F7569 		.ascii	"__uint_least16_t\000"
 841      6E745F6C 
 841      65617374 
 841      31365F74 
 841      00
 842              	.LASF28:
 843 010b 6D61785F 		.ascii	"max_x_advance\000"
 843      785F6164 
 843      76616E63 
 843      6500
 844              	.LASF12:
 845 0119 5F5F696E 		.ascii	"__int_least16_t\000"
 845      745F6C65 
 845      61737431 
 845      365F7400 
 846              	.LASF30:
 847 0129 62617365 		.ascii	"baseline_y\000"
 847      6C696E65 
 847      5F7900
 848              	.LASF10:
 849 0134 5F5F696E 		.ascii	"__int_least8_t\000"
 849      745F6C65 
 849      61737438 
 849      5F7400
 850              	.LASF40:
 851 0143 666F6E74 		.ascii	"font\000"
 851      00
 852              	.LASF33:
 853 0148 66616C6C 		.ascii	"fallback_character\000"
 853      6261636B 
 853      5F636861 
 853      72616374 
 853      657200
 854              	.LASF15:
 855 015b 75696E74 		.ascii	"uint_least8_t\000"
 855      5F6C6561 
 855      7374385F 
 855      7400
 856              	.LASF32:
 857 0169 666C6167 		.ascii	"flags\000"
 857      7300
 858              	.LASF51:
 859 016f 2E2E2F2E 		.ascii	"../../ugfx/src/gdisp/mcufont/mf_wordwrap.c\000"
ARM GAS  C:\Users\angio\AppData\Local\Temp\cc4PeznB.s 			page 18


 859      2E2F7567 
 859      66782F73 
 859      72632F67 
 859      64697370 
 860              	.LASF37:
 861 019a 6D665F73 		.ascii	"mf_str\000"
 861      747200
 862              	.LASF31:
 863 01a1 6C696E65 		.ascii	"line_height\000"
 863      5F686569 
 863      67687400 
 864              	.LASF39:
 865 01ad 6D665F6C 		.ascii	"mf_line_callback_t\000"
 865      696E655F 
 865      63616C6C 
 865      6261636B 
 865      5F7400
 866              	.LASF16:
 867 01c0 696E745F 		.ascii	"int_least16_t\000"
 867      6C656173 
 867      7431365F 
 867      7400
 868              	.LASF38:
 869 01ce 6D665F70 		.ascii	"mf_pixel_callback_t\000"
 869      6978656C 
 869      5F63616C 
 869      6C626163 
 869      6B5F7400 
 870              	.LASF35:
 871 01e2 72656E64 		.ascii	"render_character\000"
 871      65725F63 
 871      68617261 
 871      63746572 
 871      00
 872              	.LASF46:
 873 01f3 63635F63 		.ascii	"cc_cur\000"
 873      757200
 874              	.LASF42:
 875 01fa 63616C6C 		.ascii	"callback\000"
 875      6261636B 
 875      00
 876              	.LASF21:
 877 0203 63686172 		.ascii	"char\000"
 877      00
 878              	.LASF29:
 879 0208 62617365 		.ascii	"baseline_x\000"
 879      6C696E65 
 879      5F7800
 880              	.LASF49:
 881 0213 6E65775F 		.ascii	"new_width\000"
 881      77696474 
 881      6800
 882              	.LASF25:
 883 021d 77696474 		.ascii	"width\000"
 883      6800
 884              	.LASF14:
 885 0223 696E745F 		.ascii	"int_least8_t\000"
ARM GAS  C:\Users\angio\AppData\Local\Temp\cc4PeznB.s 			page 19


 885      6C656173 
 885      74385F74 
 885      00
 886              	.LASF5:
 887 0230 73686F72 		.ascii	"short int\000"
 887      7420696E 
 887      7400
 888              	.LASF17:
 889 023a 75696E74 		.ascii	"uint_least16_t\000"
 889      5F6C6561 
 889      73743136 
 889      5F7400
 890              	.LASF24:
 891 0249 73686F72 		.ascii	"short_name\000"
 891      745F6E61 
 891      6D6500
 892              	.LASF11:
 893 0254 5F5F7569 		.ascii	"__uint_least8_t\000"
 893      6E745F6C 
 893      65617374 
 893      385F7400 
 894              	.LASF7:
 895 0264 6C6F6E67 		.ascii	"long int\000"
 895      20696E74 
 895      00
 896              	.LASF47:
 897 026d 63635F70 		.ascii	"cc_prev\000"
 897      72657600 
 898              	.LASF54:
 899 0275 6D665F77 		.ascii	"mf_wordwrap\000"
 899      6F726477 
 899      72617000 
 900              	.LASF20:
 901 0281 67426F6F 		.ascii	"gBool\000"
 901      6C00
 902              	.LASF3:
 903 0287 7369676E 		.ascii	"signed char\000"
 903      65642063 
 903      68617200 
 904              	.LASF6:
 905 0293 73686F72 		.ascii	"short unsigned int\000"
 905      7420756E 
 905      7369676E 
 905      65642069 
 905      6E7400
 906              	.LASF22:
 907 02a6 5F426F6F 		.ascii	"_Bool\000"
 907      6C00
 908              	.LASF9:
 909 02ac 6C6F6E67 		.ascii	"long long unsigned int\000"
 909      206C6F6E 
 909      6720756E 
 909      7369676E 
 909      65642069 
 910              	.LASF50:
 911 02c3 474E5520 		.ascii	"GNU C17 10.3.1 20210824 (release) -mcpu=cortex-m4 -"
 911      43313720 
ARM GAS  C:\Users\angio\AppData\Local\Temp\cc4PeznB.s 			page 20


 911      31302E33 
 911      2E312032 
 911      30323130 
 912 02f6 6D746875 		.ascii	"mthumb -mfloat-abi=soft -march=armv7e-m -ggdb -O0 -"
 912      6D62202D 
 912      6D666C6F 
 912      61742D61 
 912      62693D73 
 913 0329 666F6D69 		.ascii	"fomit-frame-pointer -falign-functions=16 -ffunction"
 913      742D6672 
 913      616D652D 
 913      706F696E 
 913      74657220 
 914 035c 2D736563 		.ascii	"-sections -fdata-sections -fno-common -flto\000"
 914      74696F6E 
 914      73202D66 
 914      64617461 
 914      2D736563 
 915              		.text
 916              		.section	.gnu.lto_.inline.1f2b1369,"e",%progbits
 917 0000 789CCB66 		.ascii	"x\234\313f@\000&\006\006\336\006 `N\003\262\305`,\026"
 917      40002606 
 917      06DE0620 
 917      604E03B2 
 917      C5602C16 
 918 0014 864620AB 		.ascii	"\206F \253\216\011$\315\300\310`\010\344\334a\312\004"
 918      8E0924CD 
 918      C0C86008 
 918      E4DC61CA 
 918      04
 919 0025 AAB001B2 		.ascii	"\252\260\001\262>0\247\243\251`\346\001\222\214\023"
 919      3E30A7A3 
 919      A960E601 
 919      928C13
 920 0034 FC587881 		.ascii	"\374Xx\2014\323\004\277\011~\020\021\006vaF\240,H`\202"
 920      34D304BF 
 920      097E1011 
 920      06766146 
 920      A02C4860 
 921 0049 1F030021 		.ascii	"\037\003\000!U\026\017"
 921      55160F
 922              		.text
 923              		.section	.gnu.lto_.jmpfuncs.1f2b1369,"e",%progbits
 924 0000 789C6362 		.ascii	"x\234cb@\006\000\000*\000\003"
 924      40060000 
 924      2A0003
 925              		.text
 926              		.section	.gnu.lto_.lto.1f2b1369,"e",%progbits
 927 0000 09000400 		.ascii	"\011\000\004\000\001\000\000\000"
 927      01000000 
 928              		.text
 929              		.section	.gnu.lto_is_wrap_space.402.1f2b1369,"e",%progbits
 930 0000 789C5D92 		.ascii	"x\234]\222KhSA\024\206\317\231\231\373HbEW.\215H\021"
 930      4B685341 
 930      1486CF99 
 930      99FB4862 
 930      45572E8D 
ARM GAS  C:\Users\angio\AppData\Local\Temp\cc4PeznB.s 			page 21


 931 0016 2D49AA09 		.ascii	"-I\252\011\025\272\022Bq\343\003\332\272\013\324\232"
 931      15BA1242 
 931      71E303DA 
 931      BA0BD49A 
 932 0026 97416243 		.ascii	"\227AbC\036\324]&1MA\027M\342\246\226\332J\210\020\\"
 932      1ED45D26 
 932      314D4117 
 932      4DE2A696 
 932      DA4A8810 
 933 003b E8CAA8A8 		.ascii	"\350\312\250\250\030p\343R\334\270\025W\026Db6\006)"
 933      1870E352 
 933      DCB81557 
 933      16446236 
 933      0629
 934 004d C699C9F5 		.ascii	"\306\231\311\365\346\352p\037g\376\363\315\371\347\236"
 934      E6EA701F 
 934      67FEF3CD 
 934      F9E79E
 935 005c 3B570940 		.ascii	";W\011@\025\000\236\210\033<\200\215\372\035\002\303"
 935      15009E88 
 935      1B3C808D 
 935      FA1D02C3 
 936 006c E1B0C808 		.ascii	"\341\260\310\010Y\257\337%\370\022\325\354v\375\240"
 936      59AFDF25 
 936      F812D5EC 
 936      76FDA0
 937 007b 7A53A17A 		.ascii	"zS\241zTT\261\024f+k\226\242\331J\325Rt[\331\254}\031"
 937      5454B114 
 937      662B6B96 
 937      A2D94AD5 
 937      52745BD9 
 938 0092 1534F07E 		.ascii	"\0254\360~\243\371cw0\232\231rvld\354\302\255F\263\216"
 938      A3F96377 
 938      309A9972 
 938      766C64EC 
 938      C2AD46B3 
 939 00a7 7F9DDD58 		.ascii	"\177\235\335Xb*@(\022\3124\3350]n,\342=z\222s>x\264"
 939      622A4028 
 939      12CA34DD 
 939      305D6E2C 
 939      E23D7A92 
 940 00bf F36076AB 		.ascii	"\363`v\253\335\305\026\005\330\241\200A\234\226\237"
 940      DDC51605 
 940      D8A18041 
 940      9C969F
 941 00ce B24DB141 		.ascii	"\262M\261A[\024\221X\021\301C\"\242q8\321\345\374\303"
 941      5B149158 
 941      11C14322 
 941      A27138D1 
 941      E5FCC3
 942 00e1 FB0EE71A 		.ascii	"\373\016\347\032\264(\305\347(Wu\020\237!H!\371I\007"
 942      B428C5E7 
 942      28577510 
 942      9F214821 
 942      F94907
 943 00f4 D0552D31 		.ascii	"\320U-1\204F&\371\032\357\355\016\366\036\342&g\377"
 943      844626F9 
ARM GAS  C:\Users\angio\AppData\Local\Temp\cc4PeznB.s 			page 22


 943      1AEFED0E 
 943      F61EE226 
 943      67FF
 944 0106 D98C7D98 		.ascii	"\331\214}\230\355\343\225>E\230\344%^\333nw+^Q\226\341"
 944      EDE3953E 
 944      4598E425 
 944      5EDB6E77 
 944      2B5E5196 
 945 011b 1BE5F31A 		.ascii	"\033\345\363\032\361\025\252\205O?j]\276?\334\340\374"
 945      F115AA85 
 945      4F3F6A5D 
 945      BE3FDCE0 
 945      FC
 946 012c E7E1AA66 		.ascii	"\347\341\252f\240\204\010\342\013\2442b\362!7(\310\015"
 946      A08408E2 
 946      0BA43262 
 946      F2213728 
 946      C80D
 947 013e 2AFBA2C6 		.ascii	"*\373\242\306Q\261\266F\311x\212\260\207\225\257\341"
 947      51B1B646 
 947      C9788AB0 
 947      8795AFE1 
 948 014e 2625D29B 		.ascii	"&%\322\233\242W\325\256Q\352@\210D\336u\320\206\334"
 948      A257D5AE 
 948      51EA4088 
 948      44DE75D0 
 948      86DC
 949 0160 16C41C10 		.ascii	"\026\304\034\020S\320cbC.\013\322\034\220\256\240\337"
 949      53D06362 
 949      432E0BD2 
 949      1C90AEA0 
 949      DF
 950 0171 6368C282 		.ascii	"ch\302\202t\007d*\250Om\310gA\206\003r}\307r\337l\212"
 950      7407642A 
 950      A84F6DC8 
 950      67418603 
 950      727DC772 
 951 0188 BE4CA99C 		.ascii	"\276L\251\234\351\310\271\255\034\305S*\347r\344\016"
 951      E9C8B9AD 
 951      1CC5532A 
 951      E772E40E 
 952 0198 88DCFEBA 		.ascii	"\210\334\376\272\370\024\255IE/~\241\010\231!6DM\"P"
 952      F814AD49 
 952      452F7EA1 
 952      08992136 
 952      444D2250 
 953 01ac B7039DF8 		.ascii	"\267\003\235\370\206\245sp\\\234\221^\273\314\313D4"
 953      86A57370 
 953      5C9C915E 
 953      BBCCCB44 
 953      34
 954 01bd 53B3FEAA 		.ascii	"S\263\376\252\034},\177~\333\363\210S&\212\201j3:\333"
 954      1C7D2C7F 
 954      7EDBF388 
 954      53268A81 
 954      6A333ADB 
 955 01d1 0C30139E 		.ascii	"\0140\023\236\215\204\257\247\256\245\026\362\205Xj"
ARM GAS  C:\Users\angio\AppData\Local\Temp\cc4PeznB.s 			page 23


 955      8D84AFA7 
 955      AEA516F2 
 955      85586A
 956 01e0 25B2BA92 		.ascii	"%\262\272\222\275\221\313,G\343K\205\\<\033\231_\364"
 956      BD91CB2C 
 956      47E34B85 
 956      5C3C1B99 
 956      5FF4
 957 01f2 2D2C5E0C 		.ascii	"-,^\014\2369\037:\033\232\237\363]\272\022\2760wy&\004"
 957      9E391F3A 
 957      1B9A9FF3 
 957      5DBA12BE 
 957      30777926 
 958 0207 537E7F40 		.ascii	"S~\177@\\\205d\342V \227\215\006\222\261T.\023HG\013"
 958      5C8564E2 
 958      5620978D 
 958      0692B154 
 958      2E134847 
 959 021c 89959BF9 		.ascii	"\211\225\233\371@:\261$\352\304V\263\313\031\177\024"
 959      403AB124 
 959      EAC456B3 
 959      CB197F14 
 960 022c 307AE41F 		.ascii	"0z\344\037\301\037\217\007c\241\323\301 \030\251D>\235"
 960      C11F8F07 
 960      63A1D3C1 
 960      2018A944 
 960      3E9D
 961 023e F14FFF01 		.ascii	"\361O\377\001\024CM\207"
 961      14434D87 
 962              		.text
 963              		.section	.gnu.lto_mf_wordwrap.403.1f2b1369,"e",%progbits
 964 0000 789C6556 		.ascii	"x\234eVkLTW\020>s\317\336}\302\356\362\020\020M\212"
 964      6B4C5457 
 964      103E73CF 
 964      DE7DC2EE 
 964      F210104D 
 965 0015 0F44AD40 		.ascii	"\017D\255@y\210Z+mb\254\177\372H\324\3763!\270\254\012"
 965      79885A2B 
 965      6D62AC7F 
 965      FA48D4FE 
 965      3321B8AC 
 966 002a A212588A 		.ascii	"\242\022X\212?\232zU\224V*.`\212<\244\361\272ZH\253"
 966      3F9A7A55 
 966      94562A2E 
 966      608A3CA4 
 966      F1BA5A48 
 967 003f 56AD0FAC 		.ascii	"V\255\017\254\265\264\240\370,Tm\033\237X\243AME\253"
 967      B5B4A0F8 
 967      2C546D1B 
 967      9F58A341 
 967      4D45AB
 968 0052 8D5582D0 		.ascii	"\215U\202\320\231sw\331e\331\2209\347\314|3\363\315"
 968      997377D9 
 968      65D99039 
 968      E7CC7C33 
 968      F3CD
 969 0064 9CD9B364 		.ascii	"\234\331\263d\232\030\273\314\030\233\017(\302\031T"
ARM GAS  C:\Users\angio\AppData\Local\Temp\cc4PeznB.s 			page 24


 969      9A18BBCC 
 969      189B0F28 
 969      C21954
 970 0073 556E96D8 		.ascii	"Un\226\330\340\340\340Z\235\004MU\352?\257z\336\205"
 970      E0E0E05A 
 970      9D044D55 
 970      EA3FAF7A 
 970      DE85
 971 0085 8B20141C 		.ascii	"\213 \024\034\352P\261\371\201A\234t\322\306\312r\011"
 971      EA50B1F9 
 971      81419C74 
 971      D2C6CA72 
 971      09
 972 0096 AE68B64D 		.ascii	"\256h\266M\225V\261\312P\217\230\246f\2638\351\245\262"
 972      9556B1CA 
 972      508F98A6 
 972      66B338E9 
 972      A5B2
 973 00a8 4A8BD86D 		.ascii	"J\213\330mw\337\321\200\006\002\034\330g\022\007\243"
 973      77DFD180 
 973      06021CD8 
 973      671207A3 
 974 00b8 54EB3EA8 		.ascii	"T\353>\250\351\353|\000\023e\031\247Q0K\245\224\303"
 974      E9EB7C00 
 974      136519A7 
 974      51304BA5 
 974      94C3
 975 00ca 9BBFDE07 		.ascii	"\233\277\336\007\261H\015>\267\035>]\010\354\030r\013"
 975      B1480D3E 
 975      B71D3E5D 
 975      08EC1872 
 975      0B
 976 00db 951ADD07 		.ascii	"\225\032\335\007\307\371\334\276\362A\254\320\214\334"
 976      C7F9DCBE 
 976      F241ACD0 
 976      8CDC
 977 00e9 AE376BFC 		.ascii	"\2567k\374mT\236\327\301.m\010\310\323\354\276\343\325"
 977      6D549ED7 
 977      C12E6D08 
 977      C8D3ECBE 
 977      E3D5
 978 00fb 8781A601 		.ascii	"\207\201\246\001\266V\342:Yo0\232\314\226\220P\253\315"
 978      B656E23A 
 978      596F309A 
 978      CC969050 
 978      ABCD
 979 010d 1E066BB9 		.ascii	"\036\006k\271\235\371?\346\200}5\237\242(\312\213\335"
 979      9DF93FE6 
 979      807D359F 
 979      A228CA8B 
 979      DD
 980 011e 8DDD1DA0 		.ascii	"\215\335\035\2404\265\202\2073\326\310\275\306\006\016"
 980      34B58287 
 980      33D6C8BD 
 980      C6060E
 981 012d 55DCC301 		.ascii	"U\334\303\001t\336\235\004q\270\343N\226\320\252(]\327"
 981      74DE9D04 
ARM GAS  C:\Users\angio\AppData\Local\Temp\cc4PeznB.s 			page 25


 981      71B8E34E 
 981      96D0AA28 
 981      5DD7
 982 013f 8E298A89 		.ascii	"\216)\212\211y8\207\243\200>p\004\3400\336\014*\362"
 982      793887A3 
 982      803E7004 
 982      E030DE0C 
 982      2AF2
 983 0151 BE91877C 		.ascii	"\276\221\207|\245!_;\371\256\007\226\200\031\273\036"
 983      A5215F3B 
 983      F9AE0796 
 983      8019BB1E 
 984 0161 1D511419 		.ascii	"\035Q\024\031\261:\370A8\037\007h\021\316\272\274\243"
 984      B13AF841 
 984      381F0768 
 984      11CEBABC 
 984      A3
 985 0172 E4CC3F43 		.ascii	"\344\314?C`\227\242<\271\377u\205\325\215\274d\370q"
 985      6097A23C 
 985      B9FF7585 
 985      D58DBC64 
 985      F871
 986 0184 781639AF 		.ascii	"x\0269\257M\000\267\200F\347\241\227\216\036~\032\016"
 986      4D00B780 
 986      46E7A197 
 986      8E1E7E1A 
 986      0E
 987 0195 D4E7750A 		.ascii	"\324\347u\012\340\227^\340\346\015e\212]\347\341\006"
 987      E0975EE0 
 987      E60D658A 
 987      5DE7E106 
 988 01a5 F87938D0 		.ascii	"\370y8\320\220w]\026U\363\006\240%\036\321O^\226\225"
 988      90775D16 
 988      55F306A0 
 988      251ED14F 
 988      5E9695
 989 01b8 59DDEB8C 		.ascii	"Y\335\353\214D\240-\020\316X^\215\236\260\036\015\213"
 989      44A02D10 
 989      CE585E8D 
 989      9EB01E0D 
 989      8B
 990 01c9 453D79D1 		.ascii	"E=y\321q:\264K1RU\247\002\253Bl\271\300~\353\307>\352"
 990      713AB44B 
 990      315255A7 
 990      02AB426C 
 990      B9C07EEB 
 991 01e0 38EFC376 		.ascii	"8\357\303v\004a\007\005\335CC\330\256:jV\034A\317\006"
 991      04610705 
 991      DD4343D8 
 991      AE3A6A56 
 991      1C41CF06 
 992 01f4 419F09E8 		.ascii	"A\237\011\350q?\335\207~\272\347\203\350\366\310z\006"
 992      713FDD87 
 992      7EBAE783 
 992      E8F6C87A 
 992      06
 993 0205 1700CE01 		.ascii	"\027\000\316\001\234\0018\015\320\016\332]\003\305h"
ARM GAS  C:\Users\angio\AppData\Local\Temp\cc4PeznB.s 			page 26


 993      9C01380D 
 993      D00EDA5D 
 993      03C568
 994 0214 F7C7A8F8 		.ascii	"\367\307\250\370\274\334\027\343\327\240\030'D\031g"
 994      BCDC17E3 
 994      D7A01827 
 994      441967
 995 0223 FC656C39 		.ascii	"\374el9{\316WFW\020\267\375\002{\311\037\367\213\346"
 995      7BCE5746 
 995      5710B7FD 
 995      027BC91F 
 995      F78BE6
 996 0236 F2D0EF08 		.ascii	"\362\320\357\010k\204K\002\233\006o\010\244G\217\314"
 996      6B844B02 
 996      9B066F08 
 996      A4478FCC 
 997 0246 2E03FC06 		.ascii	".\003\374\006\320\011\014g\233\345\355\322c\020c\020"
 997      D0090C67 
 997      9BE5EDD2 
 997      63106310 
 998 0256 DD21CCFE 		.ascii	"\335!\314\376Kr\253\322?\270UQ:3\377\272\022\3616\340"
 998      4B72ABD2 
 998      3FB85551 
 998      3A33FFBA 
 998      12F136E0 
 999 026a ED992414 		.ascii	"\355\231$\024fNBG\202\246\313\254'a@a1\322\216\346\303"
 999      664E4247 
 999      82A6CBAC 
 999      27614061 
 999      31D28EE6 
 1000 027f 6C461162 		.ascii	"lF\021bA\021\032\202\302\032\212\302f%\235\215tv\322"
 1000      41111A82 
 1000      C21A8AC2 
 1000      66259D8D 
 1000      7476D2
 1001 0292 85912E9C 		.ascii	"\205\221.\234\272\025\301\220@$\211Q\014yD\221\210f"
 1001      BA15C190 
 1001      40248951 
 1001      0C794491 
 1001      8866
 1002 02a4 482786C4 		.ascii	"H'\206\304h\022\261\014\251\215!1\226\3048\002\217'"
 1002      6812B10C 
 1002      A98D2131 
 1002      96C43802 
 1002      8F27
 1003 02b6 DC440A10 		.ascii	"\334D\012\020O\220IdH`\310|\012\025:\025\340\030LcX"
 1003      4F904964 
 1003      4860C87C 
 1003      0A153A15 
 1003      E0184C63 
 1004 02cb 4B22C009 		.ascii	"K\"\300\011H\"p2\271\245\0208\225\300\351\264\233N\273"
 1004      48227032 
 1004      B9A51038 
 1004      95C0E9B4 
 1004      9B4EBB
 1005 02de 0CDACDA0 		.ascii	"\014\332\315\240\335L\200V\230\005\360\013\314\246\310"
 1005      DD4C8056 
ARM GAS  C:\Users\angio\AppData\Local\Temp\cc4PeznB.s 			page 27


 1005      9805F00B 
 1005      CCA6C8
 1006 02ed 73C82393 		.ascii	"s\310#\223|\031\333\312\351\025\020\237\327\360\350"
 1006      7C19DBCA 
 1006      E915109F 
 1006      D7F0E8
 1007 02fc E692FF08 		.ascii	"\346\222\377\010\254\027\326?}\361|\327\004\354\254"
 1007      AC17D63F 
 1007      7DF17CD7 
 1007      04ECAC
 1008 030b CAC7D1B7 		.ascii	"\312\307\321\267\021\237\011\241m\212V\371x\370]@\352"
 1008      119F09A1 
 1008      6D8A56F9 
 1008      78F85D40 
 1008      EA
 1009 031c 5EBE7AC6 		.ascii	"^\276z\306U>\021N\322\375\2719\037\021b\260ZVy\274\017"
 1009      553E114E 
 1009      D2FDB939 
 1009      1F1162B0 
 1009      5A5679BC 
 1010 0331 5EDBAE53 		.ascii	"^\333\256S\371$\037Z\027\204\256\253\275\020\211/\256"
 1010      F9241F5A 
 1010      1784AEAB 
 1010      BD10892F 
 1010      AE
 1011 0342 CA1308F1 		.ascii	"\312\023\010\361\004Jo\037\014W\371\224R\220<\334\336"
 1011      044A6F1F 
 1011      0C57F994 
 1011      52903CDC 
 1011      DE
 1012 0353 C8D1A914 		.ascii	"\310\321\251\024p\200p\032\302\020\200H\017\017G\330"
 1012      7080701A 
 1012      C2108048 
 1012      0F0F47D8 
 1013 0363 C6DB87AB 		.ascii	"\306\333\207\253\342U\016\002\027\321\310%\306T>\025"
 1013      E2550E02 
 1013      17D1C825 
 1013      C6543E15 
 1014 0373 1D3D3C92 		.ascii	"\035=<\222\302\366\227aH\011\001\332\341\024R@\316\021"
 1014      C2F69761 
 1014      480901DA 
 1014      E1145240 
 1014      CE11
 1015 0385 78DAD0B0 		.ascii	"x\332\320\260\011M:a\345\232\365\025n\247\241\216=\200"
 1015      094D3A61 
 1015      E59AF515 
 1015      6EA7A18E 
 1015      3D80
 1016 0397 D2FB6DCF 		.ascii	"\322\373m\317<\2231\016Uo\004\355\015ts9\210u\177\331"
 1016      3C93310E 
 1016      556F04ED 
 1016      0D747339 
 1016      88757FD9 
 1017 03ab 7F67B761 		.ascii	"\177g\267a\030\254s\324PL=\236\311\315\354\303\\\304"
 1017      18AC73D4 
 1017      504C3D9E 
 1017      C9CDECC3 
ARM GAS  C:\Users\angio\AppData\Local\Temp\cc4PeznB.s 			page 28


 1017      5CC4
 1018 03bd 94E9A817 		.ascii	"\224\351\250\027u^\355\304\234\323}m\320\007\006\304"
 1018      755EEDC4 
 1018      9CD37D6D 
 1018      D00706C4 
 1019 03cd B437DBF6 		.ascii	"\2647\333\366\357\236,X$zS\032\202R~\371\362\217\273"
 1019      EF9E2C58 
 1019      247A531A 
 1019      82527EF9 
 1019      F28FBB
 1020 03e0 32BA63A7 		.ascii	"2\272c\247\204\3358\302~\343{\244c\320\030i\0150\342"
 1020      84DD38C2 
 1020      7EE37BA4 
 1020      63D01869 
 1020      0D30E2
 1021 03f3 79889E09 		.ascii	"y\210\236\011\317p\015\206\214I\250\022\216-7\333\321"
 1021      CF700D86 
 1021      8C49A812 
 1021      8E2D37DB 
 1021      D1
 1022 0404 3119B36B 		.ascii	"1\031\263k\266\236\363\013Tn\306\036\320u\304\251\334"
 1022      B69EF30B 
 1022      546EC61E 
 1022      D075C4A9 
 1022      DC
 1023 0415 229A3CAA 		.ascii	"\"\232<\252\021\333\205M6{x\0241~\320\246b\020\013\025"
 1023      11DB854D 
 1023      367B7814 
 1023      317ED0A6 
 1023      62100B15 
 1024 0429 1C0DCC4B 		.ascii	"\034\015\314K\332\024L\252\245{\0332J\301lZ\023\272"
 1024      DA144CAA 
 1024      A57B1B32 
 1024      4AC16C5A 
 1024      13BA
 1025 043b B109A9BE 		.ascii	"\261\011\251\276&\230\203g\241\345Ti\274\030\276\020"
 1025      26988367 
 1025      A1E55469 
 1025      BC18BE10 
 1026 044b 82A0667B 		.ascii	"\202\240f{9\036B\275?\0152\260=\336Y\210!\310M\214\""
 1026      391E42BD 
 1026      3F0D32B0 
 1026      3DDE5988 
 1026      21C84D8C 
 1027 0460 887C8A18 		.ascii	"\210|\212\030\002\304h<\372 B\345\221x\235X\224q_\315"
 1027      02C4683C 
 1027      FA2042E5 
 1027      91789D58 
 1027      94715FCD 
 1028 0474 019398AF 		.ascii	"\001\223\230\257d\223\324\007\243T\036%\014I\306\306"
 1028      6493D407 
 1028      A3541E25 
 1028      0C49C6C6 
 1029 0484 9ABD9A21 		.ascii	"\232\275\232!\211\0148\337\361|`\320c\022\351\243\215"
 1029      890C38DF 
 1029      F17C60D0 
 1029      6312E9A3 
ARM GAS  C:\Users\angio\AppData\Local\Temp\cc4PeznB.s 			page 29


 1029      8D
 1030 0495 844931F5 		.ascii	"\204I1\365\326\334#L\037\304\342\004\363\212\312\335"
 1030      D6DC234C 
 1030      1FC4E204 
 1030      F38ACADD 
 1031 04a5 9A395698 		.ascii	"\2329V\230SM\003\232\031+\261\004]\347\375\266C{\032"
 1031      534D039A 
 1031      192BB104 
 1031      5DE7FDB6 
 1031      437B1A
 1032 04b8 24018EA1 		.ascii	"$\001\216\241\357\201`\205\244\323\345\336\352{Z\332"
 1032      EF816085 
 1032      A4D3E5DE 
 1032      EA7B5ADA 
 1033 04c8 68030589 		.ascii	"h\003\005\2116\243a\014\016\206\374\274Z\026\372X\241"
 1033      36A3610C 
 1033      0E86FCBC 
 1033      5A16FA58 
 1033      A1
 1034 04d9 8F355383 		.ascii	"\2175S\203BF\264\263\347\212\326\240\014\3575\327]\355"
 1034      4246B4B3 
 1034      E78AD6A0 
 1034      0CEF35D7 
 1034      5DED
 1035 04eb C18ECEF0 		.ascii	"\301\216\316\360u4t\304\234\376y\361-\225[U>\032/s\023"
 1035      753474C4 
 1035      9CFE79F1 
 1035      2D955B55 
 1035      3E1A2F73 
 1036 0500 5EA64DE5 		.ascii	"^\246M\34531~\270P\316\362\240^\320-D\013\334\360\022"
 1036      33317EB8 
 1036      50CEF2A0 
 1036      5ED02D44 
 1036      0BDCF012 
 1037 0514 1D8DAC2D 		.ascii	"\035\215\254-\304\"#\244\267\3660\325\334\007cU>F\350"
 1037      C42223A4 
 1037      B7F630D5 
 1037      DC076355 
 1037      3E46E8
 1038 0527 66843CAF 		.ascii	"f\204<\257\225\351\355usk`6\267\244\234\351?\362P\343"
 1038      95E9ED75 
 1038      736B6036 
 1038      B7A49CE9 
 1038      3FF250E3 
 1039 053b 611B319C 		.ascii	"a\0331\234\2754\234\263U>V\253\343\361].fy\266\366b"
 1039      BD349CB3 
 1039      553E56AB 
 1039      E3F15D2E 
 1039      6679B6F6 
 1040 0550 3C2E45EB 		.ascii	"<.E\353\034\357\213\361t\373\277XS\246\32677\267\007"
 1040      1CEF8BF1 
 1040      74FBBF58 
 1040      53A6D637 
 1040      37B707
 1041 0563 4FC9CB81 		.ascii	"O\311\313\2016\374b\331\003G$,`0\354\376\301X\205\026"
 1041      36FC62D9 
 1041      0347242C 
ARM GAS  C:\Users\angio\AppData\Local\Temp\cc4PeznB.s 			page 30


 1041      6030ECFE 
 1041      C1588516 
 1042 0577 E8F65685 		.ascii	"\350\366V\205%O\224N\016~\202Im\267\352\367bM\221\370"
 1042      254F944E 
 1042      0E7E8249 
 1042      6DB7EAF7 
 1042      624D91F8 
 1043 058b CA49B75E 		.ascii	"\312I\267^-\307\324\266\201\372\235\250\211\302g\016"
 1043      2DC7D4B6 
 1043      81FA9DA8 
 1043      89C2670E 
 1044 059b 35C73064 		.ascii	"5\3070d\246\255b\307N\2522,0\377\337\260\356\0356\201"
 1044      A6AD62C7 
 1044      4EAA322C 
 1044      30FFDFB0 
 1044      EE1D3681 
 1045 05af 7ED11E36 		.ascii	"~\321\0366+q\303\377\017bOA\022\353V\016\201\257,c\031"
 1045      2B71C3FF 
 1045      0F624F41 
 1045      12EB560E 
 1045      81AF2C63 
 1046 05c4 73DF5C3C 		.ascii	"s\337\\<wy\356\222\334\205\256\342\234\334\325\213K"
 1046      7779EE92 
 1046      DC85AEE2 
 1046      9CDCD58B 
 1046      4B
 1047 05d5 5617AE28 		.ascii	"V\027\256(*\310v8\263\212\213\234\205\213\027,J\\\270"
 1047      2AC87638 
 1047      B38A8B9C 
 1047      858B172C 
 1047      4A5CB8
 1048 05e8 E8FDB4D4 		.ascii	"\350\375\264\324\371\3513\322\027\314K\374\340\243\271"
 1048      F9E933D2 
 1048      17CC4BFC 
 1048      E0A3B9
 1049 05f7 EFCDFB30 		.ascii	"\357\315\3730#\235\275\236\224\224\214\177\305\313\226"
 1049      239DBD9E 
 1049      94948C7F 
 1049      C5CB96
 1050 0606 AE492E2A 		.ascii	"\256I.*t$/\313\311-*H^\351(^\272z\225+y\345\322,\214"
 1050      74242FCB 
 1050      C92D2A48 
 1050      5EE9285E 
 1050      BA7A952B 
 1051 061f 93535298 		.ascii	"\223SR\230]\220\344`:\322E\017\323%9\235i9\351)iiL."
 1051      5D90E460 
 1051      3AD2450F 
 1051      D325399D 
 1051      6939E929 
 1052 0637 C9CD712D 		.ascii	"\311\315q-\327\271\234k\\FGv~\376\222l\307\012\271\310"
 1052      D7B99C6B 
 1052      5C464776 
 1052      7EFE926C 
 1052      C70AB9C8 
 1053 064b 95ED721A 		.ascii	"\225\355r\032\362\213\262\012\012\235\037\033\034\016"
 1053      F28BB20A 
 1053      0A9D1F1B 
ARM GAS  C:\Users\angio\AppData\Local\Temp\cc4PeznB.s 			page 31


 1053      1C0E
 1054 0659 B1EA7175 		.ascii	"\261\352qu\024\027\352\363Kh1\345\347\256r\"\256\320"
 1054      1417EAF3 
 1054      4B6831E5 
 1054      E7AE7222 
 1054      AED0
 1055 066b C55D2B0B 		.ascii	"\305]+\013L\253\234%Y\"\0228\376\007\277\205\332="
 1055      4CAB9C25 
 1055      59221238 
 1055      FE07BF85 
 1055      DA3D
 1056              		.text
 1057              		.section	.gnu.lto_.symbol_nodes.1f2b1369,"e",%progbits
 1058 0000 789CDBC1 		.ascii	"x\234\333\301\000\004L\223\230\353\031\376C\201<\343"
 1058      00044C93 
 1058      98EB19FE 
 1058      43813CE3 
 1059 0010 84730C0C 		.ascii	"\204s\014\014\365\014\014{\032\033\033\015\030\030\031"
 1059      F50C0C7B 
 1059      1A1B1B0D 
 1059      181819
 1060 001f C02A2633 		.ascii	"\300*&3\3273b\250\330\327\330\310\010U\3008\225\271"
 1060      D73362A8 
 1060      D8D7D8C8 
 1060      0855C038 
 1060      95B9
 1061 0031 9E095501 		.ascii	"\236\011U\001\003CCC\003H\226q\012s=3\0169fF$\231\307"
 1061      03434343 
 1061      03489671 
 1061      0A733D33 
 1061      0E396646 
 1062 0048 8CCC8C48 		.ascii	"\214\314\214H\2064\26313\"9\3530\037\013\222\023\026"
 1062      8634B331 
 1062      332239EB 
 1062      301F0B92 
 1062      1316
 1063 005a 8B330000 		.ascii	"\2133\000\000TjV\223"
 1063      546A5693 
 1064              		.text
 1065              		.section	.gnu.lto_.refs.1f2b1369,"e",%progbits
 1066 0000 789C6364 		.ascii	"x\234cd\000\002\000\000\012\000\002"
 1066      00020000 
 1066      0A0002
 1067              		.text
 1068              		.section	.gnu.lto_.decls.1f2b1369,"e",%progbits
 1069 0000 789CA556 		.ascii	"x\234\245VkPTG\026\356\323=/.\203P\210\245\265\261\\"
 1069      6B505447 
 1069      16EED33D 
 1069      2F2E8350 
 1069      88A5B5B1 
 1070 0015 CADA4AC8 		.ascii	"\312\332J\310n)\001\\t\367\027\265V\222J%\353\246\222"
 1070      6E29015C 
 1070      74F717B5 
 1070      56924A25 
 1070      EBA692
 1071 0028 B83F52A6 		.ascii	"\270?R\246\246\306\271\303\314\224\274\226Gd\367\307"
 1071      A6C6B9C3 
ARM GAS  C:\Users\angio\AppData\Local\Temp\cc4PeznB.s 			page 32


 1071      CC94BC96 
 1071      4764F7C7 
 1072 0038 EE155151 		.ascii	"\356\025QQT\020\334\210\202\212\346\261\250Q\211\"\242"
 1072      5410DC88 
 1072      828AE6B1 
 1072      A8518922 
 1072      A2
 1073 0049 EBEA88AE 		.ascii	"\353\352\210\256\202\017\004\225\304\365\031\037\201"
 1073      820F0495 
 1073      C4F5191F 
 1073      81
 1074 0056 41549EC6 		.ascii	"AT\236\3061>\330\323}g\356\035\007R\331\252\355\232"
 1074      313ED8D3 
 1074      7D67EE1D 
 1074      0752D9AA 
 1074      ED9A
 1075 0068 73FB76F7 		.ascii	"s\373v\367w\316\371\316\351\323=\367\232\225\220w(!"
 1075      77CEF9CE 
 1075      E9D33DF7 
 1075      9A959077 
 1075      2821
 1076 007a 16206404 		.ascii	"\026 d\004\033#\204t\020\275\031P\376\215\322\2052\200"
 1076      1B238474 
 1076      10BD1950 
 1076      FE8DD285 
 1076      3280
 1077 008c F23D19DD 		.ascii	"\362=\031\335JQ\327\204\3751\224X\2248\224\303(\037"
 1077      4A51D784 
 1077      FD319458 
 1077      943894C3 
 1077      281F
 1078 009e A2B80318 		.ascii	"\242\270\003\030\010\330\011ogq\341g\001\\P7\005\347"
 1078      08D8096F 
 1078      6771E167 
 1078      015C5037 
 1078      05E7
 1079 00b0 AE637F01 		.ascii	"\256c\177\001\345\022\212\013\245\007e2\312\257qm\022"
 1079      E5128A0B 
 1079      A5076532 
 1079      CAAF716D 
 1079      12
 1080 00c1 F62FA34C 		.ascii	"\366/\243L\014p=\2132\023\347\207\260\177\2102\013\337"
 1080      0C703D8B 
 1080      3213E787 
 1080      B07F8832 
 1080      0BDF
 1081 00d3 FBB1FF0D 		.ascii	"\373\261\377\015\366\307\003\274\332Q:Cb\352\012\304"
 1081      F6C703BC 
 1081      DA513A43 
 1081      62EA0AC4 
 1082 00e3 32F023BC 		.ascii	"2\360#\274\252\031\375\356\342\365\223\322w\240\252"
 1082      AA19FDEE 
 1082      E2F593D2 
 1082      77A0AA
 1083 00f2 C8007029 		.ascii	"\310\000p)\025\037\022\371\220\2218\205*\324$3*1\211"
 1083      151F12F9 
 1083      90913885 
ARM GAS  C:\Users\angio\AppData\Local\Temp\cc4PeznB.s 			page 33


 1083      2AD42433 
 1083      2A3189
 1084 0105 C9520B4C 		.ascii	"\311R\013LI\030fi\026\232\020-Y\352\216A\214d\264P\352"
 1084      49186669 
 1084      169A102D 
 1084      59EA8E41 
 1084      8C64B450 
 1085 011a 33CB52C2 		.ascii	"3\313R\302\017\360%\2555\305\247)\006y\345\004\237Y"
 1085      0FF025AD 
 1085      35C5A729 
 1085      0679E504 
 1085      9F59
 1086 012c A1E573E2 		.ascii	"\241\345s\342R\322\360\3513\267\200\214Z\357\032,1\370"
 1086      52D2F0E9 
 1086      33B7808C 
 1086      5AEF1A2C 
 1086      31F8
 1087 013e E6334BC3 		.ascii	"\3463K\303\254v\225I>KK^\201\026\220\344\3448EQ\322"
 1087      AC769549 
 1087      3E4B4B5E 
 1087      811690E4 
 1087      E4384551 
 1088 0153 2C9629D1 		.ascii	",\226)\321\315\254\231\275\201[d\251\3375A\362\231\243"
 1088      CDAC99BD 
 1088      815B64A9 
 1088      DF3541F2 
 1088      99A3
 1089 0165 D144821C 		.ascii	"\321D\202\034\037#\307G\267\200Q\226\245\270\004\202"
 1089      1F23C747 
 1089      B7805196 
 1089      A5B80482 
 1090 0175 24E4E4E4 		.ascii	"$\344\344\3444*\241e\203\245\005\222\031X\223\225\233"
 1090      342AA165 
 1090      83A50592 
 1090      19589395 
 1090      9B
 1091 0186 BD1325A3 		.ascii	"\275\023%\243\0241%>\201\020\231\274A\321.\033\0116"
 1091      1431253E 
 1091      811099BC 
 1091      41D12E1B 
 1091      0936
 1092 0198 30A34F59 		.ascii	"0\243OY\037\002$H4\231\262\267}fB(\215'D1X\254VP\260"
 1092      1F022448 
 1092      3499B2B7 
 1092      7D664228 
 1092      8D274431 
 1093 01b1 8BB0BD2D 		.ascii	"\213\260\275-\277\233,\021\237\231\342R\234\001\024"
 1093      BF9B2C11 
 1093      9F99E252 
 1093      9C0114
 1094 01c0 0ABAA664 		.ascii	"\012\272\246d\302\355\245\332>\003\201\320L\362\201"
 1094      C2EDA5DA 
 1094      3E0381D0 
 1094      4CF281
 1095 01cf 8E25FA3A 		.ascii	"\216%\372:\205\340\262\212{AK\263%\346A\263\037T\320"
 1095      85E0B28A 
 1095      7B414BB3 
ARM GAS  C:\Users\angio\AppData\Local\Temp\cc4PeznB.s 			page 34


 1095      25E641B3 
 1095      1F54D0
 1096 01e2 D5428C43 		.ascii	"\325B\214C\230:\360\306\237\241\012:G\315?\325h\201"
 1096      983AF0C6 
 1096      9FA10A3A 
 1096      47CD3FD5 
 1096      6881
 1097 01f4 0E09232E 		.ascii	"\016\011#.\254@\220\320\350\306\202es\264\362\3122c"
 1097      AC4090D0 
 1097      E8C68265 
 1097      73B4F2CA 
 1097      3263
 1098 0206 17A64DA9 		.ascii	"\027\246M\251\212\203\011\345i\004\330K\204\275J\022"
 1098      8A8309E5 
 1098      6904D84B 
 1098      84BD4A12 
 1099 0216 15D18A16 		.ascii	"\025\321\212\026\020\330\257Z\370(\262\202\301\313\230"
 1099      10D8AF5A 
 1099      F828B282 
 1099      C1CB98
 1100 0225 48267AC2 		.ascii	"H&z\302\012\010\276\304\002\305g\034\304\240\255\025"
 1100      0A08BEC4 
 1100      02C5671C 
 1100      C4A0AD15 
 1101 0235 2B97AF31 		.ascii	"+\227\2571J^E\271\247x\213\214\004\376\005p\0109\374"
 1101      4A5E45B9 
 1101      A7788B8C 
 1101      04FE0570 
 1101      0839FC
 1102 0248 1310DE04 		.ascii	"\023\020\336\004p\020\340\000 l\307\342\207\317\"xU"
 1102      7010E000 
 1102      206CC7E2 
 1102      87CF2278 
 1102      55
 1103 0259 C361806C 		.ascii	"\303a\200l\324\236\010#Dt\312\337\330_8\251\265=g\326"
 1103      D49E0823 
 1103      4474CADF 
 1103      D85F38A9 
 1103      B53D67D6 
 1104 026d 9B2474EF 		.ascii	"\233$t\357S\232\0271\002)\360\032\201f@\004\2329\012"
 1104      539A1731 
 1104      0229F01A 
 1104      81664004 
 1104      9A390A
 1105 0280 E0E5661A 		.ascii	"\340\345f\032\312\252\367ENT\2707%\016\216A\300\035"
 1105      CAAAF745 
 1105      4E54B837 
 1105      250E8E41 
 1105      C01D
 1106 0292 81E3E8F3 		.ascii	"\201\343\350\363\010\276L-/W\374kN=\332j\336\330\244"
 1106      08BE4C2D 
 1106      2F57FC6B 
 1106      4E3DDA6A 
 1106      DED8A4
 1107 02a5 284B1069 		.ascii	"(K\020i\341\213\320\010hF\244\255\021\221\373\000\032"
 1107      E18BD008 
 1107      6846A4AD 
ARM GAS  C:\Users\angio\AppData\Local\Temp\cc4PeznB.s 			page 35


 1107      1191FB00 
 1107      1A
 1108 02b6 E0A3D326 		.ascii	"\340\243\323&v\033\270\353\036\177qo\264 \347\022\334"
 1108      761BB8EB 
 1108      1E7F716F 
 1108      B420E712 
 1108      DC
 1109 02c7 62C120E2 		.ascii	"b\301 \342\213\017_\303\361\205\326\235\235\226` \247"
 1109      8B0F5FC3 
 1109      F185D69D 
 1109      9D966020 
 1109      A7
 1110 02d8 80F5710B 		.ascii	"\200\365q\013\246g\027;\333\315\322K\000\370\363\276"
 1110      A667173B 
 1110      DBCDD24B 
 1110      00F8F3BE 
 1111 02e8 18C21980 		.ascii	"\030\302\031\200\263\3349\264\001\234\003\212\203\""
 1111      B3DC39B4 
 1111      019C038A 
 1111      8322
 1112 02f6 4579FA73 		.ascii	"Ey\372s\354\321Z\355\363\366m\221<{>\357\217i \352\306"
 1112      ECD15AED 
 1112      F3F66D91 
 1112      3C7B3EEF 
 1112      8F6920EA 
 1113 030b C6CD6BAC 		.ascii	"\306\315k\254VD\365+\265\315\006h\007h\005<(\310\241"
 1113      5644F52B 
 1113      B5CD0668 
 1113      0768053C 
 1113      28C8A1
 1114 031e 4384C586 		.ascii	"C\204\305\206E\030\335\245%\333\242\307\200\301y\010"
 1114      4518DDA5 
 1114      25DBA2C7 
 1114      80C17908 
 1115 032e 001174EC 		.ascii	"\000\021t\354\351W\025f\301\377\002\300in\375\376\325"
 1115      E9571566 
 1115      C1FF02C0 
 1115      696EFDFE 
 1115      D5
 1116 033f 73EDA6B1 		.ascii	"s\355\246\261r\332\211\252\027AT\314\366\362\326/\242"
 1116      72DA89AA 
 1116      174154CC 
 1116      F6F2D62F 
 1116      A2
 1117 0350 74D39D3A 		.ascii	"t\323\235:\203\257U\006O\204\361ge7\2776\216\001\203"
 1117      83AF5506 
 1117      4F84F167 
 1117      6537BF36 
 1117      8E0183
 1118 0363 6F200044 		.ascii	"o \000DP\357\336\363\267\254\202\301%\200\223\234\301"
 1118      50EFDEF3 
 1118      B7AC82C1 
 1118      2580939C 
 1118      C1
 1119 0374 CD3B871E 		.ascii	"\315;\207\036\031\202\234\376\003\230\373IXrj\257(\177"
 1119      19829CFE 
 1119      0398FB49 
ARM GAS  C:\Users\angio\AppData\Local\Temp\cc4PeznB.s 			page 36


 1119      58726AAF 
 1119      287F
 1120 0386 65AB29D7 		.ascii	"e\253)\327\353\270x\260\331()\341\225v\015\020\205\311"
 1120      EBB878B0 
 1120      D92829E1 
 1120      95760D10 
 1120      85C9
 1121 0398 BA0A7085 		.ascii	"\272\012p\205\033k\354Y\266W\335\240\353\000\227\201"
 1121      1B6BEC59 
 1121      B657DDA0 
 1121      EB009781 
 1122 03a8 550AE5CB 		.ascii	"U\012\345\313\033\216l1\214W\353\333\253\026\302\267"
 1122      1B8E6C31 
 1122      8C57EBDB 
 1122      AB16C2B7 
 1123 03b8 00370355 		.ascii	"\0007\003U\301\367\365\371\311\242(\001\360\216\015"
 1123      C1F7F5F9 
 1123      C9A22801 
 1123      F08E0D
 1124 03c7 3874E060 		.ascii	"8t\340`M\310&\334\322Sp[\315\321\221-\025%j\024\267"
 1124      4DC826DC 
 1124      D253705B 
 1124      CDD1912D 
 1124      15256A14 
 1125 03dc 016E702A 		.ascii	"\001np*\373\326\015\255\212\3202\353\326\022\21376\334"
 1125      FBD60DAD 
 1125      8AD032EB 
 1125      D6128B37 
 1125      36DC
 1126 03ee 51952AB7 		.ascii	"Q\225*\267\334\251\0347\265\252\\\351\277q\362Ou\374"
 1126      DCA91C37 
 1126      B5AA5CE9 
 1126      BF71F24F 
 1126      75FC
 1127 0400 3AC55538 		.ascii	":\305U8\241U\353\011\255Z7\033\331FJX\275\010gm\353"
 1127      A155EB09 
 1127      AD5A371B 
 1127      D9464A58 
 1127      BD08676D 
 1128 0415 CE8DE2D4 		.ascii	"\316\215\342\324\205V\232/\274nJ\225\216s*\243\036\020"
 1128      85569A2F 
 1128      BC6E4A95 
 1128      8E732AA3 
 1128      1E10
 1129 0427 C55BBA6D 		.ascii	"\305[\272m\347\"s\220\342]\236\340\3110\242v\2045\011"
 1129      E7227390 
 1129      E25D9EE0 
 1129      C930A276 
 1129      843509
 1130 043a CB2D7DF5 		.ascii	"\313-}\365\217\254\341\226\037\000\"\320\360}\200{\334"
 1130      8FACE196 
 1130      1F0022D0 
 1130      F07D807B 
 1130      DC
 1131 044b F0D1133E 		.ascii	"\360\321\023>\267\026W\237^1\375\310\266W\015\354xu"
 1131      B716579F 
 1131      5E31FDC8 
ARM GAS  C:\Users\angio\AppData\Local\Temp\cc4PeznB.s 			page 37


 1131      B6570DEC 
 1131      7875
 1132 045d 47AF796A 		.ascii	"G\257yj\225\242\370\375\225Wo\233k\224f\212\313\320"
 1132      95A2F8FD 
 1132      95576F9B 
 1132      6B94668A 
 1132      CBD0
 1133 046f AD45D62D 		.ascii	"\255E\326-:vGxm\373f\371\367\222\236\334\013zr\207T"
 1133      3A764778 
 1133      6DFB66F9 
 1133      F7929EDC 
 1133      0B7A7287 
 1134 0484 734B87EA 		.ascii	"sK\207\352vD\011\346Cj(\237\014,\332i\3248\364\350\034"
 1134      764409E6 
 1134      436A289F 
 1134      0C2CDA69 
 1134      D438F4E8 
 1135 0499 1E228761 		.ascii	"\036\"\207aU\251\273qM\031\023\034\016\257\353\371\243"
 1135      55A9BB71 
 1135      4D19131C 
 1135      0EAFEBF9 
 1135      A3
 1136 04aa A0F01060 		.ascii	"\240\360\020`P\2430(:q\340'\211g\014\253fd\324m\205"
 1136      50A33028 
 1136      3A71E027 
 1136      89670CAB 
 1136      6664D46D 
 1137 04bf 13BEBABE 		.ascii	"\023\276\272\276\016)\230\270\037x\012\356\035\275\024"
 1137      0E2998B8 
 1137      1F780AEE 
 1137      1DBD14
 1138 04ce 35560A9E 		.ascii	"5V\012\236\242\373'\252\373\301\262\201\325\343\364"
 1138      A2FB27AA 
 1138      FBC1B281 
 1138      D5E3F4
 1139 04dd A09EEA41 		.ascii	"\240\236\352A=\303\007\333\301\210\270ef\011\327\026"
 1139      3DC307DB 
 1139      C188B865 
 1139      6609D716 
 1140 04ed 7638307E 		.ascii	"v80~\215\035\017\274%\260vF\330\025\224.A\253\341\326"
 1140      8D1D0FBC 
 1140      25B07646 
 1140      D815942E 
 1140      41ABE1D6 
 1141 0501 65FFA82B 		.ascii	"e\377\250+r\031\015\271\"\205\332$v\027U\374(K\015\204"
 1141      72190DB9 
 1141      2285DA24 
 1141      761755FC 
 1141      284B0D84 
 1142 0515 AD42A944 		.ascii	"\255B\251D\331dP#\235,0\337\002\2533\214\272\373\306"
 1142      D9645023 
 1142      9D2C30DF 
 1142      02AB338C 
 1142      BAFBC6
 1143 0528 185FDC7D 		.ascii	"\030_\334}\346A\244\030c\220k)\316\034\\\261d0*8\363"
 1143      E641A418 
 1143      63906B29 
ARM GAS  C:\Users\angio\AppData\Local\Temp\cc4PeznB.s 			page 38


 1143      CE1C5CB1 
 1143      64302A38 
 1144 053d 773EF368 		.ascii	"w>\363hx\335\015\355\310}\302g\0066\025\365Apf\035\237"
 1144      78DD0DED 
 1144      C87DC267 
 1144      063615F5 
 1144      4170661D 
 1145 0552 A9EBFBB4 		.ascii	"\251\353\373\264k\334\030ga=%PEE\276\312\356\234\336"
 1145      6BDC1867 
 1145      613D2550 
 1145      4545BECA 
 1145      EE9CDE
 1146 0565 6ED0F3B5 		.ascii	"n\320\363\265\236j\371\332@\305%s@0\256\036\376\354"
 1146      9E6AF9DA 
 1146      40C52573 
 1146      4030AE1E 
 1146      FEEC
 1147 0577 1A8C0183 		.ascii	"\032\214\001\203j\032\000\"\350\301\212\265\315&A\240"
 1147      6A1A0022 
 1147      E8C18AB5 
 1147      CD2641A0 
 1148 0587 86422527 		.ascii	"\206B%'\320\261\267f\261)\270\247\033\371\314n\377\371"
 1148      D0B1B766 
 1148      B129B8A7 
 1148      1BF9CC6E 
 1148      FFF9
 1149 0599 D5D620C9 		.ascii	"\325\326 \311M|\246\265\273X\277;6\363\231=\217\317"
 1149      4D7CA6B5 
 1149      BB58BF3B 
 1149      36F3993D 
 1149      8FCF
 1150 05ab B459831B 		.ascii	"\264Y\203\033_\313g*\236\324u\303X;\277\025#\331\242"
 1150      5FCB672A 
 1150      9ED475C3 
 1150      583BBF15 
 1150      23D9A2
 1151 05be 46B26BB0 		.ascii	"F\262k\260\251\311\242S\334\252G\362\251\000L\336\337"
 1151      A9C9A253 
 1151      DCAA47F2 
 1151      A9004CDE 
 1151      DF
 1152 05cf 76BF1FC6 		.ascii	"v\277\037\306\377\"\264\241\305b\274|\014\004\326P("
 1152      FF22B4A1 
 1152      C562BC7C 
 1152      0C04D650 
 1152      28
 1153 05e0 A7E2FAF9 		.ascii	"\247\342\372\371\214\207\003_P\370\212\302.\012\333"
 1153      8C87035F 
 1153      50F88AC2 
 1153      2E0ADB
 1154 05ef 28FC8342 		.ascii	"(\374\203B=\305\0176\330Ia;\205\335\024vP\370\234B\035"
 1154      3DC50F36 
 1154      D849613B 
 1154      85DD1476 
 1154      50F89C42 
 1155 0604 FFF8F08A 		.ascii	"\377\370\360\212\323\3664\265F\361\026[\261\310\340"
 1155      D3F634B5 
ARM GAS  C:\Users\angio\AppData\Local\Temp\cc4PeznB.s 			page 39


 1155      46F1165B 
 1155      B1C8E0
 1156 0613 B13011F4 		.ascii	"\2610\021\364\355\347\217V\340\260\376\226\3639-^\361"
 1156      EDE78F56 
 1156      E0B0FE96 
 1156      F3392D5E 
 1156      F1
 1157 0624 B7504643 		.ascii	"\267PFC1\211(I\002qy\217\273\012\021\030`\251@\360b"
 1157      31892849 
 1157      0271798F 
 1157      BB0A1118 
 1157      60A940F0 
 1158 0639 23F85545 		.ascii	"#\370UE\370\315+\020%\267\227\216+_\3040&\250x\301\310"
 1158      F8CD2B10 
 1158      25B7978E 
 1158      2B5FC430 
 1158      26A878C1 
 1159 064e 23D0AC9C 		.ascii	"#\320\254\234\323\254\254\014\267\222\302\001\365w\033"
 1159      D3ACAC0C 
 1159      B792C201 
 1159      F5771B
 1160 065d 14855939 		.ascii	"\024\205Y9`q8\240\210\012\023\376\206\214:4\201\273"
 1160      607138A0 
 1160      880A13FE 
 1160      868C3A34 
 1160      81BB
 1161 066f F65C8413 		.ascii	"\366\\\204\023\314\267_\365\202y\353\277\256z)\241\260"
 1161      CCB75FF5 
 1161      8279EBBF 
 1161      AE7A29A1 
 1161      B0
 1162 0680 34DC881A 		.ascii	"4\334\210\032o\375\015\315\315\222pD\261pS\337\246!"
 1162      6FFD0DCD 
 1162      CD927044 
 1162      B17053DF 
 1162      A621
 1163 0692 56852344 		.ascii	"V\205#D(\365\3675\300\242p\300\210\352\344\212\206X"
 1163      28F5F735 
 1163      C0A270C0 
 1163      88EAE48A 
 1163      8658
 1164 06a4 118E58AE 		.ascii	"\021\216X\256\306rZK\373\352Qio\025\205{\275\266\332"
 1164      C6725A4B 
 1164      FBEA5169 
 1164      6F15857B 
 1164      BDB6DA
 1165 06b7 6FE6FF43 		.ascii	"o\346\377C\305\336\377\257\030\320\326\251\363\335\353"
 1165      C5DEFFAF 
 1165      18D0D6A9 
 1165      F3DDEB
 1166 06c6 23F532DC 		.ascii	"#\3652\334\243\373\333\0338'\246\015\033\332\273\255"
 1166      A3FBDB1B 
 1166      3827A60D 
 1166      1BDABBAD 
 1167 06d6 F8D1C2BF 		.ascii	"\370\321\302\277]\370w\011~\351\301>\032\3769\207\377"
 1167      5DF87709 
 1167      7EE9C13E 
ARM GAS  C:\Users\angio\AppData\Local\Temp\cc4PeznB.s 			page 40


 1167      1AFE3987 
 1167      FF
 1168 06e7 41C8A191 		.ascii	"A\310\241\221B\003\245\370\212\246\037\373\0164\207"
 1168      4203A5F8 
 1168      8AA61FFB 
 1168      0E3487
 1169 06f6 9CD587FA 		.ascii	"\234\325\207\372\335\266_=\002K\033J\327\231u@\277\016"
 1169      DDB65F3D 
 1169      024B1B4A 
 1169      D7997540 
 1169      BF0E
 1170 0708 68520145 		.ascii	"hR\001EU\275\207Cn\307\343:\340\000\247\317\222RI\204"
 1170      55BD8743 
 1170      6EC7E33A 
 1170      E000A7CF 
 1170      92524984 
 1171 071c 3D37F3E3 		.ascii	"=7\363\343\231\316i\231Drd\347\346;\013\247e\316 Q\236"
 1171      99CE6999 
 1171      447264E7 
 1171      E63B0BA7 
 1171      65CE2051 
 1172 0731 3CDBC25C 		.ascii	"<\333\302\\{\216-/\307\356p\376r\372\364D\374\025\270"
 1172      7B8E2D2F 
 1172      C7EE70FE 
 1172      72FAF444 
 1172      FC15B8
 1173 0744 D20B13F3 		.ascii	"\322\013\023\363r\035\211.\331\223\227\223\230\351("
 1173      721D892E 
 1173      D9939793 
 1173      98E928
 1174 0753 48CFCECA 		.ascii	"H\317\316\312O\314L\267-\314\316\2259|\272\303\362\346"
 1174      4FCC4CB7 
 1174      2DCCCE95 
 1174      397CBAC3 
 1174      F2E6
 1175 0765 9CB9F1B3 		.ascii	"\234\271\361\263\223f\222\211/LOw:S\344\031I))\304\340"
 1175      93669289 
 1175      2F4C4F77 
 1175      3A53E419 
 1175      492929C4 
 1176 077a 9A9B946A 		.ascii	"\232\233\224jt\375.;;#u\366o\347\315v{\346{\336\317"
 1176      74FD2E3B 
 1176      3B2375F6 
 1176      6FE7CD76 
 1176      7BE67BDE 
 1177 078f 2F903DD9 		.ascii	"/\220=\331\363\020\276@\370\263\025\3449s\347\275\367"
 1177      F310BE40 
 1177      F8B315E4 
 1177      3973E7BD 
 1177      F7
 1178 07a0 C1B4F73F 		.ascii	"\301\264\367?\370}J\362\2333f\316x\357\365is\346\316"
 1178      F87D4AF2 
 1178      9B3366CE 
 1178      78EFF569 
 1178      73E6CE
 1179 07b3 7EE7F53F 		.ascii	"~\347\365?\244\316 \277\372\337\331\220\310\220\241"
 1179      A4CE20BF 
ARM GAS  C:\Users\angio\AppData\Local\Temp\cc4PeznB.s 			page 41


 1179      FADFD990 
 1179      C890A1
 1180 07c2 C1E1B6E7 		.ascii	"\301\341\266\347\232p\"/?7\026\273\014O"
 1180      9A70222F 
 1180      3F3716BB 
 1180      0C4F
 1181 07d0 96D3E6B0 		.ascii	"\226\323\346\260gd\314\267;\026\330\362\015\256\267"
 1181      6764CCB7 
 1181      3B16D8F2 
 1181      0DAEB7
 1182 07df 92522370 		.ascii	"\222R#p\236\233\261\345q\004W\260;\362\235\271\266\205"
 1182      9E9BB1E5 
 1182      710457B0 
 1182      3BF29DB9 
 1182      B685
 1183 07f1 1E39DF6D 		.ascii	"\0369\337m\016L1\327\334Y\257\374\024\011\336Ow\023"
 1183      0E4C31D7 
 1183      DC59AFFC 
 1183      1409DE4F 
 1183      7713
 1184 0803 095F5DCE 		.ascii	"\011_]\316|\256\366\223\274\235Y\216l\331\223\345B\265"
 1184      7CAEF693 
 1184      BC9D598E 
 1184      6CD993E5 
 1184      42B5
 1185 0815 E830D7B1 		.ascii	"\3500\327\261\351A\236\332\2021=\303\356\312\213\024"
 1185      E9419EDA 
 1185      82313DC3 
 1185      EECA8B14 
 1186 0825 51B89D1E 		.ascii	"Q\270\235\036\227;_\232o\317s\212\361\237\365\327B\346"
 1186      973B5F9A 
 1186      6FCF738A 
 1186      F19FF5D7 
 1186      42E6
 1187 0837 7A6B5654 		.ascii	"zkVT\246\275\320Vh\263\313\037\333\263\034\316\250L"
 1187      A6BDD056 
 1187      68B3CB1F 
 1187      DBB31CCE 
 1187      A84C
 1188 0849 4F963E32 		.ascii	"O\226>2\251\312F\341G\312sc\015\330\262\354\231\316"
 1188      A9CA46E1 
 1188      47CA7363 
 1188      0DD8B2EC 
 1188      99CE
 1189 085b 88F4828C 		.ascii	"\210\364\202\214\014\361\026\223\353\314\222\221\211"
 1189      0CF11693 
 1189      EBCC9291 
 1189      89
 1190 0868 E67A3C92 		.ascii	"\346z<\222\315\361\024:3B\322\367_I\215\214\325"
 1190      CDF1143A 
 1190      3342D2F7 
 1190      5F498D8C 
 1190      D5
 1191              		.text
 1192              		.section	.gnu.lto_.symtab.1f2b1369,"e",%progbits
 1193 0000 6D665F77 		.ascii	"mf_wordwrap\000"
 1193      6F726477 
ARM GAS  C:\Users\angio\AppData\Local\Temp\cc4PeznB.s 			page 42


 1193      72617000 
 1194 000c 00       		.ascii	"\000"
 1195 000d 00       		.ascii	"\000"
 1196 000e 00       		.ascii	"\000"
 1197 000f 00000000 		.ascii	"\000\000\000\000\000\000\000\000"
 1197      00000000 
 1198 0017 E6000000 		.ascii	"\346\000\000\000"
 1199 001b 6D665F63 		.ascii	"mf_character_width\000"
 1199      68617261 
 1199      63746572 
 1199      5F776964 
 1199      746800
 1200 002e 00       		.ascii	"\000"
 1201 002f 02       		.ascii	"\002"
 1202 0030 00       		.ascii	"\000"
 1203 0031 00000000 		.ascii	"\000\000\000\000\000\000\000\000"
 1203      00000000 
 1204 0039 F1000000 		.ascii	"\361\000\000\000"
 1205 003d 6D665F67 		.ascii	"mf_getchar\000"
 1205      65746368 
 1205      617200
 1206 0048 00       		.ascii	"\000"
 1207 0049 02       		.ascii	"\002"
 1208 004a 00       		.ascii	"\000"
 1209 004b 00000000 		.ascii	"\000\000\000\000\000\000\000\000"
 1209      00000000 
 1210 0053 F6000000 		.ascii	"\366\000\000\000"
 1211              		.text
 1212              		.section	.gnu.lto_.ext_symtab.1f2b1369,"e",%progbits
 1213 0000 01       		.ascii	"\001"
 1214 0001 01       		.ascii	"\001"
 1215 0002 00       		.ascii	"\000"
 1216 0003 01       		.ascii	"\001"
 1217 0004 00       		.ascii	"\000"
 1218 0005 01       		.ascii	"\001"
 1219 0006 00       		.ascii	"\000"
 1220              		.text
 1221              		.section	.gnu.lto_.opts,"e",%progbits
 1222 0000 272D666E 		.ascii	"'-fno-openmp' '-fno-openacc' '-fno-pie' '-fcf-prote"
 1222      6F2D6F70 
 1222      656E6D70 
 1222      2720272D 
 1222      666E6F2D 
 1223 0033 6374696F 		.ascii	"ction=none' '-g' '-mcpu=cortex-m4' '-mthumb' '-mflo"
 1223      6E3D6E6F 
 1223      6E652720 
 1223      272D6727 
 1223      20272D6D 
 1224 0066 61742D61 		.ascii	"at-abi=soft' '-mlibarch=armv7e-m' '-march=armv7e-m'"
 1224      62693D73 
 1224      6F667427 
 1224      20272D6D 
 1224      6C696261 
 1225 0099 20272D4F 		.ascii	" '-O0' '-fomit-frame-pointer' '-falign-functions=16"
 1225      30272027 
 1225      2D666F6D 
 1225      69742D66 
ARM GAS  C:\Users\angio\AppData\Local\Temp\cc4PeznB.s 			page 43


 1225      72616D65 
 1226 00cc 2720272D 		.ascii	"' '-ffunction-sections' '-fdata-sections' '-fno-com"
 1226      6666756E 
 1226      6374696F 
 1226      6E2D7365 
 1226      6374696F 
 1227 00ff 6D6F6E27 		.ascii	"mon' '-flto' '-Xassembler' '-alms=./build/lst/mf_wo"
 1227      20272D66 
 1227      6C746F27 
 1227      20272D58 
 1227      61737365 
 1228 0132 72647772 		.ascii	"rdwrap.lst'\000"
 1228      61702E6C 
 1228      73742700 
 1229              		.text
 1230              		.comm	__gnu_lto_slim,1,1
 1231              		.ident	"GCC: (GNU Arm Embedded Toolchain 10.3-2021.10) 10.3.1 20210824 (release)"
ARM GAS  C:\Users\angio\AppData\Local\Temp\cc4PeznB.s 			page 44


DEFINED SYMBOLS
                            *ABS*:00000000 mf_wordwrap.c
C:\Users\angio\AppData\Local\Temp\cc4PeznB.s:25     .gnu.debuglto_.debug_info:00000000 mf_wordwrap.c.ee3d4133
                            *COM*:00000001 __gnu_lto_slim

NO UNDEFINED SYMBOLS
