ARM GAS  C:\Users\angio\AppData\Local\Temp\ccewyIpz.s 			page 1


   1              		.cpu cortex-m4
   2              		.arch armv7e-m
   3              		.fpu softvfp
   4              		.eabi_attribute 20, 1
   5              		.eabi_attribute 21, 1
   6              		.eabi_attribute 23, 3
   7              		.eabi_attribute 24, 1
   8              		.eabi_attribute 25, 1
   9              		.eabi_attribute 26, 1
  10              		.eabi_attribute 30, 6
  11              		.eabi_attribute 34, 1
  12              		.eabi_attribute 18, 4
  13              		.file	"solver.c"
  14              		.file 1 "./rubik/solver.c"
  15              		.file 2 "./rubik/cube.h"
  16              		.section	.gnu.debuglto_.debug_info,"e",%progbits
  17              	.Ldebug_info0:
  18              		.hidden	solver.c.52498507
  19              		.weak	solver.c.52498507
  20              	solver.c.52498507:
  21 0000 57010000 		.4byte	0x157
  22 0004 0400     		.2byte	0x4
  23 0006 00000000 		.4byte	.Ldebug_abbrev0
  24 000a 04       		.byte	0x4
  25 000b 01       		.uleb128 0x1
  26 000c 7B000000 		.4byte	.LASF15
  27 0010 0C       		.byte	0xc
  28 0011 2F000000 		.4byte	.LASF16
  29 0015 B8010000 		.4byte	.LASF17
  30 0019 00000000 		.4byte	.Ldebug_line0
  31 001d 02       		.uleb128 0x2
  32 001e 01       		.byte	0x1
  33 001f 06       		.byte	0x6
  34 0020 9B010000 		.4byte	.LASF0
  35 0024 02       		.uleb128 0x2
  36 0025 01       		.byte	0x1
  37 0026 08       		.byte	0x8
  38 0027 1B000000 		.4byte	.LASF1
  39 002b 02       		.uleb128 0x2
  40 002c 02       		.byte	0x2
  41 002d 05       		.byte	0x5
  42 002e 67010000 		.4byte	.LASF2
  43 0032 02       		.uleb128 0x2
  44 0033 02       		.byte	0x2
  45 0034 07       		.byte	0x7
  46 0035 88010000 		.4byte	.LASF3
  47 0039 02       		.uleb128 0x2
  48 003a 04       		.byte	0x4
  49 003b 05       		.byte	0x5
  50 003c 5E010000 		.4byte	.LASF4
  51 0040 02       		.uleb128 0x2
  52 0041 04       		.byte	0x4
  53 0042 07       		.byte	0x7
  54 0043 52000000 		.4byte	.LASF5
  55 0047 02       		.uleb128 0x2
  56 0048 08       		.byte	0x8
  57 0049 05       		.byte	0x5
ARM GAS  C:\Users\angio\AppData\Local\Temp\ccewyIpz.s 			page 2


  58 004a 00000000 		.4byte	.LASF6
  59 004e 02       		.uleb128 0x2
  60 004f 08       		.byte	0x8
  61 0050 07       		.byte	0x7
  62 0051 64000000 		.4byte	.LASF7
  63 0055 03       		.uleb128 0x3
  64 0056 04       		.byte	0x4
  65 0057 05       		.byte	0x5
  66 0058 696E7400 		.ascii	"int\000"
  67 005c 02       		.uleb128 0x2
  68 005d 04       		.byte	0x4
  69 005e 07       		.byte	0x7
  70 005f 0E000000 		.4byte	.LASF8
  71 0063 04       		.uleb128 0x4
  72 0064 36       		.byte	0x36
  73 0065 02       		.byte	0x2
  74 0066 18       		.byte	0x18
  75 0067 09       		.byte	0x9
  76 0068 7A000000 		.4byte	0x7a
  77 006c 05       		.uleb128 0x5
  78 006d 29000000 		.4byte	.LASF18
  79 0071 02       		.byte	0x2
  80 0072 19       		.byte	0x19
  81 0073 0A       		.byte	0xa
  82 0074 7A000000 		.4byte	0x7a
  83 0078 00       		.byte	0
  84 0079 00       		.byte	0
  85 007a 06       		.uleb128 0x6
  86 007b 90000000 		.4byte	0x90
  87 007f 90000000 		.4byte	0x90
  88 0083 07       		.uleb128 0x7
  89 0084 5C000000 		.4byte	0x5c
  90 0088 05       		.byte	0x5
  91 0089 07       		.uleb128 0x7
  92 008a 5C000000 		.4byte	0x5c
  93 008e 08       		.byte	0x8
  94 008f 00       		.byte	0
  95 0090 02       		.uleb128 0x2
  96 0091 01       		.byte	0x1
  97 0092 08       		.byte	0x8
  98 0093 54010000 		.4byte	.LASF9
  99 0097 08       		.uleb128 0x8
 100 0098 90000000 		.4byte	0x90
 101 009c 09       		.uleb128 0x9
 102 009d A7010000 		.4byte	.LASF19
 103 00a1 02       		.byte	0x2
 104 00a2 1A       		.byte	0x1a
 105 00a3 03       		.byte	0x3
 106 00a4 63000000 		.4byte	0x63
 107 00a8 02       		.uleb128 0x2
 108 00a9 08       		.byte	0x8
 109 00aa 04       		.byte	0x4
 110 00ab AC010000 		.4byte	.LASF10
 111 00af 0A       		.uleb128 0xa
 112 00b0 04       		.byte	0x4
 113 00b1 97000000 		.4byte	0x97
 114 00b5 0B       		.uleb128 0xb
ARM GAS  C:\Users\angio\AppData\Local\Temp\ccewyIpz.s 			page 3


 115 00b6 40010000 		.4byte	.LASF20
 116 00ba 01       		.byte	0x1
 117 00bb 2F       		.byte	0x2f
 118 00bc 06       		.byte	0x6
 119 00bd DA000000 		.4byte	0xda
 120 00c1 0C       		.uleb128 0xc
 121 00c2 59010000 		.4byte	.LASF11
 122 00c6 01       		.byte	0x1
 123 00c7 2F       		.byte	0x2f
 124 00c8 16       		.byte	0x16
 125 00c9 DA000000 		.4byte	0xda
 126 00cd 0D       		.uleb128 0xd
 127 00ce 40000000 		.4byte	.LASF13
 128 00d2 01       		.byte	0x1
 129 00d3 33       		.byte	0x33
 130 00d4 11       		.byte	0x11
 131 00d5 AF000000 		.4byte	0xaf
 132 00d9 00       		.byte	0
 133 00da 0A       		.uleb128 0xa
 134 00db 04       		.byte	0x4
 135 00dc 9C000000 		.4byte	0x9c
 136 00e0 0E       		.uleb128 0xe
 137 00e1 7A010000 		.4byte	.LASF21
 138 00e5 01       		.byte	0x1
 139 00e6 19       		.byte	0x19
 140 00e7 0D       		.byte	0xd
 141 00e8 29010000 		.4byte	0x129
 142 00ec 0C       		.uleb128 0xc
 143 00ed 59010000 		.4byte	.LASF11
 144 00f1 01       		.byte	0x1
 145 00f2 19       		.byte	0x19
 146 00f3 21       		.byte	0x21
 147 00f4 DA000000 		.4byte	0xda
 148 00f8 0C       		.uleb128 0xc
 149 00f9 71010000 		.4byte	.LASF12
 150 00fd 01       		.byte	0x1
 151 00fe 19       		.byte	0x19
 152 00ff 33       		.byte	0x33
 153 0100 AF000000 		.4byte	0xaf
 154 0104 0D       		.uleb128 0xd
 155 0105 EE010000 		.4byte	.LASF14
 156 0109 01       		.byte	0x1
 157 010a 1A       		.byte	0x1a
 158 010b 0A       		.byte	0xa
 159 010c 29010000 		.4byte	0x129
 160 0110 0F       		.uleb128 0xf
 161 0111 69647800 		.ascii	"idx\000"
 162 0115 01       		.byte	0x1
 163 0116 1B       		.byte	0x1b
 164 0117 09       		.byte	0x9
 165 0118 55000000 		.4byte	0x55
 166 011c 10       		.uleb128 0x10
 167 011d 0F       		.uleb128 0xf
 168 011e 6900     		.ascii	"i\000"
 169 0120 01       		.byte	0x1
 170 0121 1D       		.byte	0x1d
 171 0122 0E       		.byte	0xe
ARM GAS  C:\Users\angio\AppData\Local\Temp\ccewyIpz.s 			page 4


 172 0123 55000000 		.4byte	0x55
 173 0127 00       		.byte	0
 174 0128 00       		.byte	0
 175 0129 06       		.uleb128 0x6
 176 012a 90000000 		.4byte	0x90
 177 012e 39010000 		.4byte	0x139
 178 0132 07       		.uleb128 0x7
 179 0133 5C000000 		.4byte	0x5c
 180 0137 03       		.byte	0x3
 181 0138 00       		.byte	0
 182 0139 11       		.uleb128 0x11
 183 013a 4A010000 		.4byte	.LASF22
 184 013e 01       		.byte	0x1
 185 013f 04       		.byte	0x4
 186 0140 0D       		.byte	0xd
 187 0141 0C       		.uleb128 0xc
 188 0142 59010000 		.4byte	.LASF11
 189 0146 01       		.byte	0x1
 190 0147 04       		.byte	0x4
 191 0148 1D       		.byte	0x1d
 192 0149 DA000000 		.4byte	0xda
 193 014d 0C       		.uleb128 0xc
 194 014e EE010000 		.4byte	.LASF14
 195 0152 01       		.byte	0x1
 196 0153 04       		.byte	0x4
 197 0154 2F       		.byte	0x2f
 198 0155 AF000000 		.4byte	0xaf
 199 0159 00       		.byte	0
 200 015a 00       		.byte	0
 201              		.section	.gnu.debuglto_.debug_abbrev,"e",%progbits
 202              	.Ldebug_abbrev0:
 203 0000 01       		.uleb128 0x1
 204 0001 11       		.uleb128 0x11
 205 0002 01       		.byte	0x1
 206 0003 25       		.uleb128 0x25
 207 0004 0E       		.uleb128 0xe
 208 0005 13       		.uleb128 0x13
 209 0006 0B       		.uleb128 0xb
 210 0007 03       		.uleb128 0x3
 211 0008 0E       		.uleb128 0xe
 212 0009 1B       		.uleb128 0x1b
 213 000a 0E       		.uleb128 0xe
 214 000b 10       		.uleb128 0x10
 215 000c 17       		.uleb128 0x17
 216 000d 00       		.byte	0
 217 000e 00       		.byte	0
 218 000f 02       		.uleb128 0x2
 219 0010 24       		.uleb128 0x24
 220 0011 00       		.byte	0
 221 0012 0B       		.uleb128 0xb
 222 0013 0B       		.uleb128 0xb
 223 0014 3E       		.uleb128 0x3e
 224 0015 0B       		.uleb128 0xb
 225 0016 03       		.uleb128 0x3
 226 0017 0E       		.uleb128 0xe
 227 0018 00       		.byte	0
 228 0019 00       		.byte	0
ARM GAS  C:\Users\angio\AppData\Local\Temp\ccewyIpz.s 			page 5


 229 001a 03       		.uleb128 0x3
 230 001b 24       		.uleb128 0x24
 231 001c 00       		.byte	0
 232 001d 0B       		.uleb128 0xb
 233 001e 0B       		.uleb128 0xb
 234 001f 3E       		.uleb128 0x3e
 235 0020 0B       		.uleb128 0xb
 236 0021 03       		.uleb128 0x3
 237 0022 08       		.uleb128 0x8
 238 0023 00       		.byte	0
 239 0024 00       		.byte	0
 240 0025 04       		.uleb128 0x4
 241 0026 13       		.uleb128 0x13
 242 0027 01       		.byte	0x1
 243 0028 0B       		.uleb128 0xb
 244 0029 0B       		.uleb128 0xb
 245 002a 3A       		.uleb128 0x3a
 246 002b 0B       		.uleb128 0xb
 247 002c 3B       		.uleb128 0x3b
 248 002d 0B       		.uleb128 0xb
 249 002e 39       		.uleb128 0x39
 250 002f 0B       		.uleb128 0xb
 251 0030 01       		.uleb128 0x1
 252 0031 13       		.uleb128 0x13
 253 0032 00       		.byte	0
 254 0033 00       		.byte	0
 255 0034 05       		.uleb128 0x5
 256 0035 0D       		.uleb128 0xd
 257 0036 00       		.byte	0
 258 0037 03       		.uleb128 0x3
 259 0038 0E       		.uleb128 0xe
 260 0039 3A       		.uleb128 0x3a
 261 003a 0B       		.uleb128 0xb
 262 003b 3B       		.uleb128 0x3b
 263 003c 0B       		.uleb128 0xb
 264 003d 39       		.uleb128 0x39
 265 003e 0B       		.uleb128 0xb
 266 003f 49       		.uleb128 0x49
 267 0040 13       		.uleb128 0x13
 268 0041 38       		.uleb128 0x38
 269 0042 0B       		.uleb128 0xb
 270 0043 00       		.byte	0
 271 0044 00       		.byte	0
 272 0045 06       		.uleb128 0x6
 273 0046 01       		.uleb128 0x1
 274 0047 01       		.byte	0x1
 275 0048 49       		.uleb128 0x49
 276 0049 13       		.uleb128 0x13
 277 004a 01       		.uleb128 0x1
 278 004b 13       		.uleb128 0x13
 279 004c 00       		.byte	0
 280 004d 00       		.byte	0
 281 004e 07       		.uleb128 0x7
 282 004f 21       		.uleb128 0x21
 283 0050 00       		.byte	0
 284 0051 49       		.uleb128 0x49
 285 0052 13       		.uleb128 0x13
ARM GAS  C:\Users\angio\AppData\Local\Temp\ccewyIpz.s 			page 6


 286 0053 2F       		.uleb128 0x2f
 287 0054 0B       		.uleb128 0xb
 288 0055 00       		.byte	0
 289 0056 00       		.byte	0
 290 0057 08       		.uleb128 0x8
 291 0058 26       		.uleb128 0x26
 292 0059 00       		.byte	0
 293 005a 49       		.uleb128 0x49
 294 005b 13       		.uleb128 0x13
 295 005c 00       		.byte	0
 296 005d 00       		.byte	0
 297 005e 09       		.uleb128 0x9
 298 005f 16       		.uleb128 0x16
 299 0060 00       		.byte	0
 300 0061 03       		.uleb128 0x3
 301 0062 0E       		.uleb128 0xe
 302 0063 3A       		.uleb128 0x3a
 303 0064 0B       		.uleb128 0xb
 304 0065 3B       		.uleb128 0x3b
 305 0066 0B       		.uleb128 0xb
 306 0067 39       		.uleb128 0x39
 307 0068 0B       		.uleb128 0xb
 308 0069 49       		.uleb128 0x49
 309 006a 13       		.uleb128 0x13
 310 006b 00       		.byte	0
 311 006c 00       		.byte	0
 312 006d 0A       		.uleb128 0xa
 313 006e 0F       		.uleb128 0xf
 314 006f 00       		.byte	0
 315 0070 0B       		.uleb128 0xb
 316 0071 0B       		.uleb128 0xb
 317 0072 49       		.uleb128 0x49
 318 0073 13       		.uleb128 0x13
 319 0074 00       		.byte	0
 320 0075 00       		.byte	0
 321 0076 0B       		.uleb128 0xb
 322 0077 2E       		.uleb128 0x2e
 323 0078 01       		.byte	0x1
 324 0079 3F       		.uleb128 0x3f
 325 007a 19       		.uleb128 0x19
 326 007b 03       		.uleb128 0x3
 327 007c 0E       		.uleb128 0xe
 328 007d 3A       		.uleb128 0x3a
 329 007e 0B       		.uleb128 0xb
 330 007f 3B       		.uleb128 0x3b
 331 0080 0B       		.uleb128 0xb
 332 0081 39       		.uleb128 0x39
 333 0082 0B       		.uleb128 0xb
 334 0083 27       		.uleb128 0x27
 335 0084 19       		.uleb128 0x19
 336 0085 01       		.uleb128 0x1
 337 0086 13       		.uleb128 0x13
 338 0087 00       		.byte	0
 339 0088 00       		.byte	0
 340 0089 0C       		.uleb128 0xc
 341 008a 05       		.uleb128 0x5
 342 008b 00       		.byte	0
ARM GAS  C:\Users\angio\AppData\Local\Temp\ccewyIpz.s 			page 7


 343 008c 03       		.uleb128 0x3
 344 008d 0E       		.uleb128 0xe
 345 008e 3A       		.uleb128 0x3a
 346 008f 0B       		.uleb128 0xb
 347 0090 3B       		.uleb128 0x3b
 348 0091 0B       		.uleb128 0xb
 349 0092 39       		.uleb128 0x39
 350 0093 0B       		.uleb128 0xb
 351 0094 49       		.uleb128 0x49
 352 0095 13       		.uleb128 0x13
 353 0096 00       		.byte	0
 354 0097 00       		.byte	0
 355 0098 0D       		.uleb128 0xd
 356 0099 34       		.uleb128 0x34
 357 009a 00       		.byte	0
 358 009b 03       		.uleb128 0x3
 359 009c 0E       		.uleb128 0xe
 360 009d 3A       		.uleb128 0x3a
 361 009e 0B       		.uleb128 0xb
 362 009f 3B       		.uleb128 0x3b
 363 00a0 0B       		.uleb128 0xb
 364 00a1 39       		.uleb128 0x39
 365 00a2 0B       		.uleb128 0xb
 366 00a3 49       		.uleb128 0x49
 367 00a4 13       		.uleb128 0x13
 368 00a5 00       		.byte	0
 369 00a6 00       		.byte	0
 370 00a7 0E       		.uleb128 0xe
 371 00a8 2E       		.uleb128 0x2e
 372 00a9 01       		.byte	0x1
 373 00aa 03       		.uleb128 0x3
 374 00ab 0E       		.uleb128 0xe
 375 00ac 3A       		.uleb128 0x3a
 376 00ad 0B       		.uleb128 0xb
 377 00ae 3B       		.uleb128 0x3b
 378 00af 0B       		.uleb128 0xb
 379 00b0 39       		.uleb128 0x39
 380 00b1 0B       		.uleb128 0xb
 381 00b2 27       		.uleb128 0x27
 382 00b3 19       		.uleb128 0x19
 383 00b4 01       		.uleb128 0x1
 384 00b5 13       		.uleb128 0x13
 385 00b6 00       		.byte	0
 386 00b7 00       		.byte	0
 387 00b8 0F       		.uleb128 0xf
 388 00b9 34       		.uleb128 0x34
 389 00ba 00       		.byte	0
 390 00bb 03       		.uleb128 0x3
 391 00bc 08       		.uleb128 0x8
 392 00bd 3A       		.uleb128 0x3a
 393 00be 0B       		.uleb128 0xb
 394 00bf 3B       		.uleb128 0x3b
 395 00c0 0B       		.uleb128 0xb
 396 00c1 39       		.uleb128 0x39
 397 00c2 0B       		.uleb128 0xb
 398 00c3 49       		.uleb128 0x49
 399 00c4 13       		.uleb128 0x13
ARM GAS  C:\Users\angio\AppData\Local\Temp\ccewyIpz.s 			page 8


 400 00c5 00       		.byte	0
 401 00c6 00       		.byte	0
 402 00c7 10       		.uleb128 0x10
 403 00c8 0B       		.uleb128 0xb
 404 00c9 01       		.byte	0x1
 405 00ca 00       		.byte	0
 406 00cb 00       		.byte	0
 407 00cc 11       		.uleb128 0x11
 408 00cd 2E       		.uleb128 0x2e
 409 00ce 01       		.byte	0x1
 410 00cf 03       		.uleb128 0x3
 411 00d0 0E       		.uleb128 0xe
 412 00d1 3A       		.uleb128 0x3a
 413 00d2 0B       		.uleb128 0xb
 414 00d3 3B       		.uleb128 0x3b
 415 00d4 0B       		.uleb128 0xb
 416 00d5 39       		.uleb128 0x39
 417 00d6 0B       		.uleb128 0xb
 418 00d7 27       		.uleb128 0x27
 419 00d8 19       		.uleb128 0x19
 420 00d9 00       		.byte	0
 421 00da 00       		.byte	0
 422 00db 00       		.byte	0
 423              		.section	.gnu.debuglto_.debug_line,"e",%progbits
 424              	.Ldebug_line0:
 425 0000 36000000 		.4byte	.LELT0-.LSLT0
 426              	.LSLT0:
 427 0004 0400     		.2byte	0x4
 428 0006 30000000 		.4byte	.LELTP0-.LASLTP0
 429              	.LASLTP0:
 430 000a 01       		.byte	0x1
 431 000b 01       		.byte	0x1
 432 000c 01       		.byte	0x1
 433 000d F6       		.byte	0xf6
 434 000e F2       		.byte	0xf2
 435 000f 0D       		.byte	0xd
 436 0010 00       		.byte	0
 437 0011 01       		.byte	0x1
 438 0012 01       		.byte	0x1
 439 0013 01       		.byte	0x1
 440 0014 01       		.byte	0x1
 441 0015 00       		.byte	0
 442 0016 00       		.byte	0
 443 0017 00       		.byte	0
 444 0018 01       		.byte	0x1
 445 0019 00       		.byte	0
 446 001a 00       		.byte	0
 447 001b 01       		.byte	0x1
 448 001c 72756269 		.ascii	"rubik"
 448      6B
 449 0021 00       		.byte	0
 450 0022 00       		.byte	0
 451 0023 736F6C76 		.ascii	"solver.c\000"
 451      65722E63 
 451      00
 452 002c 01       		.uleb128 0x1
 453 002d 00       		.uleb128 0
ARM GAS  C:\Users\angio\AppData\Local\Temp\ccewyIpz.s 			page 9


 454 002e 00       		.uleb128 0
 455 002f 63756265 		.ascii	"cube.h\000"
 455      2E6800
 456 0036 01       		.uleb128 0x1
 457 0037 00       		.uleb128 0
 458 0038 00       		.uleb128 0
 459 0039 00       		.byte	0
 460              	.LELTP0:
 461              	.LELT0:
 462              		.section	.gnu.debuglto_.debug_str,"eMS",%progbits,1
 463              	.LASF6:
 464 0000 6C6F6E67 		.ascii	"long long int\000"
 464      206C6F6E 
 464      6720696E 
 464      7400
 465              	.LASF8:
 466 000e 756E7369 		.ascii	"unsigned int\000"
 466      676E6564 
 466      20696E74 
 466      00
 467              	.LASF1:
 468 001b 756E7369 		.ascii	"unsigned char\000"
 468      676E6564 
 468      20636861 
 468      7200
 469              	.LASF18:
 470 0029 66616365 		.ascii	"faces\000"
 470      7300
 471              	.LASF16:
 472 002f 2E2F7275 		.ascii	"./rubik/solver.c\000"
 472      62696B2F 
 472      736F6C76 
 472      65722E63 
 472      00
 473              	.LASF13:
 474 0040 736F6C75 		.ascii	"solution_sequence\000"
 474      74696F6E 
 474      5F736571 
 474      75656E63 
 474      6500
 475              	.LASF5:
 476 0052 6C6F6E67 		.ascii	"long unsigned int\000"
 476      20756E73 
 476      69676E65 
 476      6420696E 
 476      7400
 477              	.LASF7:
 478 0064 6C6F6E67 		.ascii	"long long unsigned int\000"
 478      206C6F6E 
 478      6720756E 
 478      7369676E 
 478      65642069 
 479              	.LASF15:
 480 007b 474E5520 		.ascii	"GNU C17 10.3.1 20210824 (release) -mcpu=cortex-m4 -"
 480      43313720 
 480      31302E33 
 480      2E312032 
ARM GAS  C:\Users\angio\AppData\Local\Temp\ccewyIpz.s 			page 10


 480      30323130 
 481 00ae 6D746875 		.ascii	"mthumb -mfloat-abi=soft -march=armv7e-m -ggdb -O0 -"
 481      6D62202D 
 481      6D666C6F 
 481      61742D61 
 481      62693D73 
 482 00e1 666F6D69 		.ascii	"fomit-frame-pointer -falign-functions=16 -ffunction"
 482      742D6672 
 482      616D652D 
 482      706F696E 
 482      74657220 
 483 0114 2D736563 		.ascii	"-sections -fdata-sections -fno-common -flto\000"
 483      74696F6E 
 483      73202D66 
 483      64617461 
 483      2D736563 
 484              	.LASF20:
 485 0140 736F6C76 		.ascii	"solveCube\000"
 485      65437562 
 485      6500
 486              	.LASF22:
 487 014a 6170706C 		.ascii	"applyMove\000"
 487      794D6F76 
 487      6500
 488              	.LASF9:
 489 0154 63686172 		.ascii	"char\000"
 489      00
 490              	.LASF11:
 491 0159 63756265 		.ascii	"cube\000"
 491      00
 492              	.LASF4:
 493 015e 6C6F6E67 		.ascii	"long int\000"
 493      20696E74 
 493      00
 494              	.LASF2:
 495 0167 73686F72 		.ascii	"short int\000"
 495      7420696E 
 495      7400
 496              	.LASF12:
 497 0171 73657175 		.ascii	"sequence\000"
 497      656E6365 
 497      00
 498              	.LASF21:
 499 017a 6170706C 		.ascii	"applySequence\000"
 499      79536571 
 499      75656E63 
 499      6500
 500              	.LASF3:
 501 0188 73686F72 		.ascii	"short unsigned int\000"
 501      7420756E 
 501      7369676E 
 501      65642069 
 501      6E7400
 502              	.LASF0:
 503 019b 7369676E 		.ascii	"signed char\000"
 503      65642063 
 503      68617200 
ARM GAS  C:\Users\angio\AppData\Local\Temp\ccewyIpz.s 			page 11


 504              	.LASF19:
 505 01a7 43756265 		.ascii	"Cube\000"
 505      00
 506              	.LASF10:
 507 01ac 6C6F6E67 		.ascii	"long double\000"
 507      20646F75 
 507      626C6500 
 508              	.LASF17:
 509 01b8 433A5C43 		.ascii	"C:\\ChibiStudio\\workspace_user\\RT-STM32G474RE-NUC"
 509      68696269 
 509      53747564 
 509      696F5C77 
 509      6F726B73 
 510 01e8 4C454F36 		.ascii	"LEO64\000"
 510      3400
 511              	.LASF14:
 512 01ee 6D6F7665 		.ascii	"move\000"
 512      00
 513              		.text
 514              		.section	.gnu.lto_.inline.1f2b5d47,"e",%progbits
 515 0000 789C9364 		.ascii	"x\234\223db\200\003f\006\206\355\214\015\015\0153\230"
 515      62800366 
 515      0686ED8C 
 515      0D0D0D33 
 515      98
 516 0011 72181898 		.ascii	"r\030\030\230\274\200\254\015L\031\014\014,\014\215"
 516      BC80AC0D 
 516      4C190C0C 
 516      2C0C8D
 517 0020 40661D13 		.ascii	"@f\035\023\003H)3\017\220`\232\340\207`\260\360\222"
 517      03482933 
 517      0F90609A 
 517      E08760B0 
 517      F092
 518 0032 2332AA9D 		.ascii	"#2\252\235T\355\214\014\212\300h\230\300\014\214\021"
 518      54ED8C0C 
 518      8AC06898 
 518      C00C8C11 
 519 0042 2623206B 		.ascii	"&# k\001s:\356\270a\2040\230\030\004\301*Az\330\200"
 519      01733AEE 
 519      B8618430 
 519      981804C1 
 519      2A417AD8 
 520 0057 AC06A654 		.ascii	"\254\006\246T\202\361\011f0N\360\203\011\000\205\000"
 520      82F10966 
 520      304EF083 
 520      09008500 
 521 0067 7B974612 		.ascii	"{\227F\022"
 522              		.text
 523              		.section	.gnu.lto_.jmpfuncs.1f2b5d47,"e",%progbits
 524 0000 789C6362 		.ascii	"x\234cb@\006\000\000*\000\003"
 524      40060000 
 524      2A0003
 525              		.text
 526              		.section	.gnu.lto_.lto.1f2b5d47,"e",%progbits
 527 0000 09000400 		.ascii	"\011\000\004\000\001\000\000\000"
 527      01000000 
ARM GAS  C:\Users\angio\AppData\Local\Temp\ccewyIpz.s 			page 12


 528              		.text
 529              		.section	.gnu.lto_applyMove.0.1f2b5d47,"e",%progbits
 530 0000 789C7D92 		.ascii	"x\234}\222ih\\U\024\307\357\271\367-\263o\331\367LV"
 530      69685C55 
 530      14C7EFB9 
 530      F72DB36F 
 530      D9F74C56 
 531 0014 AC349198 		.ascii	"\2544\221\230\266\352\307$\215\037\214Z\322\346[@L\014"
 531      B6EAC724 
 531      8D1F8C5A 
 531      D2E65B40 
 531      4C0C
 532 0026 34448924 		.ascii	"4D\211$&\212\037\314kM\".\220\245\202K\333D\206\261"
 532      268A1FCC 
 532      6B4D222E 
 532      90A5824B 
 532      DB4486B1 
 533 003a 58AB062D 		.ascii	"X\253\006-\265Icl\213\010ZM\324\252\004)\222\"\"\025"
 533      B549636C 
 533      8B085A4D 
 533      D4AA0429 
 533      92222215 
 534 004e 1454102C 		.ascii	"\024T\020,\250\361\334I\356{\355y\316\033\2303\347\275"
 534      A8F1DC49 
 534      EE7BED79 
 534      CE1B9833 
 534      E7BD
 535 0060 DF9DF73B 		.ascii	"\337\235\367;s\376\263\036`\354$cl\230c\251g0;\363\034"
 535      73FEB31E 
 535      60EC2463 
 535      6C9863A9 
 535      67303BF3 
 536 0075 679B9B9B 		.ascii	"g\233\233\233c\032\347O\317<\317a\0312W\3433\221\314"
 536      631AE74F 
 536      CF3CCF61 
 536      193257E3 
 536      3391CC
 537 0088 A780B5D9 		.ascii	"\247\200\265\331\324\326-\215O\314\0043\335\3446\324"
 537      D4D62D8D 
 537      4FCC0433 
 537      DDE436D4 
 538 0098 1D68F067 		.ascii	"\035h\360g\266\341\313\323?l\3352\035\352\343\257L\277"
 538      B6E1CBD3 
 538      3F6CDD32 
 538      1DEAE3AF 
 538      4CBF
 539 00aa B7D5BEAA 		.ascii	"\267\325\276\252\260\337\301\001~T\341c\012\007\035"
 539      B0DFC101 
 539      7E54E163 
 539      0A071D
 540 00b9 1CE2C715 		.ascii	"\034\342\307\025\236S8\354\340\010\237W\370\015\205"
 540      9E5338EC 
 540      E0089F57 
 540      F80D85
 541 00c8 A30E8EF1 		.ascii	"\243\016\216\361\223\012\277\251p\334\301\011~J\341"
 541      930ABFA9 
 541      70DCC109 
ARM GAS  C:\Users\angio\AppData\Local\Temp\ccewyIpz.s 			page 13


 541      7E4AE1
 542 00d7 B714CE71 		.ascii	"\267\024\316qp.\177[\341w\024\316sp>_PxQ\341\002\007"
 542      702E7F5B 
 542      E17714CE 
 542      73703E5F 
 542      507851E1 
 543 00ed 17F22585 		.ascii	"\027\362%\205\317)\\\344\340b\276\254\360\007\012\227"
 543      CF295CE4 
 543      E062BEAC 
 543      F0070A97 
 544 00fd 38B894AF 		.ascii	"8\270\224\257(\374\241\302e\016.\347\347\025\376D\341"
 544      28FCA1C2 
 544      650E2EE7 
 544      E715FE44 
 544      E1
 545 010e 0A0757F2 		.ascii	"\012\007W\362O\025\276\244p\322\301U\3743\205?W\270"
 545      4F15BEA4 
 545      70D2C155 
 545      FC33853F 
 545      57B8
 546 0120 DAC1357C 		.ascii	"\332\3015|U\3415\205k%Nn\375[\352\340P\215\372\257\000"
 546      55E13585 
 546      6B254E6E 
 546      FD5BEAE0 
 546      508DFAAF 
 547 0135 1BE342D3 		.ascii	"\033\343B\323\015\323\347\017\004C\341H4\026O\344\344"
 547      0DD3E70F 
 547      0443E148 
 547      34164FE4 
 547      E4
 548 0146 E6E51714 		.ascii	"\346\345\027\024\026\025\227\224\226\225WT&\253\252"
 548      16159794 
 548      96955754 
 548      26ABAA
 549 0155 6B6AEB60 		.ascii	"kj\353`\014\216\210[,\313\372\353\365\271o\304DaZ06"
 549      0C8E885B 
 549      2CCBFAEB 
 549      F5B96FC4 
 549      44615A30 
 550 016a 87EFCCEB 		.ascii	"\207\357\314\353\230\200Y\221\026\000\332v\307\241\022"
 550      98805991 
 550      1600DA76 
 550      C7A112
 551 0179 3B710FAB 		.ascii	";q\017\253\277`Y_\256,Z\226\237\245\205\200\263\200"
 551      BF60595F 
 551      AE2C5A96 
 551      9FA58580 
 551      B380
 552 018b DF81F701 		.ascii	"\337\201\367\001\316\000\2237\366]\344\362\\\357\326"
 552      CE009337 
 552      F65DE4F2 
 552      5CEFD6
 553 019a B98DED73 		.ascii	"\271\215\355s\032,\335|N\333\267\212\177yC\031\361\036"
 553      1A2CDD7C 
 553      4EDBB78A 
 553      7F794319 
 553      F11E
ARM GAS  C:\Users\angio\AppData\Local\Temp\ccewyIpz.s 			page 14


 554 01ac 5BB8AC5F 		.ascii	"[\270\254_\260\376\336\234\262\254_\177\202\005\336"
 554      B0FEDE9C 
 554      B2AC5F7F 
 554      8205DE
 555 01bb 08784CE7 		.ascii	"\010xL\347\262\010Y4YtY\014YLY|\262\310\347\353\001"
 555      B2085934 
 555      5974590C 
 555      594C597C 
 555      B2C8E7EB 
 556 01d0 5982B284 		.ascii	"Y\202\262\204d\011\313\022\221%*KL\226\270,\011Y\362"
 556      6409CB12 
 556      91252A4B 
 556      4C96B82C 
 556      0959F2
 557 01e3 00CE413E 		.ascii	"\000\316A>\300\"j\247\204\334`\346U\201\227\323\202"
 557      C0226AA7 
 557      84DC60E6 
 557      558197D3 
 557      82
 558 01f4 3B97C07E 		.ascii	";\227\300~\203\211\253\247\214\224\200q\340ia\314\011"
 558      8389ABA7 
 558      8C948071 
 558      E06961CC 
 558      09
 559 0205 3C921279 		.ascii	"<\222\022y\370\013\223\007'}ia\216\303\244ea\343\203"
 559      F80B9307 
 559      277D6961 
 559      8EC3A465 
 559      61E383
 560 0218 15C000D2 		.ascii	"\025\300\000\322\302\317~\206\361k\037\365\340w`Gf\225"
 560      C2CF7E86 
 560      F16B1FF5 
 560      E0776047 
 560      6695
 561 022a D342DCF0 		.ascii	"\323B\334\360H\300G\276v\004X\346\201\2019\301\345\003"
 561      48C047BE 
 561      760458E6 
 561      818139C1 
 561      E503
 562 023c F3E1D6B4 		.ascii	"\363\341\326\264\010f\316jT\277j\246\004w\353\007\244"
 562      0866CE6A 
 562      54BF6AA6 
 562      0477EB07 
 562      A4
 563 024d 3EA4F461 		.ascii	">\244\364a\270x\223~\024\277c\353u\252\237w\351w(\275"
 563      B878937E 
 563      14BF63EB 
 563      75AA9F77 
 563      E97728BD 
 564 0261 41F55FA0 		.ascii	"A\365_\240^\270\365\203D\3771\325\013[oR\375\351\377"
 564      5EB8F583 
 564      44FF31D5 
 564      0B5B6F52 
 564      FDE9FF
 565 0274 FFF5125D 		.ascii	"\377\365\022]\317\276\030\037\235\354\335'RBsO6Lr\271"
 565      CFBE181F 
 565      9DECDD27 
ARM GAS  C:\Users\angio\AppData\Local\Temp\ccewyIpz.s 			page 15


 565      5242734F 
 565      364C72B9 
 566 0288 4427D3EC 		.ascii	"D'\323\354\311\374t\262\343\216^\020}\200\352O\243^"
 566      C9FC74B2 
 566      E38E5E10 
 566      7D80EA4F 
 566      A35E
 567 029a 77EB47C9 		.ascii	"w\353G\311b\326\250^\267\365A\217\\\004\311%D\365gP"
 567      62D6A85E 
 567      B7F5418F 
 567      5C04C925 
 567      44F56750 
 568 02ae 6FB8F54F 		.ascii	"o\270\365O\022\375e\2527l}\330#\027Ar\331\314\276\230"
 568      12FD65AA 
 568      376C7DD8 
 568      23174172 
 568      D9CCBE98 
 569 02c2 089DEC2C 		.ascii	"\010\235\354,Nf\272'{\212\344\262N'3\355\311\242\036"
 569      4E66BA27 
 569      7B8AE4B2 
 569      4E2733ED 
 569      C9A21E
 570 02d5 B968441F 		.ascii	"\271hD\037\243\372%\324\373\334\372C@6s\205\372}\266"
 570      A3FA25D4 
 570      FBDCFA43 
 570      40367385 
 570      FA7DB6
 571 02e8 3FEE118C 		.ascii	"?\356\021\214F\202IP\3772\372\375n\377\004\365oP\277"
 571      46824950 
 571      FF32FAFD 
 571      6EFF04F5 
 571      6F50BF
 572 02fb DFF6E778 		.ascii	"\337\366\347x$\243eO\206\256&\227\216\266\202\243\005"
 572      24A3654F 
 572      86AE2697 
 572      8EB682A3 
 572      05
 573 030c DCA33D0B 		.ascii	"\334\243=\013$\232\037\351h\001{\264<\217ht\342\317"
 573      249A1FE9 
 573      68017BB4 
 573      3C8F6874 
 573      E2CF
 574 031e A7FEF3E8 		.ascii	"\247\376\363\350\017\272\375/\320\325\\\243\376\240"
 574      0FBAFD2F 
 574      D0D55CA3 
 574      FEA0
 575 032c ED2FF088 		.ascii	"\355/\360\210F'\321\024R\377W\350\017\271\375\323\324"
 575      4627D114 
 575      52FF57E8 
 575      0FB9FDD3 
 575      D4
 576 033d FF0BF587 		.ascii	"\377\013\365\207l\177\221G4:\211\346\237\354\253)\246"
 576      6C7F9147 
 576      343A89E6 
 576      9FECAB29 
 576      A6
 577 034e A37D8DA3 		.ascii	"\243}\215\243\205\335\243\275H\243\371\235\216\026\266"
ARM GAS  C:\Users\angio\AppData\Local\Temp\ccewyIpz.s 			page 16


 577      85DDA3BD 
 577      48A3F99D 
 577      8E16B6
 578 035d 472BF188 		.ascii	"G+\361\210\306 \376R\352\377\026\375\021\267\377%\272"
 578      C620FE52 
 578      EAFF16FD 
 578      11B7FF25 
 578      BA
 579 036e 9A3FA93F 		.ascii	"\232?\251?b\373\313<\2421H4\345\324\277\216\376\250"
 579      62FBCB3C 
 579      A2314834 
 579      E5D4BF8E 
 579      FEA8
 580 0380 DB7F94FA 		.ascii	"\333\177\224\372\257S\177\324\366WxDcd\217\206\256\246"
 580      AF537FD4 
 580      F6577844 
 580      63648F86 
 580      AEA6
 581 0392 928EF61D 		.ascii	"\222\216\366\035\216\026s\2176O\243\371\227\216\026"
 581      8E16738F 
 581      364FA3F9 
 581      978E16
 582 03a1 B3474B7A 		.ascii	"\263GKzDc\022\177\025\365_A\177\334\355O\321\325\034"
 582      4463127F 
 582      15F55F41 
 582      7FDCED4F 
 582      D1D51C
 583 03b4 E6C41FB7 		.ascii	"\346\304\037\267\375\325\036\321\230$\232\032\352\377"
 583      FDD51ED1 
 583      98249A1A 
 583      EAFF
 584 03c2 1EFD09B7 		.ascii	"\036\375\011\267\377\004\365OR\177\302\366\327zDcf\217"
 584      FF04F54F 
 584      527FC2F6 
 584      D77A4463 
 584      668F
 585 03d4 86AEA6EE 		.ascii	"\206\256\246\356\306\321\376\200\303W7\264\214`J\200"
 585      C6D1FE80 
 585      C35737B4 
 585      8C604A80 
 586 03e4 43E48DDD 		.ascii	"C\344\215\335\255wu\267\036\354\357\351\337\377\330"
 586      AD7775B7 
 586      1EECEFE9 
 586      DFFFD8
 587 03f3 C843FD83 		.ascii	"\310C\375\203\335\217\017\016\015\014?\372`o\337\003"
 587      DD8F0F0E 
 587      0D0C3FFA 
 587      606FDF03 
 588 0403 23C37D43 		.ascii	"#\303}C\335\235\007v\356?p\357\355Mw7\357i\356\334\273"
 588      DD9D0776 
 588      EE3F70EF 
 588      ED4D7737 
 588      EF69EEDC 
 589 0418 F3BEAED6 		.ascii	"\363\276\256\326\216\275\367\357nf\361\206\306\241\221"
 589      8EBDF7EF 
 589      6E66F186 
 589      C6A191
ARM GAS  C:\Users\angio\AppData\Local\Temp\ccewyIpz.s 			page 17


 590 0427 9EFE81C6 		.ascii	"\236\376\201\306\341\301\207G\373\206\032z\231\326;"
 590      E1C18747 
 590      FB861A7A 
 590      99D63B
 591 0436 D2D39750 		.ascii	"\322\323\227P\227\015\273\232\232\357\274c\327m{\230"
 591      970DBB9A 
 591      9AEFBC63 
 591      D76D7B98 
 592 0446 F6C8E068 		.ascii	"\366\310\340h\037\357b\242\253\036\337M\214\2673\321"
 592      1FEF62A2 
 592      AB1EDF4D 
 592      8CB733D1 
 593 0456 8E6D3BB6 		.ascii	"\216m;\266\235Ltb\333\211m\013\023-\330\266`\333\301"
 593      9D4C7462 
 593      DB896D0B 
 593      132DD8B6 
 593      60DBC1
 594 0469 4407B61D 		.ascii	"D\007\266\035\330\2661\321\206m[\023\373\017\354Q\335"
 594      D8B631D1 
 594      866D5B13 
 594      FB0FEC51 
 594      DD
 595 047a 64       		.ascii	"d"
 596              		.text
 597              		.section	.gnu.lto_applySequence.1.1f2b5d47,"e",%progbits
 598 0000 789C6D53 		.ascii	"x\234mS]l\024U\024>\347\236\231\235\331\235v\033T\012"
 598      5D6C1455 
 598      143EE79E 
 598      999DD99D 
 598      761B540A 
 599 0014 5A13BB44 		.ascii	"Z\023\273DB\304\2645\265\200\345\265A\036\374k\000\337"
 599      42C4B435 
 599      B580E5B5 
 599      411EFC6B 
 599      00DF
 600 0026 9A18BB4C 		.ascii	"\232\030\273L\342\006\264u\353\202>u\204\005\022x\350"
 600      E206B475 
 600      EB823E75 
 600      84051278 
 600      E8
 601 0037 6E4DB44A 		.ascii	"nM\264J\273&\223E\364AM*J\177\241\264&\340\203\221\330"
 601      BB269345 
 601      F4414D2A 
 601      4A7FA1B4 
 601      26E08391 
 602 004c 449F24C4 		.ascii	"D\237$\304\027\333h\244\366\305\332\020\3539wf\313t"
 602      17DB68A4 
 602      F6C5DA10 
 602      EB397766 
 602      CB74
 603 005e 6592BD7B 		.ascii	"e\222\275{\376\276{\276\363s\0374\001\336\001\200\353"
 603      FEBE7BBE 
 603      F3731F34 
 603      01DE0180 
 603      EB
 604 006f FC831AC0 		.ascii	"\374\203\032\300\301\342Y\005kkk\375\206\302\241A\377"
 604      C1E25905 
ARM GAS  C:\Users\angio\AppData\Local\Temp\ccewyIpz.s 			page 18


 604      6B6B6BFD 
 604      86C2A141 
 604      FF
 605 0080 AFE99D38 		.ascii	"\257\351\2358\213Z'\225/:Z:]L\352\177C\235\012-gB\213"
 605      8B5A2795 
 605      2F3A5A3A 
 605      5D4CEA7F 
 605      439D0A2D 
 606 0097 891FACE3 		.ascii	"\211\037\254\343c,'\264d\311M\301%\266:Y<\247*W~X\370"
 606      632C27B4 
 606      64C94DC1 
 606      25B63A59 
 606      3CA72A57 
 607 00ae 3510E2EA 		.ascii	"5\020\342\352\243\302h\012\257\006\332\371\2129\201"
 607      A3C2680A 
 607      AF06DAF9 
 607      8A3981
 608 00bd E707FD54 		.ascii	"\347\007\375Tp\235\203\357N\375lWB\020\372\025\031f"
 608      709D83EF 
 608      4EFD6C57 
 608      4210FA15 
 608      1966
 609 00cf CCB2E309 		.ascii	"\314\262\343\011\007\373\225\015\367\276\367\350\011"
 609      07FB950D 
 609      F7BEF7E8 
 609      09
 610 00dc CFF3562E 		.ascii	"\317\363V.\224\306\367z\237\316`\231\000J\024\372\206"
 610      94C6F77A 
 610      9FCE6099 
 610      004A14FA 
 610      86
 611 00ed 0907A94C 		.ascii	"\011\007\251L\210F()ld\211\236\203\0353\236w\363\273"
 611      88462829 
 611      6C64899E 
 611      831D339E 
 611      77F3BB
 612 0100 31CF8B43 		.ascii	"1\317\213C\231\010/#c\360\033\304\257\021\304\320\371"
 612      99082F23 
 612      63F01BC4 
 612      AF11C4D0 
 612      F9
 613 0111 074A5C3A 		.ascii	"\007J\\:\210\373=\2143p|c\234\321\271\202:\013\035\225"
 613      88FB3D8C 
 613      33707C63 
 613      9CD1B982 
 613      3A0B1D95 
 614 0125 733B1359 		.ascii	"s;\023Y\232\034\355\275\341\031e2q2\032\014\320YP\022"
 614      9A1CEDBD 
 614      E1196532 
 614      71321A0C 
 614      D0595012 
 615 0139 D9AB230B 		.ascii	"\331\253#\013\0349q\311\030\222\310\030NWE\346U\014"
 615      1C3971C9 
 615      1892C818 
 615      4E5745E6 
 615      550C
 616 014b F00AE214 		.ascii	"\360\012\342\024\006\265h2\271\365\024\323S\225\024"
ARM GAS  C:\Users\angio\AppData\Local\Temp\ccewyIpz.s 			page 19


 616      06B56832 
 616      B9F514D3 
 616      539514
 617 015a 3355C011 		.ascii	"3U\300\021\001^C\340\306A\347\260b#\005\367\260\361"
 617      015E43E0 
 617      C641E7B0 
 617      622305F7 
 617      B0F1
 618 016c CB1FCD19 		.ascii	"\313\037\315\031\357\356\332\200\347\3750\217\277M\232"
 618      EFEEDA80 
 618      E7FD308F 
 618      BF4D9A
 619 017b DB902B40 		.ascii	"\333\220+@%e\020\037\226!\207)\266\230\330,>L[lR:&\304"
 619      2565101F 
 619      96218729 
 619      B698D82C 
 619      3E4C5B6C 
 620 0193 E6885A23 		.ascii	"\346\210Z#G-\360\245I9\352$\341f\221\352E\332\2028\201"
 620      472DF0A5 
 620      4939EA24 
 620      E16691EA 
 620      45DA8238 
 621 01a8 5B11C7B0 		.ascii	"[\021\307\260Al\215r\2444'\030 \231\255\376\036c\265"
 621      416C8D72 
 621      A4342718 
 621      2099ADFE 
 621      1E63B5
 622 01bb 40EA9E8A 		.ascii	"@\352\236\212\360'\236\370wl\344\021\246\233:\256\270"
 622      F0279EF8 
 622      776CE411 
 622      A69B3AAE 
 622      B8
 623 01cc 2962585E 		.ascii	")bX^\031y\330\247\315\2703PJ%\331%\237\352\331 x\252"
 623      1979D8A7 
 623      CDB83350 
 623      4A25D925 
 623      9FEAD920 
 624 01e2 C2DF3DF3 		.ascii	"\302\337=\363\367\274\351\023G\324\261zr\3644K\312\247"
 624      F7BCE913 
 624      47D4B17A 
 624      72F4344B 
 624      CAA7
 625 01f4 2D6C12F7 		.ascii	"-l\022\367\3209\326)\334\004\336\251O\220\233i\227\311"
 625      D039D629 
 625      DC04DEA9 
 625      4F909B69 
 625      97C9
 626 0206 E628FC96 		.ascii	"\346(\374\226\031-b~a.\3131\022`3w\320i\214\25247\377"
 626      192D627E 
 626      612ECB31 
 626      12603377 
 626      D0698CAA 
 627 021d F9B8C927 		.ascii	"\371\270\311'\2435@[\322`\341#\360\3059\237s\030\202"
 627      A335405B 
 627      D260E123 
 627      F0C5399F 
 627      731882
ARM GAS  C:\Users\angio\AppData\Local\Temp\ccewyIpz.s 			page 20


 628 0230 B71042BC 		.ascii	"\267\020B\274\031\305/\341\251\333\305\013\010y\344"
 628      19C52FE1 
 628      A9DBC50B 
 628      0879E4
 629 023f 22E32566 		.ascii	"\"\343%f\006>m\315\013\225\205\307\313\224\220\333f"
 629      063E6DCD 
 629      0B9585C7 
 629      CB9490DB 
 629      66
 630 0250 798B9DA0 		.ascii	"y\213\235\240\344r\273\244Y\250\217\344\301\033\232"
 630      E472BBA4 
 630      59A88FE4 
 630      C11B9A
 631 025f C5F2D076 		.ascii	"\305\362\320v\237\032\303N\304\376\327\211;\227\342"
 631      9F1AC34E 
 631      C4FED789 
 631      3B97E2
 632 026e 3E99D14E 		.ascii	">\231\321N\304t'Lq\277\277X\357\223\345SR\234\303\342"
 632      C474274C 
 632      71BFBF58 
 632      EF93E553 
 632      529CC3E2 
 633 0282 6C601D9F 		.ascii	"l`\035\237\014\272\364\213\341\223\035iNL7\207]Kg\277"
 633      0CBAF48B 
 633      E1931D69 
 633      4E4C3787 
 633      5D4B67BF 
 634 0296 274DE7A1 		.ascii	"'M\347\241\200\016c@\350\333\232\317\330\305\226\215"
 634      800E6340 
 634      E8DB9ACF 
 634      D8C5968D 
 635 02a6 CE8690AC 		.ascii	"\316\206\220\254\020\264\"\004\225Nz\347+\307\247\024"
 635      10B42204 
 635      954E7AE7 
 635      2BC7A714 
 636 02b6 13E4B4B0 		.ascii	"\023\344\264\260\212\265\\\214\371\305glk\210\375\304"
 636      8AB55C8C 
 636      F9C5676C 
 636      6B88FDC4 
 637 02c6 D4938621 		.ascii	"\324\223\206!8;\202\303\240\260\371\035z\011\342\321"
 637      383B82C3 
 637      A0B0F91D 
 637      7A09E2D1 
 638 02d6 DA12BAB6 		.ascii	"\332\022\272\266\370\372\224\235\010\375De\266\213s"
 638      F8FA949D 
 638      08FD4465 
 638      B68B73
 639 02e5 5CB513CC 		.ascii	"\\\265\023\314V\217f\025\223\274]\352\312\305g\371\275"
 639      568F6615 
 639      93BC5DEA 
 639      CAC567F9 
 639      BD
 640 02f6 F854CB4F 		.ascii	"\370T\313O`\025\353x\277\324\255\353\373u\222\2245\341"
 640      6015EB78 
 640      BFD4ADEB 
 640      FB759294 
 640      35E1
ARM GAS  C:\Users\angio\AppData\Local\Temp\ccewyIpz.s 			page 21


 641 0308 308B78F5 		.ascii	"0\213x\365\006\214\177>\2424\246\346\376[\320\315\236"
 641      068C7F3E 
 641      A234A6E6 
 641      FE5BD0CD 
 641      9E
 642 0319 A0742922 		.ascii	"\240t)\"Q\275\000\227\335\373\316\377\321p\376W\365"
 642      51BD0097 
 642      DDFBCEFF 
 642      D170FE57 
 642      F5
 643 032a FC05E96C 		.ascii	"\374\005\351lL<{\013\331\337\276M\236\3072\236\270="
 643      4C3C7B0B 
 643      D9DFBE4D 
 643      9EC7329E 
 643      B83D
 644 033c 69EA0C03 		.ascii	"i\352\014\003\204\321\207\005\260\273coW\307k\231\356"
 644      84D18705 
 644      B0BB636F 
 644      57C76B99 
 644      EE
 645 034d CCC1B772 		.ascii	"\314\301\267r\2073=]\307{\262G\372z_M\273\257\344\372"
 645      87333D5D 
 645      C77BB247 
 645      FA7A5F4D 
 645      BBAFE4FA 
 646 0361 DC6CD781 		.ascii	"\334l\327\201CM\007\017\275\360t\353\376\266=m\007\366"
 646      434D070F 
 646      BDF074EB 
 646      FEB63D6D 
 646      07F6
 647 0373 35BDF872 		.ascii	"5\275\370r\307\363\373^\332\335\006\233\232[\262\271"
 647      C7F3FB5E 
 647      DADD069B 
 647      9A5BB2B9 
 648 0383 EECC9196 		.ascii	"\356\314\221\226\276\236\243\307\334ls\032\214t\256"
 648      BE9EA3C7 
 648      DC6C731A 
 648      8C74AE
 649 0392 DB7DA0A2 		.ascii	"\333}\240\2426\357jmk\177f\327S{\300\356s\337\314\271"
 649      36EF6A6D 
 649      6B7F66D7 
 649      537BC0EE 
 649      73DFCCB9 
 650 03a6 6FA45DCA 		.ascii	"o\244]\312\034~\333x\275\347\230\213\031\005\360\037"
 650      1C7EDB78 
 650      BDE7988B 
 650      1905F01F 
 651 03b6 4B7D1BD6 		.ascii	"K}\033\326"
 652              		.text
 653              		.section	.gnu.lto_solveCube.2.1f2b5d47,"e",%progbits
 654 0000 789CA551 		.ascii	"x\234\245QMk\023a\020\236\331\331\364\313\264ZA\320"
 654      4D6B1361 
 654      109ED9D9 
 654      F4CBB45A 
 654      41D0
 655 0012 8BAEA82C 		.ascii	"\213\256\250,\012M%\246\255z\015\211\007\243\226\264"
 655      0A4D25A6 
ARM GAS  C:\Users\angio\AppData\Local\Temp\ccewyIpz.s 			page 22


 655      AD7A0D89 
 655      07A396B4 
 656 0022 B9058A59 		.ascii	"\271\005\212Y\027\014\225\246&]=\346\265nrh\017i\232"
 656      170C95A6 
 656      265D3DE6 
 656      B56E7268 
 656      0F699A
 657 0035 28142487 		.ascii	"(\024$\207\260^\365d\215\037\207\026?\360\"H\377@\003"
 657      B05EF564 
 657      8D1F8716 
 657      3FF02248 
 657      FF4003
 658 0048 1E5A11A4 		.ascii	"\036Z\021\244x\022\024\342\274\333&\015\301\233\263"
 658      781214E2 
 658      BCDB260D 
 658      C19BB3
 659 0057 ECEC3CCF 		.ascii	"\354\354<\317\31433\373\276[\010p\212\337\020\260y\000"
 659      CC3333FB 
 659      BE5B0870 
 659      8ADF10B0 
 659      7900
 660 0069 978B0B0A 		.ascii	"\227\213\013\0124\032\215\254\252(\017\213\213\012\276"
 660      341A8DAC 
 660      AA280F8B 
 660      8B0ABE
 661 0078 4117D9C5 		.ascii	"A\027\331\305\001\367KXnU\250\370\340t3\217\220UH\305"
 661      01F74B58 
 661      6E55A8F8 
 661      E074338F 
 661      905548C5 
 662 008c 2C96E8AC 		.ascii	",\226\350\254\020\342\327\323\312\2467w\324!\200\012"
 662      10E2D7D3 
 662      CAA63777 
 662      D421800A 
 663 009c C1AE3D21 		.ascii	"\301\256=!\\&\207\020\325\275HA\215#\272\012\372\232"
 663      5C268710 
 663      D5BD4841 
 663      8D23BA0A 
 663      FA9A
 664 00ae 105F9ED5 		.ascii	"\020_\236\325\204\350\005\207\010_\"kp\025\361\005/"
 664      84E80587 
 664      085F226B 
 664      7015F105 
 664      2F
 665 00bf C6C4F83A 		.ascii	"\306\304\370:\272j2\244?\303\305;\3377f?\011\325\341"
 665      BA6A32A4 
 665      3FC3C53B 
 665      DF37663F 
 665      09D5E1
 666 00d2 89AFDA8B 		.ascii	"\211\257\332\213\001\306?c\027\340k\334\033\313\034"
 666      01C63F63 
 666      17E06BDC 
 666      1BCB1C
 667 00e1 327ABEE1 		.ascii	"2z\276\341Y\023\177\032\005!\032\037\360\353J\270\017"
 667      59137F1A 
 667      05211A1F 
 667      F0EB4AB8 
ARM GAS  C:\Users\angio\AppData\Local\Temp\ccewyIpz.s 			page 23


 667      0F
 668 00f2 B9AF8764 		.ascii	"\271\257\207d\241\007\261\306U\005\222\377\344\332\011"
 668      A107B1C6 
 668      550592FF 
 668      E4DA09
 669 0101 864BA4EC 		.ascii	"\206K\244\354C\204\0378_^\330|\354\251\022\361\006'"
 669      43841F38 
 669      5F5ED87C 
 669      ECA912F1 
 669      0627
 670 0113 AD7C8F43 		.ascii	"\255|\217C]6\346\205\250\255\036s\250\033\337\262f\007"
 670      5D36E685 
 670      A8AD1E73 
 670      A81BDFB2 
 670      6607
 671 0125 73F5DF47 		.ascii	"s\365\337G\300F\305\241\236\0121S%\251p\250\227sv\275"
 671      C046C5A1 
 671      9E0A3153 
 671      25A970A8 
 671      977376BD 
 672 0139 98EFAF12 		.ascii	"\230\357\257\022\272\351\276\012)n\332\241\003\360\015"
 672      BAE9BE0A 
 672      296EDAA1 
 672      03F00D
 673 0148 EDED7709 		.ascii	"\355\355w\011N\3419\367\234\226\210\332g\313\266\245"
 673      4EE139F7 
 673      9C9688DA 
 673      67CBB6A5 
 674 0158 8FDE8EBE 		.ascii	"\217\336\216\276r\215EE\356\341u\367\330>\356P?\256"
 674      728D4545 
 674      EEE175F7 
 674      D83EEE50 
 674      3FAE
 675 016a 23DFC7EE 		.ascii	"#\337\307\356\274\\\375\321?E%W4\320\022\035\304\367"
 675      BC5CFDD1 
 675      3F452557 
 675      34D0121D 
 675      C4F7
 676 017c 4D911CAD 		.ascii	"M\221\034\255\266\217\376\211\363\365\225\260\273T\201"
 676      B68FFE89 
 676      F3F595B0 
 676      BB5481
 677 018b B0FD7C00 		.ascii	"\260\375|\000F\203\227\343\301\333\311Drb\316\272\225"
 677      468397E3 
 677      C1DBC944 
 677      7262CEBA 
 677      95
 678 019c 4CC5EFA7 		.ascii	"L\305\357\247\322\323\231\331\233\2069ee\314t<:941y"
 678      D2D399D9 
 678      9B863965 
 678      65CC743C 
 678      3A393431 
 679 01b1 ED82FF4A 		.ascii	"\355\202\377J`,\020\015\015]\217\005#\241\033\243\001"
 679      602C100D 
 679      0D5D8F05 
 679      23A11BA3 
 679      01
ARM GAS  C:\Users\angio\AppData\Local\Temp\ccewyIpz.s 			page 24


 680 01c2 18F40DA7 		.ascii	"\030\364\015\247\255Drz8\223\272s\317L\373\014P\015"
 680      AD44727A 
 680      3893BA73 
 680      CF4CFB0C 
 680      500D
 681 01d4 2B611E6E 		.ascii	"+a\036nB\337\210?p\351\342\310\3711\030d\312\232K\246"
 681      42DF883F 
 681      70E9E2C8 
 681      F9311864 
 681      CA9A4BA6 
 682 01e8 66A632E6 		.ascii	"f\2462\346]\313\2341\3142\306\264\250\026\323\265\250"
 682      5DCB9C31 
 682      CC32C6B4 
 682      A816D3B5 
 682      A8
 683 01f9 2E7D98BD 		.ascii	".}\230\275\026\326\376\207\013Kn\237\352\200M \003\177"
 683      16D6FE87 
 683      0B4B6E9F 
 683      EA804D20 
 683      037F
 684 020b 2BD2B588 		.ascii	"+\322\265\210\336\252\212h\320\035\323\344\003\207:"
 684      DEAA8A68 
 684      D01DD3E4 
 684      03873A
 685 021a D4F017C0 		.ascii	"\324\360\027\300S\002\017"
 685      53020F
 686              		.text
 687              		.section	.gnu.lto_.symbol_nodes.1f2b5d47,"e",%progbits
 688 0000 789C7DD3 		.ascii	"x\234}\323Aj\3030\020\205\341\031\311\261\035\027bH"
 688      416AC330 
 688      1085E119 
 688      C9B11D17 
 688      6248
 689 0012 A0810492 		.ascii	"\240\201\004\222E/\320;\364(9\310\330\350\002\275\203"
 689      452FD03B 
 689      F42839C8 
 689      D8E802BD 
 689      83
 690 0023 AE11BAD1 		.ascii	"\256\021\272\321\276\227\320AZ\005\262\320OQ\265{|\017"
 690      BE97D041 
 690      5A05B2D0 
 690      4F51B57B 
 690      7C0F
 691 0035 33B2C763 		.ascii	"3\262\307c'\"NL~\236\347\252\237\337R\262\334\327u}"
 691      27224E4C 
 691      7E9EE7AA 
 691      9FDF52B2 
 691      DCD7757D 
 692 0049 1795C771 		.ascii	"\027\225\307qj\372\177\301\231\373S\370ZW}\272n\315"
 692      6AFA7FC1 
 692      99FB53F8 
 692      5A577DBA 
 692      6ECD
 693 005b D3459665 		.ascii	"\323E\226ey\240z\353Z4\332\246E\203\365-\352mh\321\306"
 693      79A07AEB 
 693      5A34DAA6 
 693      4583F52D 
ARM GAS  C:\Users\angio\AppData\Local\Temp\ccewyIpz.s 			page 25


 693      EA6D68D1 
 694 0070 C61675B6 		.ascii	"\306\026u\266m\321dS\203\274T\263\277y\251\036q\203"
 694      6DD16453 
 694      83BC54B3 
 694      BF79A91E 
 694      7183
 695 0082 05052685 		.ascii	"\005\005&\205fj\354Y\356Y.\261\272E\034\240i\200\206"
 695      666AEC59 
 695      EE592EB1 
 695      BA451CA0 
 695      698086
 696 0095 091A2768 		.ascii	"\011\032'hf\014/,\227X\275\311L\015;h\332qHj\234Y\236"
 696      660C2F2C 
 696      9758BDC9 
 696      4C0D3B68 
 696      DA71486A 
 697 00ac 592EB1FA 		.ascii	"Y.\261\372\232q\317\033\355\241\341\300!\017\320\314"
 697      9A71CF1B 
 697      EDA1E1C0 
 697      210FD0CC 
 698 00bc 185E592E 		.ascii	"\030^Y.\261\332\250L\015Gh:rHj<\261|b\271\304j\341\343"
 698      B1DAA84C 
 698      0D47683A 
 698      72486A3C 
 698      B17C62B9 
 699 00d4 99373A43 		.ascii	"\2317:C\303\205C^\240\2311\\\275V?k\331\015\304\331"
 699      C385435E 
 699      A099315C 
 699      BD563F6B 
 699      D90DC4D9 
 700 00e8 BBEA4FFD 		.ascii	"\273\352O\375\360\256\332\334\033,*bR\371\005U\337+"
 700      F0AEDADC 
 700      1B2C2A62 
 700      52F90555 
 700      DF2B
 701 00fa 5D       		.ascii	"]"
 702              		.text
 703              		.section	.gnu.lto_.refs.1f2b5d47,"e",%progbits
 704 0000 789C6364 		.ascii	"x\234cd\000\002\000\000\012\000\002"
 704      00020000 
 704      0A0002
 705              		.text
 706              		.section	.gnu.lto_.decls.1f2b5d47,"e",%progbits
 707 0000 789C7D56 		.ascii	"x\234}V{PT\327\031\277\3379w_\2275P]\233\316\330\261"
 707      7B5054D7 
 707      19BFDF39 
 707      775F9735 
 707      505D9BCE 
 708 0016 5BA79DF2 		.ascii	"[\247\235\362\017\257\025\321\346\2370\2451\323Ib3\032"
 708      0FAF15D1 
 708      E69F30A5 
 708      31D34962 
 708      331A
 709 0028 A71D8799 		.ascii	"\247\035\207\231\024\366\256\302\010,]@\333\377n\020"
 709      14F6AEC2 
 709      082C5D40 
 709      DBFF6E10 
ARM GAS  C:\Users\angio\AppData\Local\Temp\ccewyIpz.s 			page 26


 710 0038 84102408 		.ascii	"\204\020$\010>\360\221\202:\212V\007h\215\006,\012\254"
 710      3EF09182 
 710      3A8A5607 
 710      688D062C 
 710      0AAC
 711 004a 519E468D 		.ascii	"Q\236F\215`|T\036\242\270@4 \276\242\250\375\316\271"
 711      607C541E 
 711      A2B84034 
 711      20BEA2A8 
 711      FDCEB9
 712 005d BBF7AE64 		.ascii	"\273\367\256d\233;\373\3559\373\235\337\367\375~\347"
 712      9B3BFBED 
 712      39FB9DDF 
 712      F7FD7EE7 
 713 006d FBEEB977 		.ascii	"\373\356\271w\017\204\011\302v\020\204R\264\227x\211"
 713      0F8409C2 
 713      76108452 
 713      B4977889 
 714 007d 82205C14 		.ascii	"\202 \\\024\364\013\227\205.\264\036\264\013h}h7\321"
 714      F40B9785 
 714      2EB41EB4 
 714      0B687D68 
 714      37D1
 715 008f 6EA18DA0 		.ascii	"n\241\215\240\371\320\306\320\276E\273/\374\360\332"
 715      F9D0C6D0 
 715      BE45BB2F 
 715      FCF0DA
 716 009e 8A795FC3 		.ascii	"\212y_\3031\015m6\232\015\015\320\327\212\343*4\202"
 716      310D6D36 
 716      9A0D0DD0 
 716      D78AE32A 
 716      3482
 717 00b0 7311CD80 		.ascii	"s\021\315\2006\204\277\2158\366\342(\341\030\006j\016"
 717      3684BF8D 
 717      38F6E228 
 717      E118066A 
 717      0E
 718 00c1 B35FC34D 		.ascii	"\263_\303M?\317\230\237w\304\257\243/\004\357\016\214"
 718      3FCF989F 
 718      77C4AFA3 
 718      2F04EF0E 
 718      8C
 719 00d2 B5FE08EF 		.ascii	"\265\376\010\357,\2347\343\330\202\366\032\316\303\321"
 719      2C9C37E3 
 719      D882F61A 
 719      CEC3D1
 720 00e1 3AFDB1C4 		.ascii	":\375\261\304\277\337\256\020y\367 .\342G\362\332p>"
 720      BFDFAE10 
 720      79F7202E 
 720      E247F2DA 
 720      703E
 721 00f3 17D49C2C 		.ascii	"\027\324\234,\337Oq\234\304q\036\216?G\373%\332\002"
 721      DF4F719C 
 721      C4711E8E 
 721      3F47FB25 
 721      DA02
 722 0105 FFBEA8BF 		.ascii	"\377\276\250\277\246=\377\247v\273(\271\335\333\337"
ARM GAS  C:\Users\angio\AppData\Local\Temp\ccewyIpz.s 			page 27


 722      A63DFFA7 
 722      76BB28B9 
 722      DDDBDF
 723 0114 2EDD56F1 		.ascii	".\335V\361\242\014\000W\022\360K\022VQ\301\246\020\205"
 723      A20C0057 
 723      12F04B12 
 723      5651C1A6 
 723      1085
 724 0126 18654A24 		.ascii	"\030eJ$*QY\352\200\371\221\017h\242\231D\206K\346\203"
 724      2A5159EA 
 724      80F9910F 
 724      68A29944 
 724      864BE683 
 725 013a A7214232 		.ascii	"\247!B2\230\011\361\231d)\362)\034!5F{\242\"\312\245"
 725      9809F199 
 725      6429F229 
 725      1C213546 
 725      7BA222CA 
 726 014f 737D2685 		.ascii	"s}&\205\224/\263-L\304o\237\251\003d\214z_4G\340\314"
 726      942FB32D 
 726      4CC46F9F 
 726      A903648C 
 726      7A5F3447 
 727 0165 67921ED0 		.ascii	"g\222\036\320\232MF\371\034)\376\015t\200$;l\212\242"
 727      9A4D46F9 
 727      1C29FE0D 
 727      7480243B 
 727      6C8AA2
 728 0178 249ACDF3 		.ascii	"$\232\315\363\303\275\324K\227b+\314\015us%\237)\034"
 728      C3BDD44B 
 728      97622BCC 
 728      0D757325 
 728      9F291C
 729 018b 5344CAF6 		.ascii	"SD\312\366\010\331\036\336\001\006Y\226l\221\002\212"
 729      08D91EDE 
 729      01065996 
 729      6C91028A 
 730 019b 901D8E44 		.ascii	"\220\035\216D\"af\321\334\001\016\012V\20724\376\272"
 730      226166D1 
 730      DC010E0A 
 730      56873234 
 730      FEBA
 731 01ad 64902CF3 		.ascii	"d\220,\363\355\221\202 \013K\011\346\245/\003\027\230"
 731      ED918220 
 731      0B4B09E6 
 731      A52F0317 
 731      98
 732 01be 9053D67F 		.ascii	"\220S\326\177\002DJ\304A\350;>\023\266\201\330\005A"
 732      02444AC4 
 732      41E83B3E 
 732      13B681D8 
 732      0541
 733 01d0 11CD562B 		.ascii	"\021\315V+(8X>|G~\337!\011>\023\301%\233\010\012\001"
 733      2838583E 
 733      7C477EDF 
 733      21093E13 
 733      C1259B08 
ARM GAS  C:\Users\angio\AppData\Local\Temp\ccewyIpz.s 			page 28


 734 01e6 3D52320A 		.ascii	"=R2\012\300\033\307\372\301>\020\\I\366C\307\012\372"
 734      C01BC7FA 
 734      C13E105C 
 734      49F643C7 
 734      0AFA
 735 01f8 3A81C0B2 		.ascii	":\201\300\262\212{%J\313\305\375\240\345\017\004\350"
 735      8A7B254A 
 735      CBC5FDA0 
 735      E50F04E8 
 736 0208 6141C961 		.ascii	"aA\311aF8\260\213}\007\007\350\0325~\242\311\002\035"
 736      4638B08B 
 736      7D0707E8 
 736      1A357EA2 
 736      C9021D
 737 021b 324338CF 		.ascii	"2C8\317\002\001A?\274h\340\266i\253\274^d\030\301\262"
 737      0201413F 
 737      BC68E0B6 
 737      69ABBC5E 
 737      6418C1B2 
 738 022f 29553698 		.ascii	")U6\230[\236(\000\235'\320_\0131\012\277\274\363\004"
 738      5B9E2800 
 738      9D27D05F 
 738      0B310ABF 
 738      BCF304
 739 0242 F842CDF0 		.ascii	"\370B\315\360fX\005\205\331 \342\267\015\354t9F\033"
 739      66580585 
 739      D920E2B7 
 739      0DEC7439 
 739      461B
 740 0254 9FF7F65D 		.ascii	"\237\367\366]0I\363\000\360\323\252(>\305\373\021\025"
 740      3049F300 
 740      F0D3AA28 
 740      3EC5FB11 
 740      15
 741 0265 6021C40A 		.ascii	"`!\304\012\360\037\200f\024p\022\340\024\020\234\346"
 741      F01F8066 
 741      147012E0 
 741      14109CE6 
 742 0275 2BCAF42F 		.ascii	"+\312\364/pD\316\232\027\027\016\205I\014\337\032\032"
 742      7044CE9A 
 742      17170E85 
 742      490CDF1A 
 742      1A
 743 0286 8F9881CF 		.ascii	"\217\230\201\317\2527[\255\210\231Pj\274\"\264\000\234"
 743      AA375BAD 
 743      8899506A 
 743      BC22B400 
 743      9C
 744 0297 006862FB 		.ascii	"\000hb\373i\005.\374\3547g\353-\354\031\204\016p\243"
 744      69052EFC 
 744      EC3767EB 
 744      2DEC1984 
 744      0E70A3
 745 02aa E37AE1BF 		.ascii	"\343z\341\277\312`\216*\273\325_v/@#\233\322?\261\220"
 745      CA608E2A 
 745      BBD55F76 
 745      2F40239B 
ARM GAS  C:\Users\angio\AppData\Local\Temp\ccewyIpz.s 			page 29


 745      D23FB190 
 746 02be F29EFEC3 		.ascii	"\362\236\376\303\342+\0108\015\032\006\001\323\373\332"
 746      E22B0838 
 746      0D1A0601 
 746      D3FBDA
 747 02cd EECCD249 		.ascii	"\356\314\322I\277\324I\317\250\244G>\331P\247\222\236"
 747      BFD449CF 
 747      A8A4473E 
 747      D950A792 
 747      9E
 748 02de 0168035E 		.ascii	"\001h\003^\020\302\013\022\201\253U\205e\237\222\327"
 748      10C20B12 
 748      81AB5585 
 748      659F92D7 
 749 02ee 31F9B78A 		.ascii	"1\371\267\212b\2034\274\177\241\235\005w\342\276\316"
 749      628334BC 
 749      7FA19D05 
 749      77E2BECE 
 750 02fe B2D35C5E 		.ascii	"\262\323\\^\256<\371\376l_\376\242\266\015\312Av^p\011"
 750      AE3CF9FE 
 750      6C5FFEA2 
 750      B60DCA41 
 750      765E7009 
 751 0312 8EFBF905 		.ascii	"\216\373\371\005\234\011p\014\340sx\263\211\320\375"
 751      9C09700C 
 751      E07378B3 
 751      89D0FD
 752 0321 C0F10D4D 		.ascii	"\300\361\015M\215\212b@\254\310\260\335\032\266[\303"
 752      8D8A6240 
 752      ACC8B0DD 
 752      1AB65BC3 
 753 0331 0E023D0A 		.ascii	"\016\002=\012L\334\361g\325\243\206\2008V\221\206\215"
 753      4CDCF167 
 753      D5A38680 
 753      38569186 
 753      8D
 754 0342 FD7DE610 		.ascii	"\375}\346\020z\316c\354W\352\206.m>]bXPU\256L\014\224"
 754      7ACE63EC 
 754      57EA862E 
 754      6D3E5D62 
 754      585055AE 
 755 0359 162911F9 		.ascii	"\026)\021\371\234\350<\3009\215\350\234Ft\014\350IN"
 755      9CE83CC0 
 755      398DE89C 
 755      46740CE8 
 755      494E
 756 036b E4AB3CF4 		.ascii	"\344\253<\364T\255\302*\3163Q\350\3530\006\210\277f"
 756      54ADC22A 
 756      CE3351E8 
 756      EB300688 
 756      BF66
 757 037d DDAB2829 		.ascii	"\335\253()m\024C0\367b\262K*s\377\246\351\335\326\005"
 757      6D144330 
 757      F762B24B 
 757      2A73FFA6 
 757      E9DDD605 
 758 0391 558AD2D8 		.ascii	"U\212\322\330P\326\275\304Kp\015.j\254\027\371@\257"
ARM GAS  C:\Users\angio\AppData\Local\Temp\ccewyIpz.s 			page 30


 758      50D6BDC4 
 758      4B700D2E 
 758      6AAC17F9 
 758      40AF
 759 03a3 80400738 		.ascii	"\200@\0078\347?\267\035\231\264\"\007|\203+\364\026"
 759      E73FB71D 
 759      99B42207 
 759      7C832BF4 
 759      16
 760 03b4 F7DD1C2C 		.ascii	"\367\335\034,;\000\314w\025\323^\001:\312\275\303\033"
 760      3B00CC77 
 760      15D35E01 
 760      3ACABDC3 
 760      1B
 761 03c5 FB4E8531 		.ascii	"\373N\2051\357u\364^\203P\267\312T}\303\2301\340\270"
 761      EF75F45E 
 761      8350B7CA 
 761      547DC398 
 761      31E0B8
 762 03d8 01749207 		.ascii	"\001t\222\007\236|x\243\223\260\300\001U\241\267\273"
 762      9E7C78A3 
 762      93B0C001 
 762      55A1B7BB 
 763 03e8 A9C8AA6D 		.ascii	"\251\310\252mb\225\272\011\030\304\254Ch\375*\250\243"
 763      6295BA09 
 763      18C4AC43 
 763      68FD2AA8 
 763      A3
 764 03f9 BABDD6B2 		.ascii	"\272\275\326\262\240\252Xi\274\177\276g\2117_)U\354"
 764      A0AA5869 
 764      BC7FBE67 
 764      89375F29 
 764      55EC
 765 040b 63141170 		.ascii	"c\024\021pY\335\014\374\027\301\227\325\355|MX\310\336"
 765      59DD0CFC 
 765      17C197D5 
 765      ED7C4D58 
 765      C8DE
 766 041d E6AFFEE0 		.ascii	"\346\257\376\340\337x\227\177\343\303\332\306\207U\344"
 766      DF78977F 
 766      E3C3DAC6 
 766      8755E4
 767 042c 0D8EBC71 		.ascii	"\015\216\274qgG\0030hCg\243R``\365\203\333\032T}\330"
 767      67470330 
 767      684367A3 
 767      526060F5 
 767      83DB1A54 
 768 0442 531F870E 		.ascii	"S\037\207\016\266\334\177f\340\320\016\015zG\203\336"
 768      B6DC7F66 
 768      E0D00E0D 
 768      7A4783DE 
 769 0452 51A10F38 		.ascii	"Q\241\0178\364e\331\241\256Y\034\332\242AG5\350\250"
 769      F465D9A1 
 769      AE591CDA 
 769      A2414735 
 769      E8A8
 770 0464 0A552883 		.ascii	"\012U(\203~\231\177q\214r\350)\015:\256A\307U\350\307"
ARM GAS  C:\Users\angio\AppData\Local\Temp\ccewyIpz.s 			page 31


 770      7E997F71 
 770      8C72E829 
 770      0D3AAE41 
 770      C755E8C7 
 771 0478 1CFAE4DA 		.ascii	"\034\372\344\332\213f\312\017Wk\350\303u\367\\]\177"
 771      8B66CA0F 
 771      576BE8C3 
 771      75F75C5D 
 771      7F
 772 0489 987EB8EE 		.ascii	"\230~\270\356\351\207\353;\265\224\307'G\332$\336\225"
 772      E987EB3B 
 772      B594C727 
 772      47DA24DE 
 772      95
 773 049a EFD43695 		.ascii	"\357\3246\225l<\361\\\232\331\000\\\306v\301\204\032"
 773      6C3CF15C 
 773      9AD9005C 
 773      C676C184 
 773      1A
 774 04ab 33B4F7C5 		.ascii	"3\264\367\3055~\027M\364\224\024\265F\020\\\203\273"
 774      357E174D 
 774      F49414B5 
 774      46105C83 
 774      BB
 775 04bc 9AC0BB7C 		.ascii	"\232\300\273|\340\2474\201\237\322\006J+\250\3520`t"
 775      E0A73481 
 775      9FD2064A 
 775      2BA8EA30 
 775      6074
 776 04ce 7361FD23 		.ascii	"sa\375#QR\230\244\326\002\013:\003\212\036#C\014<R\017"
 776      515298A4 
 776      D6020B3A 
 776      038A1E23 
 776      430C3C52 
 777 04e3 B819910F 		.ascii	"\270\031\221\017\253\353\033C\"\277\347\310'*\322\302"
 777      ABEB1B43 
 777      22BFE7C8 
 777      272AD2C2 
 778 04f3 493AF893 		.ascii	"I:\370\223b\360\350aq6\006\024(\312_\360\311\006\317"
 778      62F0E861 
 778      71360614 
 778      28CA5FF0 
 778      C906CF
 779 0506 009EB280 		.ascii	"\000\236\262\200i\340A\0143\325y\365\024\3250\323\000"
 779      69E0410C 
 779      33D579F5 
 779      14D530D3 
 779      00
 780 0517 0F00A618 		.ascii	"\017\000\246\030\3469p\011\210\021\267=\031\354\263"
 780      E6397009 
 780      8811B73D 
 780      19ECB3
 781 0526 CEF9950A 		.ascii	"\316\371\225\012\302\272j\230\027l\227\300_QLV\323\347"
 781      C2BA6A98 
 781      176C97C0 
 781      5F514C56 
 781      D3E7
ARM GAS  C:\Users\angio\AppData\Local\Temp\ccewyIpz.s 			page 32


 782 0538 6215DECC 		.ascii	"b\025\336\314\317\001\036\002[\013\300b\320\342\030"
 782      CF011E02 
 782      5B0BC062 
 782      D0E218
 783 0547 D9E8E3EA 		.ascii	"\331\350\343\352K\34693\363\260\036\005eB\\\327h\373"
 783      4BE63933 
 783      F3B01E05 
 783      65425CD7 
 783      68FB
 784 0559 3EAAB709 		.ascii	">\252\267\011_\235\201\255~D8\340\374\311\233\335A\200"
 784      5F9D81AD 
 784      7E4438E0 
 784      FCC99BDD 
 784      4180
 785 056b 21BD8FF9 		.ascii	"!\275\217\371*\340\330\275\351\006C\250Zm \254V\261"
 785      2AE0D8BD 
 785      E90643A8 
 785      5A6D20AC 
 785      56B1
 786 057d 08E9DBF7 		.ascii	"\010\351\333\367\264\231\006W'\320\332\002\302a,\315"
 786      B4990657 
 786      27D0DA02 
 786      C2612CCD 
 787 058d 96EDB5DB 		.ascii	"\226\355\265\333\215:O\201.\244P\005\354\257\273E\364"
 787      8D3A4F81 
 787      2EA45005 
 787      ECAFBB45 
 787      F4
 788 059e F55E5DC7 		.ascii	"\365^]\307Fu\275\366\352\265\375$\224\216\"\256\243"
 788      4675BDF6 
 788      EAB5FD24 
 788      948E22AE 
 788      A3
 789 05af 5DED19E5 		.ascii	"]\355\031\345=\373\031\342\213\013v\226B\260\250\217"
 789      3DFB19E2 
 789      8B0B7696 
 789      42B0A88F 
 790 05bf 0914632A 		.ascii	"\011\024c*(!<\206\345\314\037/\372\"\350\015Q\242\213"
 790      28213C86 
 790      E5CC1F2F 
 790      FA22E80D 
 790      51A28B
 791 05d2 FA440554 		.ascii	"\372D\005T\216=\253\267\206\"-\345\244\305\0041\273"
 791      8E3DABB7 
 791      86222DE5 
 791      A4C50431 
 791      BB
 792 05e3 A75AA64C 		.ascii	"\247Z\246L\301D\001\314&\302q,O\335@\305\303 \242N\035"
 792      C14401CC 
 792      26C2712C 
 792      4FDD40C5 
 792      C320A24E 
 793 05f8 54A60276 		.ascii	"T\246\002v\036m\037\010:N\233t%\237\022\377=_\311\036"
 793      1E6D1F08 
 793      3A4E9B74 
 793      259F12FF 
 793      3D5FC91E 
ARM GAS  C:\Users\angio\AppData\Local\Temp\ccewyIpz.s 			page 33


 794 060c 7EADDDB5 		.ascii	"~\255\335\265\265\346P\2026sA\345\204C\267\000/C\215"
 794      B5E65082 
 794      367341E5 
 794      8443B700 
 794      2F438D
 795 061f 85C9DB7A 		.ascii	"\205\311\333ze\370\025y\225\004*X\035\266\020\036\305"
 795      65F81579 
 795      95042A58 
 795      1DB6101E 
 795      C5
 796 0630 D827FA4B 		.ascii	"\330'\372K\202\356\201-:\371Vu\275\370\362\211Gf\035"
 796      82EE812D 
 796      3AF95675 
 796      BDF8F289 
 796      47661D
 797 0643 30A9CBDF 		.ascii	"0\251\313\337\026Pgd-j*\356\266\204\022W\305\305mW\305"
 797      16506764 
 797      2D6A2AEE 
 797      B6841257 
 797      C5C56D57 
 798 0658 99B8B625 		.ascii	"\231\270\266%\354u5<\342\015\017\226\266\223\300\016"
 798      EC75353C 
 798      E20D0F96 
 798      B693C00E 
 799 0668 266D17E1 		.ascii	"&m\027\3411\374Mq`\353\356\240\177\016\273tm\273\003"
 799      31FC4D71 
 799      60EBEEA0 
 799      7F0EBB74 
 799      6DBB03
 800 067b D4E1EC81 		.ascii	"\324\341\354\201y\370\337\217!\024\365?8\365g*u\004"
 800      79F8DF8F 
 800      2114F53F 
 800      38F5672A 
 800      7504
 801 068d A7565821 		.ascii	"\247VX!\307\357M4\277\302]C\240\232q\357!<\210qo8\330"
 801      C7EF4D34 
 801      BFC25D43 
 801      A09A71EF 
 801      213C8871 
 802 06a4 752668DB 		.ascii	"u&h\333{t\356\275\354\037!\215K\020,)\236\314u\213]"
 802      7B74EEBD 
 802      EC1F218D 
 802      4B102C29 
 802      9ECC758B 
 803 06b9 519982E4 		.ascii	"Q\231\202\344t{r]\177\213\312\214Ggvv\306\337\337s\257"
 803      747B725D 
 803      7F8BCA8C 
 803      47677676 
 803      C6DFDF73 
 804 06ce 734544C7 		.ascii	"sED\307x\362R\323\327\306\344\2703\326\271<\321N\363"
 804      78F252D3 
 804      D7C6E4B8 
 804      33D6B93C 
 804      D14EF3
 805 06e1 DBCB56DA 		.ascii	"\333\313V\332\223\342\026\013\263\003\236\350E\216\370"
 805      93E2160B 
 805      B3039EE8 
ARM GAS  C:\Users\angio\AppData\Local\Temp\ccewyIpz.s 			page 34


 805      458EF8
 806 06f0 DF2E5914 		.ascii	"\337.Y\024\273X\020\235i)\0361)/\325\225\220\364FrR"
 806      BB58109D 
 806      69291E31 
 806      292FD595 
 806      90F44672 
 807 0705 5A7A6AFA 		.ascii	"Zzj\372\212\334<9\335\235\274\336\355Y\233\223\235\342"
 807      8ADC3C39 
 807      DD9DBCDE 
 807      ED599B93 
 807      9DE2
 808 0717 747D9897 		.ascii	"t}\230\227\343\362$/\377 j\305\007\357-t\274\035\277"
 808      E3F2242F 
 808      FF206AC5 
 808      07EF2D74 
 808      BC1DBF
 809 072a 387EF95B 		.ascii	"8~\371[Q\313V&\275\373\326\037\023\342\205\237\314d"
 809      51CB5626 
 809      BDFBD61F 
 809      13E2859F 
 809      CC64
 810 073c 13667125 		.ascii	"\023fq%+\\\177\315se9]\026\356g\004\222\307\235\233"
 810      2B5C7FCD 
 810      7365395D 
 810      16EE6704 
 810      92C79D9B 
 811 0750 92EBFABD 		.ascii	"\222\353\372\275{}Vx \310\211\376\3504\301\230\223\353"
 811      7B7D5678 
 811      20C889FE 
 811      E834C198 
 811      93EB
 812 0762 7166668B 		.ascii	"qff\213\331y\036\227\230\341JYm\312r\347\246y\334\353"
 812      D9791E97 
 812      98E14A59 
 812      6DCA72E7 
 812      A679DCEB 
 813 0776 71CCCACA 		.ascii	"q\314\312\312\313\310\370\263\363\215d'\023\227\243"
 813      CBC8F8B3 
 813      F38D6427 
 813      1397A3
 814 0785 8ACB75BB 		.ascii	"\212\313u\2733r\222\327d\345\331\371\314\216\025\261"
 814      337292D7 
 814      64E5D9F9 
 814      CC8E15B1 
 815 0795 BB32535D 		.ascii	"\2732S]\262\354\222\223\343b\243\027\332\035\261\216"
 815      B2EC9293 
 815      E362A317 
 815      DA1DB18E 
 816 07a5 B8E8B8D8 		.ascii	"\270\350\270\330d\\\211\302$\256(WJjzrz\2263#Ov%#_z"
 816      645C89C2 
 816      24AE2857 
 816      4A6A7A72 
 816      7A963323 
 817 07bf D61A64F6 		.ascii	"\326\032d\366\213z\327\265:\327?\375]\212sm\230"
 817      8B7AD7B5 
 817      3AD73FFD 
 817      5D8A736D 
ARM GAS  C:\Users\angio\AppData\Local\Temp\ccewyIpz.s 			page 35


 817      98
 818 07d0 3A5D9EBE 		.ascii	":]\236\276&-\327?_\352qg\345\232\325\371\312lsz\316"
 818      262DD73F 
 818      5FEA7167 
 818      E59AD5F9 
 818      CA6C737A 
 819 07e5 0AB62FD9 		.ascii	"\012\266/\331\260\032+\224\363?D\027\373\001"
 819      B01A2B94 
 819      F33F4417 
 819      FB01
 820              		.text
 821              		.section	.gnu.lto_.symtab.1f2b5d47,"e",%progbits
 822 0000 736F6C76 		.ascii	"solveCube\000"
 822      65437562 
 822      6500
 823 000a 00       		.ascii	"\000"
 824 000b 00       		.ascii	"\000"
 825 000c 00       		.ascii	"\000"
 826 000d 00000000 		.ascii	"\000\000\000\000\000\000\000\000"
 826      00000000 
 827 0015 D0000000 		.ascii	"\320\000\000\000"
 828 0019 726F7461 		.ascii	"rotateDown\000"
 828      7465446F 
 828      776E00
 829 0024 00       		.ascii	"\000"
 830 0025 02       		.ascii	"\002"
 831 0026 00       		.ascii	"\000"
 832 0027 00000000 		.ascii	"\000\000\000\000\000\000\000\000"
 832      00000000 
 833 002f D5000000 		.ascii	"\325\000\000\000"
 834 0033 726F7461 		.ascii	"rotateLeft\000"
 834      74654C65 
 834      667400
 835 003e 00       		.ascii	"\000"
 836 003f 02       		.ascii	"\002"
 837 0040 00       		.ascii	"\000"
 838 0041 00000000 		.ascii	"\000\000\000\000\000\000\000\000"
 838      00000000 
 839 0049 E4000000 		.ascii	"\344\000\000\000"
 840 004d 726F7461 		.ascii	"rotateBack\000"
 840      74654261 
 840      636B00
 841 0058 00       		.ascii	"\000"
 842 0059 02       		.ascii	"\002"
 843 005a 00       		.ascii	"\000"
 844 005b 00000000 		.ascii	"\000\000\000\000\000\000\000\000"
 844      00000000 
 845 0063 E6000000 		.ascii	"\346\000\000\000"
 846 0067 726F7461 		.ascii	"rotateRight\000"
 846      74655269 
 846      67687400 
 847 0073 00       		.ascii	"\000"
 848 0074 02       		.ascii	"\002"
 849 0075 00       		.ascii	"\000"
 850 0076 00000000 		.ascii	"\000\000\000\000\000\000\000\000"
 850      00000000 
 851 007e E8000000 		.ascii	"\350\000\000\000"
ARM GAS  C:\Users\angio\AppData\Local\Temp\ccewyIpz.s 			page 36


 852 0082 726F7461 		.ascii	"rotateFront\000"
 852      74654672 
 852      6F6E7400 
 853 008e 00       		.ascii	"\000"
 854 008f 02       		.ascii	"\002"
 855 0090 00       		.ascii	"\000"
 856 0091 00000000 		.ascii	"\000\000\000\000\000\000\000\000"
 856      00000000 
 857 0099 EA000000 		.ascii	"\352\000\000\000"
 858 009d 726F7461 		.ascii	"rotateUp\000"
 858      74655570 
 858      00
 859 00a6 00       		.ascii	"\000"
 860 00a7 02       		.ascii	"\002"
 861 00a8 00       		.ascii	"\000"
 862 00a9 00000000 		.ascii	"\000\000\000\000\000\000\000\000"
 862      00000000 
 863 00b1 EC000000 		.ascii	"\354\000\000\000"
 864 00b5 6973536F 		.ascii	"isSolved\000"
 864      6C766564 
 864      00
 865 00be 00       		.ascii	"\000"
 866 00bf 02       		.ascii	"\002"
 867 00c0 00       		.ascii	"\000"
 868 00c1 00000000 		.ascii	"\000\000\000\000\000\000\000\000"
 868      00000000 
 869 00c9 F2000000 		.ascii	"\362\000\000\000"
 870              		.text
 871              		.section	.gnu.lto_.ext_symtab.1f2b5d47,"e",%progbits
 872 0000 01       		.ascii	"\001"
 873 0001 01       		.ascii	"\001"
 874 0002 00       		.ascii	"\000"
 875 0003 01       		.ascii	"\001"
 876 0004 00       		.ascii	"\000"
 877 0005 01       		.ascii	"\001"
 878 0006 00       		.ascii	"\000"
 879 0007 01       		.ascii	"\001"
 880 0008 00       		.ascii	"\000"
 881 0009 01       		.ascii	"\001"
 882 000a 00       		.ascii	"\000"
 883 000b 01       		.ascii	"\001"
 884 000c 00       		.ascii	"\000"
 885 000d 01       		.ascii	"\001"
 886 000e 00       		.ascii	"\000"
 887 000f 01       		.ascii	"\001"
 888 0010 00       		.ascii	"\000"
 889              		.text
 890              		.section	.gnu.lto_.opts,"e",%progbits
 891 0000 272D666E 		.ascii	"'-fno-openmp' '-fno-openacc' '-fno-pie' '-fcf-prote"
 891      6F2D6F70 
 891      656E6D70 
 891      2720272D 
 891      666E6F2D 
 892 0033 6374696F 		.ascii	"ction=none' '-g' '-mcpu=cortex-m4' '-mthumb' '-mflo"
 892      6E3D6E6F 
 892      6E652720 
 892      272D6727 
ARM GAS  C:\Users\angio\AppData\Local\Temp\ccewyIpz.s 			page 37


 892      20272D6D 
 893 0066 61742D61 		.ascii	"at-abi=soft' '-mlibarch=armv7e-m' '-march=armv7e-m'"
 893      62693D73 
 893      6F667427 
 893      20272D6D 
 893      6C696261 
 894 0099 20272D4F 		.ascii	" '-O0' '-fomit-frame-pointer' '-falign-functions=16"
 894      30272027 
 894      2D666F6D 
 894      69742D66 
 894      72616D65 
 895 00cc 2720272D 		.ascii	"' '-ffunction-sections' '-fdata-sections' '-fno-com"
 895      6666756E 
 895      6374696F 
 895      6E2D7365 
 895      6374696F 
 896 00ff 6D6F6E27 		.ascii	"mon' '-flto' '-Xassembler' '-alms=./build/lst/solve"
 896      20272D66 
 896      6C746F27 
 896      20272D58 
 896      61737365 
 897 0132 722E6C73 		.ascii	"r.lst'\000"
 897      742700
 898              		.text
 899              		.comm	__gnu_lto_slim,1,1
 900              		.ident	"GCC: (GNU Arm Embedded Toolchain 10.3-2021.10) 10.3.1 20210824 (release)"
ARM GAS  C:\Users\angio\AppData\Local\Temp\ccewyIpz.s 			page 38


DEFINED SYMBOLS
                            *ABS*:00000000 solver.c
C:\Users\angio\AppData\Local\Temp\ccewyIpz.s:20     .gnu.debuglto_.debug_info:00000000 solver.c.52498507
                            *COM*:00000001 __gnu_lto_slim

NO UNDEFINED SYMBOLS
